============================================================
  Generated by:           Genus(TM) Synthesis Solution 21.15-s080_1
  Generated on:           Jan 21 2025  05:10:15 pm
  Module:                 lp_riscv_top
  Operating conditions:   ss_typical_max_0p90v_125c (balanced_tree)
  Wireload mode:          top
  Area mode:              timing library
============================================================


Path 1: MET (433 ps) Setup Check with Pin lp_riscv/i_riscv_core_if_stage_i_prefetch_32.prefetch_buffer_i_fifo_i_rdata_Q_reg[0][25]/CK->D
          Group: in2reg
     Startpoint: (F) PAD_FETCH_EN
          Clock: (R) CLK
       Endpoint: (R) lp_riscv/i_riscv_core_if_stage_i_prefetch_32.prefetch_buffer_i_fifo_i_rdata_Q_reg[0][25]/D
          Clock: (R) CLK

                     Capture       Launch     
        Clock Edge:+    5000            0     
        Drv Adjust:+       0           88     
       Src Latency:+       0            0     
       Net Latency:+       0 (I)        0 (I) 
           Arrival:=    5000           88     
                                              
             Setup:-     124                  
       Uncertainty:-     125                  
     Required Time:=    4752                  
      Launch Clock:-      88                  
       Input Delay:-    1250                  
         Data Path:-    2980                  
             Slack:=     433                  

Exceptions/Constraints:
  input_delay             1250            lp_riscv_top.sdc_line_14_15_1 

#---------------------------------------------------------------------------------------------------------------------------------------------------------------
#                                       Timing Point                                         Flags    Arc   Edge        Cell         Fanout Trans Delay Arrival 
#                                                                                                                                            (ps)  (ps)   (ps)  
#---------------------------------------------------------------------------------------------------------------------------------------------------------------
  PAD_FETCH_EN                                                                               -       -      F     (arrival)               1   532     0    1338 
  i_ioring/i_FETCH_EN/PAD                                                                    -       -      F     PDDW1216SCDG            1     -     0    1338 
  i_ioring/i_FETCH_EN/C                                                                      (P)     PAD->C F     PDDW1216SCDG            6    40   852    2190 
  lp_riscv/g82312/Y                                                                          -       A0->Y  R     OAI2XB1_X1M_A9TL        1    93    81    2271 
  lp_riscv/g81250/Y                                                                          -       A->Y   F     NAND2XB_X1M_A9TL        5   105    92    2363 
  lp_riscv/g80931/Y                                                                          -       A0->Y  R     OAI2XB1_X0P5M_A9TL      1   210   172    2534 
  lp_riscv/g81803/Y                                                                          -       F->Y   R     OR6_X2M_A9TL            4    81   188    2722 
  lp_riscv/g131333/Y                                                                         -       A->Y   F     INV_X0P5B_A9TH          1   166   151    2874 
  lp_riscv/g81784/Y                                                                          -       B->Y   R     NAND2_X1P4M_A9TL        3   114   126    2999 
  lp_riscv/g127762/Y                                                                         -       A->Y   F     NOR2XB_X2M_A9TL         7    97    87    3087 
  lp_riscv/g126496/Y                                                                         -       A->Y   R     NAND2_X1A_A9TL          2    68    68    3154 
  lp_riscv/g131100/Y                                                                         -       BN->Y  R     NAND2XB_X1M_A9TL        2    88   121    3276 
  lp_riscv/g131095/Y                                                                         -       A1N->Y R     AOI2XB1_X1M_A9TL        4   228   236    3511 
  lp_riscv/g125275/Y                                                                         -       A->Y   F     NAND2_X2M_A9TR          8   176   176    3688 
  lp_riscv/g124937/Y                                                                         -       A->Y   R     NAND2_X2B_A9TR         10   207   199    3887 
  lp_riscv/g124606/Y                                                                         -       A->Y   R     AND3_X3M_A9TR          18   138   244    4131 
  lp_riscv/g123772/Y                                                                         -       A1->Y  F     AOI22_X0P7M_A9TL        1    94   102    4233 
  lp_riscv/g123555/Y                                                                         -       C0->Y  R     OAI221_X1M_A9TL         1   162    85    4318 
  lp_riscv/i_riscv_core_if_stage_i_prefetch_32.prefetch_buffer_i_fifo_i_rdata_Q_reg[0][25]/D -       -      R     DFFRPQN_X1M_A9TL        1     -     0    4318 
#---------------------------------------------------------------------------------------------------------------------------------------------------------------

(P) : Instance is preserved

