============================================================
  Generated by:           Genus(TM) Synthesis Solution 21.15-s080_1
  Generated on:           Jan 21 2025  05:10:15 pm
  Module:                 lp_riscv_top
  Operating conditions:   ss_typical_max_0p90v_125c (balanced_tree)
  Wireload mode:          top
  Area mode:              timing library
============================================================


Path 1: MET (945 ps) Late External Delay Assertion at pin PAD_DONE_FLAG
          Group: reg2out
     Startpoint: (R) lp_riscv/done_flag_reg/CK
          Clock: (R) CLK
       Endpoint: (R) PAD_DONE_FLAG
          Clock: (R) CLK

                     Capture       Launch     
        Clock Edge:+    5000            0     
       Src Latency:+       0            0     
       Net Latency:+       0 (I)        0 (I) 
           Arrival:=    5000            0     
                                              
      Output Delay:-    1250                  
       Uncertainty:-     125                  
     Required Time:=    3625                  
      Launch Clock:-       0                  
         Data Path:-    2680                  
             Slack:=     945                  

Exceptions/Constraints:
  output_delay             1250            lp_riscv_top.sdc_line_16 

#-------------------------------------------------------------------------------------------
#       Timing Point        Flags    Arc   Edge      Cell        Fanout Trans Delay Arrival 
#                                                                        (ps)  (ps)   (ps)  
#-------------------------------------------------------------------------------------------
  lp_riscv/done_flag_reg/CK -       -      R     (arrival)           25     0     0       0 
  lp_riscv/done_flag_reg/Q  -       CK->Q  R     DFFRPQ_X2M_A9TL      1   298   424     424 
  i_ioring/i_DONE_FLAG/PAD  (P)     I->PAD R     PDUW1216SCDG         1   593  2257    2680 
  PAD_DONE_FLAG             -       -      R     (port)               -     -     0    2680 
#-------------------------------------------------------------------------------------------

(P) : Instance is preserved

