============================================================
  Generated by:           Genus(TM) Synthesis Solution 21.15-s080_1
  Generated on:           Jan 21 2025  05:10:15 pm
  Module:                 lp_riscv_top
  Operating conditions:   ss_typical_max_0p90v_125c (balanced_tree)
  Wireload mode:          top
  Area mode:              timing library
============================================================


Path 1: MET (1 ps) Setup Check with Pin lp_riscv/i_riscv_core_id_stage_i_mult_operand_b_ex_o_reg[30]/CK->D
          Group: reg2reg
     Startpoint: (R) lp_riscv/i_riscv_core_id_stage_i_alu_operator_ex_o_reg[2]/CK
          Clock: (R) CLK
       Endpoint: (R) lp_riscv/i_riscv_core_id_stage_i_mult_operand_b_ex_o_reg[30]/D
          Clock: (R) CLK

                     Capture       Launch     
        Clock Edge:+    5000            0     
       Src Latency:+       0            0     
       Net Latency:+       0 (I)        0 (I) 
           Arrival:=    5000            0     
                                              
             Setup:-      98                  
       Uncertainty:-     125                  
     Required Time:=    4777                  
      Launch Clock:-       0                  
         Data Path:-    4776                  
             Slack:=       1                  

#-----------------------------------------------------------------------------------------------------------------------------------
#                         Timing Point                           Flags    Arc   Edge        Cell         Fanout Trans Delay Arrival 
#                                                                                                                (ps)  (ps)   (ps)  
#-----------------------------------------------------------------------------------------------------------------------------------
  lp_riscv/i_riscv_core_id_stage_i_alu_operator_ex_o_reg[2]/CK   -       -      R     (arrival)              52     0     0       0 
  lp_riscv/i_riscv_core_id_stage_i_alu_operator_ex_o_reg[2]/Q    -       CK->Q  R     DFFRPQ_X4M_A9TL         4    54   278     278 
  lp_riscv/fopt132055/Y                                          -       A->Y   F     INV_X2M_A9TL            2    40    43     321 
  lp_riscv/fopt132054/Y                                          -       A->Y   R     INV_X3B_A9TL            2    46    43     364 
  lp_riscv/g81238/Y                                              -       A->Y   F     NAND2_X2A_A9TL          5    90    73     437 
  lp_riscv/g80943/Y                                              -       A->Y   R     NOR2XB_X2M_A9TL         1    88    82     519 
  lp_riscv/g80404/Y                                              -       A->Y   F     NAND3XXB_X4M_A9TL       1    99    77     596 
  lp_riscv/fopt33/Y                                              -       A->Y   R     INV_X9M_A9TL           19    77    80     677 
  lp_riscv/fopt131534/Y                                          -       A->Y   F     INV_X0P7M_A9TL          4    77    76     752 
  lp_riscv/g79971__6260/Y                                        -       A0->Y  R     OAI2XB1_X1M_A9TL        1   134   117     869 
  lp_riscv/i_riscv_core_ex_stage_i_alu_i_add_162_45_g1425/Y      -       A->Y   F     INV_X2M_A9TL            2    47    50     919 
  lp_riscv/i_riscv_core_ex_stage_i_alu_i_add_162_45_g1367/Y      -       BN->Y  F     NAND2XB_X3M_A9TL        2    69   112    1031 
  lp_riscv/i_riscv_core_ex_stage_i_alu_i_add_162_45_g1341/Y      -       A->Y   R     INV_X2M_A9TL            1    49    53    1084 
  lp_riscv/i_riscv_core_ex_stage_i_alu_i_add_162_45_g1177/Y      -       A0->Y  F     AOI21_X4M_A9TL          3    57    58    1142 
  lp_riscv/i_riscv_core_ex_stage_i_alu_i_add_162_45_g1101/Y      -       A1->Y  R     OAI21_X3M_A9TL          1    83    92    1234 
  lp_riscv/i_riscv_core_ex_stage_i_alu_i_add_162_45_g1077/Y      -       BN->Y  R     NAND2XB_X8M_A9TL        8    72   120    1354 
  lp_riscv/i_riscv_core_ex_stage_i_alu_i_add_162_45_g1043/Y      -       A0->Y  F     AOI2XB1_X2M_A9TL        1    69    69    1424 
  lp_riscv/i_riscv_core_ex_stage_i_alu_i_add_162_45_g1017/Y      -       B0->Y  R     OAI2XB1_X4M_A9TL        1    84    60    1484 
  lp_riscv/g132338/Y                                             -       B->Y   R     XNOR2_X3M_A9TL          3   169   133    1616 
  lp_riscv/i_riscv_core_ex_stage_i_alu_i_add_176_44_g1230/Y      -       A->Y   F     NOR2_X4A_A9TL           4    62    69    1686 
  lp_riscv/i_riscv_core_ex_stage_i_alu_i_add_176_44_g1120/Y      -       B->Y   R     NOR2_X2A_A9TL           2    72    78    1764 
  lp_riscv/i_riscv_core_ex_stage_i_alu_i_add_176_44_g1104/Y      -       A->Y   F     INV_X1M_A9TL            1    40    47    1810 
  lp_riscv/i_riscv_core_ex_stage_i_alu_i_add_176_44_g1050/Y      -       A0->Y  R     OAI21_X2M_A9TL          1    86    78    1888 
  lp_riscv/i_riscv_core_ex_stage_i_alu_i_add_176_44_g1028/Y      -       BN->Y  R     NAND2XB_X6M_A9TL        8    83   127    2015 
  lp_riscv/i_riscv_core_ex_stage_i_alu_i_add_176_44_g1015/Y      -       A->Y   F     NAND2XB_X1M_A9TL        1    59    59    2075 
  lp_riscv/i_riscv_core_ex_stage_i_alu_i_add_176_44_g956/Y       -       A->Y   R     NAND3XXB_X2M_A9TL       1    92    67    2142 
  lp_riscv/i_riscv_core_ex_stage_i_alu_i_add_176_44_g935/Y       -       S0->Y  R     MXIT2_X1M_A9TL          1   126    94    2236 
  lp_riscv/g80575/Y                                              -       A->Y   F     NAND2_X2A_A9TL          1    89    76    2312 
  lp_riscv/g81864/Y                                              -       A->Y   R     NAND2_X4B_A9TL         12    95    78    2390 
  lp_riscv/i_riscv_core_ex_stage_i_alu_i_srl_294_63_g2326/Y      -       A->Y   F     NAND2_X1A_A9TL          1    78    76    2466 
  lp_riscv/i_riscv_core_ex_stage_i_alu_i_srl_294_63_g2296/Y      -       B->Y   R     NAND2_X2A_A9TL          2    49    59    2525 
  lp_riscv/i_riscv_core_ex_stage_i_alu_i_srl_294_63_g2229/Y      -       A->Y   F     MXIT2_X1M_A9TL          2    86    75    2600 
  lp_riscv/i_riscv_core_ex_stage_i_alu_i_srl_294_63_g2178/Y      -       A->Y   R     MXIT2_X1M_A9TL          2   160   115    2715 
  lp_riscv/i_riscv_core_ex_stage_i_alu_i_srl_294_63_g2145/Y      -       B->Y   F     MXIT2_X1M_A9TL          2    84    96    2812 
  lp_riscv/i_riscv_core_ex_stage_i_alu_i_srl_294_63_g2114/Y      -       A->Y   R     MXIT2_X1M_A9TL          1   131   100    2912 
  lp_riscv/g124067/Y                                             -       A0->Y  F     AOI21_X2M_A9TL          1    76    83    2995 
  lp_riscv/g122714/Y                                             -       A->Y   R     NAND4XXXB_X4M_A9TL      3   138    92    3087 
  lp_riscv/g122047/Y                                             -       B->Y   F     MXIT2_X3M_A9TL          2    61    72    3159 
  lp_riscv/g121671/Y                                             -       A0->Y  R     OAI22_X1P4M_A9TL        1   114    98    3256 
  lp_riscv/g121476/Y                                             -       B->Y   F     NAND2_X1B_A9TL          1    60    72    3328 
  lp_riscv/g121436/Y                                             -       B0->Y  R     OAI31_X2M_A9TL          1   102    60    3388 
  lp_riscv/g121200/Y                                             -       B0->Y  F     AOI32_X1M_A9TL          1   109    70    3458 
  lp_riscv/g121117/Y                                             -       B0->Y  R     OAI21_X1P4M_A9TL        1    83    73    3531 
  lp_riscv/g121080/Y                                             -       B->Y   F     MXIT2_X1M_A9TL          1    63    65    3596 
  lp_riscv/g121069/Y                                             -       B->Y   R     MXIT2_X1M_A9TL          1   170   112    3708 
  lp_riscv/g121068/Y                                             -       A->Y   R     AND2_X6M_A9TL          27    97   159    3868 
  lp_riscv/g121036/Y                                             -       B0->Y  F     AOI21_X1M_A9TL          1    70    61    3929 
  lp_riscv/g121010/Y                                             -       A->Y   R     MXIT2_X1M_A9TL          1   107    87    4016 
  lp_riscv/g120980/Y                                             -       A->Y   F     NAND2_X1P4M_A9TL        1    92    67    4083 
  lp_riscv/g120964/Y                                             -       A->Y   R     NAND4XXXB_X4M_A9TL      3   109    81    4165 
  lp_riscv/g120120/Y                                             -       A1->Y  F     AOI21_X1M_A9TL          1    91    89    4254 
  lp_riscv/g119112/Y                                             -       C0->Y  R     OAI211_X2M_A9TL         2   124    80    4333 
  lp_riscv/g118828/Y                                             -       A->Y   F     NAND2XB_X1M_A9TL        1    71    70    4404 
  lp_riscv/g118485/Y                                             -       B->Y   R     NAND3XXB_X2M_A9TL       1    96    83    4486 
  lp_riscv/g118378/Y                                             -       A->Y   F     NOR2XB_X3M_A9TL         4    60    61    4547 
  lp_riscv/g118107/Y                                             -       A0->Y  R     AOI2XB1_X1M_A9TL        1   126   109    4656 
  lp_riscv/g118067/Y                                             -       B0N->Y F     AO21B_X2M_A9TL          1    54    54    4710 
  lp_riscv/g118032/Y                                             -       A->Y   R     NAND2_X1P4M_A9TL        3    81    66    4776 
  lp_riscv/i_riscv_core_id_stage_i_mult_operand_b_ex_o_reg[30]/D -       -      R     DFFRPQ_X1M_A9TL         3     -     0    4776 
#-----------------------------------------------------------------------------------------------------------------------------------

