============================================================
  Generated by:           Genus(TM) Synthesis Solution 21.15-s080_1
  Generated on:           Jan 21 2025  05:10:20 pm
  Module:                 lp_riscv_top
  Operating conditions:   ss_typical_max_0p90v_125c (balanced_tree)
  Wireload mode:          top
  Area mode:              timing library
============================================================


Summary
-------
-----------------------------------------------------------------------------------------
                   Category                    Number     %    Average Toggle Saving %   
-----------------------------------------------------------------------------------------
 Total Clock Gating Instances                      57  100.00                         -  
-----------------------------------------------------------------------------------------
 RC Clock Gating Instances                         57  100.00                     93.24  
 Non-RC Clock Gating Instances                      0    0.00                      0.00  
-----------------------------------------------------------------------------------------
 RC Gated Flip-flops                             2050   93.69                     89.23  
 Non-RC Gated Flip-flops                            0    0.00                      0.00  
-----------------------------------------------------------------------------------------
 Total Gated Flip-flops                          2050   93.69                         -  
 Total Ungated Flip-flops                         138    6.31                         -  
 Enable signal is constant                          7    5.07                         -  
 Driven by a timing_model/Unresolved instance       1    0.72                         -  
 Register bank width too small                    130   94.20                         -  
-----------------------------------------------------------------------------------------
 Total Flip-flops                                2188  100.00                         -  
-----------------------------------------------------------------------------------------
Multibit Flip-flop Summary
--------------------------
-------------------------------------------------------
Width     Number     Bits     RC Gated     Ungated     
-------------------------------------------------------
1-bit     2188       2188     2050 (93.69%) 138 (6.31%) 
--------------------------------------------------------


