============================================================
  Generated by:           Genus(TM) Synthesis Solution 21.15-s080_1
  Generated on:           Jan 21 2025  05:10:24 pm
  Module:                 lp_riscv_top
  Operating conditions:   ss_typical_max_0p90v_125c (balanced_tree)
  Wireload mode:          top
  Area mode:              timing library
============================================================

Timing
--------

Clock Period 
-------------
CLK   5000.0 


        Cost          Critical         Violating 
       Group         Path Slack  TNS     Paths   
-------------------------------------------------
cg_enable_group_CLK       707.7   0.0          0 
CLK                      2236.6   0.0          0 
default                No paths   0.0            
in2out                 No paths   0.0            
in2reg                    433.1   0.0          0 
reg2out                   944.6   0.0          0 
reg2reg                     0.8   0.0          0 
-------------------------------------------------
Total                             0.0          0 

Instance Count
--------------
Leaf Instance Count             24801 
Physical Instance count             0 
Sequential Instance Count        2248 
Combinational Instance Count    22553 
Hierarchical Instance Count        75 

Area
----
Cell Area                          1180003.968
Physical Cell Area                 0.000
Total Cell Area (Cell+Physical)    1180003.968
Net Area                           0.000
Total Area (Cell+Physical+Net)     1180003.968

Max Fanout                         332 (lp_riscv/RC_CG_HIER_INST0/test)
Min Fanout                         0 (rst_n_to_core)
Average Fanout                     2.5
Terms to net ratio                 3.5718
Terms to instance ratio            3.7109
Runtime                            499.0356559999998 seconds
Elapsed Runtime                    548 seconds
Genus peak memory usage            6894.27 
Innovus peak memory usage          no_value 
Hostname                           ip-10-70-140-38.il-central-1.compute.internal
