============================================================
  Generated by:           Genus(TM) Synthesis Solution 21.15-s080_1
  Generated on:           Jan 21 2025  05:10:16 pm
  Module:                 lp_riscv_top
  Operating conditions:   ss_typical_max_0p90v_125c (balanced_tree)
  Wireload mode:          top
  Area mode:              timing library
============================================================

 
  Hierarchy Report Format : 
 
    level instance ( module ) <status>
 
    status :    preserve_<value> -- indicating preserve hierachy or inherited_preserve value
           :    blackbox --  indicating  unresolved instance
 
==================================================================

 0 lp_riscv_top
  1 i_ioring ( ioring ) preserve_true
     2 i_PCORNER_NE ( PCORNER ) preserve_true blackbox
     2 i_PCORNER_NW ( PCORNER ) preserve_true blackbox
     2 i_PCORNER_SE ( PCORNER ) preserve_true blackbox
     2 i_PCORNER_SW ( PCORNER ) preserve_true blackbox
     2 i_TIE_HIGH ( hs_tiehigh ) preserve_true
     2 i_TIE_LOW ( hs_tielow ) preserve_true
  1 lp_riscv ( lp_riscv_ADDR_W32_DATA_W32_INT_W64_N_EXT_PERF_COUNTERS16 ) 
     2 RC_CG_HIER_INST0 ( RC_CG_MOD ) 
     2 RC_CG_HIER_INST1 ( RC_CG_MOD_1 ) 
     2 RC_CG_HIER_INST2 ( RC_CG_MOD_2 ) 
     2 RC_CG_HIER_INST3 ( RC_CG_MOD_3 ) 
     2 RC_CG_HIER_INST4 ( RC_CG_MOD_4 ) 
     2 RC_CG_HIER_INST5 ( RC_CG_MOD_5 ) 
     2 RC_CG_HIER_INST6 ( RC_CG_MOD_6 ) 
     2 RC_CG_HIER_INST7 ( RC_CG_MOD_7 ) 
     2 RC_CG_HIER_INST8 ( RC_CG_MOD_8 ) 
     2 RC_CG_HIER_INST9 ( RC_CG_MOD_9 ) 
     2 RC_CG_HIER_INST10 ( RC_CG_MOD_10 ) 
     2 RC_CG_HIER_INST11 ( RC_CG_MOD_11 ) 
     2 RC_CG_HIER_INST13 ( RC_CG_MOD_13 ) 
     2 RC_CG_HIER_INST14 ( RC_CG_MOD_14 ) 
     2 RC_CG_HIER_INST15 ( RC_CG_MOD_15 ) 
     2 RC_CG_HIER_INST16 ( RC_CG_MOD_16 ) 
     2 RC_CG_HIER_INST17 ( RC_CG_MOD_17 ) 
     2 RC_CG_HIER_INST18 ( RC_CG_MOD_18 ) 
     2 RC_CG_HIER_INST19 ( RC_CG_MOD_19 ) 
     2 RC_CG_HIER_INST20 ( RC_CG_MOD_20 ) 
     2 RC_CG_HIER_INST21 ( RC_CG_MOD_21 ) 
     2 RC_CG_HIER_INST22 ( RC_CG_MOD_22 ) 
     2 RC_CG_HIER_INST23 ( RC_CG_MOD_23 ) 
     2 RC_CG_HIER_INST24 ( RC_CG_MOD_24 ) 
     2 RC_CG_HIER_INST25 ( RC_CG_MOD_25 ) 
     2 RC_CG_HIER_INST26 ( RC_CG_MOD_26 ) 
     2 RC_CG_HIER_INST27 ( RC_CG_MOD_27 ) 
     2 RC_CG_HIER_INST28 ( RC_CG_MOD_28 ) 
     2 RC_CG_HIER_INST29 ( RC_CG_MOD_29 ) 
     2 RC_CG_HIER_INST30 ( RC_CG_MOD_30 ) 
     2 RC_CG_HIER_INST31 ( RC_CG_MOD_31 ) 
     2 RC_CG_HIER_INST32 ( RC_CG_MOD_32 ) 
     2 RC_CG_HIER_INST33 ( RC_CG_MOD_33 ) 
     2 RC_CG_HIER_INST34 ( RC_CG_MOD_34 ) 
     2 RC_CG_HIER_INST35 ( RC_CG_MOD_35 ) 
     2 RC_CG_HIER_INST36 ( RC_CG_MOD_36 ) 
     2 RC_CG_HIER_INST37 ( RC_CG_MOD_37 ) 
     2 RC_CG_HIER_INST38 ( RC_CG_MOD_38 ) 
     2 RC_CG_HIER_INST39 ( RC_CG_MOD_39 ) 
     2 RC_CG_HIER_INST40 ( RC_CG_MOD_40 ) 
     2 RC_CG_HIER_INST41 ( RC_CG_MOD_41 ) 
     2 RC_CG_HIER_INST42 ( RC_CG_MOD_42 ) 
     2 RC_CG_HIER_INST43 ( RC_CG_MOD_43 ) 
     2 RC_CG_HIER_INST44 ( RC_CG_MOD_44 ) 
     2 RC_CG_HIER_INST45 ( RC_CG_MOD_45 ) 
     2 RC_CG_HIER_INST46 ( RC_CG_MOD_46 ) 
     2 RC_CG_HIER_INST47 ( RC_CG_MOD_47 ) 
     2 RC_CG_HIER_INST48 ( RC_CG_MOD_48 ) 
     2 RC_CG_HIER_INST49 ( RC_CG_MOD_49 ) 
     2 RC_CG_HIER_INST50 ( RC_CG_MOD_50 ) 
     2 RC_CG_HIER_INST51 ( RC_CG_MOD_51 ) 
     2 RC_CG_HIER_INST52 ( RC_CG_MOD_52 ) 
     2 RC_CG_HIER_INST53 ( RC_CG_MOD_53 ) 
     2 RC_CG_HIER_INST54 ( RC_CG_MOD_54 ) 
     2 RC_CG_HIER_INST55 ( RC_CG_MOD_55 ) 
     2 RC_CG_HIER_INST57 ( RC_CG_MOD_57 ) 
     2 dccm_ram_wrapper_dccm_ram_0 ( sram_sp_8192x32_m16_be_wrap ) 
        3 sram_sp_8192x32 ( sp_hde_8192_m16 ) blackbox
     2 dccm_ram_wrapper_dccm_ram_1 ( sram_sp_8192x32_m16_be_wrap_3250 ) 
        3 sram_sp_8192x32 ( sp_hde_8192_m16 ) blackbox
     2 dccm_ram_wrapper_dccm_ram_2 ( sram_sp_8192x32_m16_be_wrap_3249 ) 
        3 sram_sp_8192x32 ( sp_hde_8192_m16 ) blackbox
     2 dccm_ram_wrapper_dccm_ram_3 ( sram_sp_8192x32_m16_be_wrap_3248 ) 
        3 sram_sp_8192x32 ( sp_hde_8192_m16 ) blackbox
     2 i_riscv_core_ex_stage_i_alu_i_alu_ff_i ( alu_ff ) 
     2 i_riscv_core_id_stage_i_decoder_i ( riscv_decoder ) 
     2 RC_CG_DECLONE_HIER_INST ( RC_CG_MOD_12 ) 
