============================================================
  Generated by:           Genus(TM) Synthesis Solution 21.15-s080_1
  Generated on:           Jan 21 2025  05:10:16 pm
  Module:                 lp_riscv_top
  Operating conditions:   ss_typical_max_0p90v_125c (balanced_tree)
  Wireload mode:          top
  Area mode:              timing library
============================================================

                                             
        Gate          Instances     Area                          Library                      
-----------------------------------------------------------------------------------------------
ADDFH_X1M_A9TL                3       33.480    sc9_cln65lp_base_lvt_ss_typical_max_0p90v_125c 
ADDFH_X2M_A9TL                1       11.880    sc9_cln65lp_base_lvt_ss_typical_max_0p90v_125c 
ADDF_X1M_A9TL               408     3231.360    sc9_cln65lp_base_lvt_ss_typical_max_0p90v_125c 
ADDF_X1P4M_A9TL               5       46.800    sc9_cln65lp_base_lvt_ss_typical_max_0p90v_125c 
ADDF_X2M_A9TL                 1        9.360    sc9_cln65lp_base_lvt_ss_typical_max_0p90v_125c 
ADDH_X1M_A9TL                46      215.280    sc9_cln65lp_base_lvt_ss_typical_max_0p90v_125c 
ADDH_X1P4M_A9TL               2       11.520    sc9_cln65lp_base_lvt_ss_typical_max_0p90v_125c 
ADDH_X2M_A9TL                 1        5.760    sc9_cln65lp_base_lvt_ss_typical_max_0p90v_125c 
AND2_X0P7M_A9TR               2        3.600    sc9_cln65lp_base_rvt_ss_typical_max_0p90v_125c 
AND2_X1M_A9TL               387      696.600    sc9_cln65lp_base_lvt_ss_typical_max_0p90v_125c 
AND2_X2M_A9TL                29       73.080    sc9_cln65lp_base_lvt_ss_typical_max_0p90v_125c 
AND2_X3M_A9TL                 5       19.800    sc9_cln65lp_base_lvt_ss_typical_max_0p90v_125c 
AND2_X4M_A9TL                 5       21.600    sc9_cln65lp_base_lvt_ss_typical_max_0p90v_125c 
AND2_X6M_A9TL                 2       12.240    sc9_cln65lp_base_lvt_ss_typical_max_0p90v_125c 
AND3_X1M_A9TL                90      226.800    sc9_cln65lp_base_lvt_ss_typical_max_0p90v_125c 
AND3_X2M_A9TL                27      116.640    sc9_cln65lp_base_lvt_ss_typical_max_0p90v_125c 
AND3_X3M_A9TL                 1        5.760    sc9_cln65lp_base_lvt_ss_typical_max_0p90v_125c 
AND3_X3M_A9TR                 1        5.760    sc9_cln65lp_base_rvt_ss_typical_max_0p90v_125c 
AND3_X4M_A9TL                 2       12.960    sc9_cln65lp_base_lvt_ss_typical_max_0p90v_125c 
AND4_X0P5M_A9TL              90      259.200    sc9_cln65lp_base_lvt_ss_typical_max_0p90v_125c 
AND4_X1M_A9TL                 7       32.760    sc9_cln65lp_base_lvt_ss_typical_max_0p90v_125c 
AND4_X1M_A9TR                 2        9.360    sc9_cln65lp_base_rvt_ss_typical_max_0p90v_125c 
AND4_X1P4M_A9TL               6       36.720    sc9_cln65lp_base_lvt_ss_typical_max_0p90v_125c 
AO1B2_X1M_A9TL               80      201.600    sc9_cln65lp_base_lvt_ss_typical_max_0p90v_125c 
AO1B2_X2M_A9TL                6       21.600    sc9_cln65lp_base_lvt_ss_typical_max_0p90v_125c 
AO1B2_X3M_A9TL                1        5.400    sc9_cln65lp_base_lvt_ss_typical_max_0p90v_125c 
AO21B_X1M_A9TL              227      572.040    sc9_cln65lp_base_lvt_ss_typical_max_0p90v_125c 
AO21B_X1P4M_A9TL              1        3.600    sc9_cln65lp_base_lvt_ss_typical_max_0p90v_125c 
AO21B_X2M_A9TL               57      205.200    sc9_cln65lp_base_lvt_ss_typical_max_0p90v_125c 
AO21B_X3M_A9TL                2       10.800    sc9_cln65lp_base_lvt_ss_typical_max_0p90v_125c 
AO21B_X4M_A9TL                2       12.240    sc9_cln65lp_base_lvt_ss_typical_max_0p90v_125c 
AO21_X0P5M_A9TR               1        2.880    sc9_cln65lp_base_rvt_ss_typical_max_0p90v_125c 
AO21_X1M_A9TL                39      112.320    sc9_cln65lp_base_lvt_ss_typical_max_0p90v_125c 
AO22_X0P7M_A9TL               4       12.960    sc9_cln65lp_base_lvt_ss_typical_max_0p90v_125c 
AO22_X0P7M_A9TR              14       45.360    sc9_cln65lp_base_rvt_ss_typical_max_0p90v_125c 
AO22_X1M_A9TL               245      793.800    sc9_cln65lp_base_lvt_ss_typical_max_0p90v_125c 
AOI211_X0P5M_A9TL             1        2.520    sc9_cln65lp_base_lvt_ss_typical_max_0p90v_125c 
AOI211_X1M_A9TL             106      267.120    sc9_cln65lp_base_lvt_ss_typical_max_0p90v_125c 
AOI21B_X1M_A9TL              30       86.400    sc9_cln65lp_base_lvt_ss_typical_max_0p90v_125c 
AOI21_X0P7M_A9TL              3        6.480    sc9_cln65lp_base_lvt_ss_typical_max_0p90v_125c 
AOI21_X0P7M_A9TR              2        4.320    sc9_cln65lp_base_rvt_ss_typical_max_0p90v_125c 
AOI21_X1M_A9TL              396      855.360    sc9_cln65lp_base_lvt_ss_typical_max_0p90v_125c 
AOI21_X1P4M_A9TL             13       46.800    sc9_cln65lp_base_lvt_ss_typical_max_0p90v_125c 
AOI21_X2M_A9TL               36      129.600    sc9_cln65lp_base_lvt_ss_typical_max_0p90v_125c 
AOI21_X3M_A9TL                5       23.400    sc9_cln65lp_base_lvt_ss_typical_max_0p90v_125c 
AOI21_X4M_A9TL                2       12.240    sc9_cln65lp_base_lvt_ss_typical_max_0p90v_125c 
AOI21_X6M_A9TL                3       27.000    sc9_cln65lp_base_lvt_ss_typical_max_0p90v_125c 
AOI221_X0P5M_A9TL             1        3.240    sc9_cln65lp_base_lvt_ss_typical_max_0p90v_125c 
AOI221_X1M_A9TL             118      382.320    sc9_cln65lp_base_lvt_ss_typical_max_0p90v_125c 
AOI221_X1P4M_A9TL             1        5.760    sc9_cln65lp_base_lvt_ss_typical_max_0p90v_125c 
AOI221_X2M_A9TL               2       11.520    sc9_cln65lp_base_lvt_ss_typical_max_0p90v_125c 
AOI222_X1M_A9TL              66      261.360    sc9_cln65lp_base_lvt_ss_typical_max_0p90v_125c 
AOI22_X0P5M_A9TL             33       83.160    sc9_cln65lp_base_lvt_ss_typical_max_0p90v_125c 
AOI22_X0P7M_A9TL            114      287.280    sc9_cln65lp_base_lvt_ss_typical_max_0p90v_125c 
AOI22_X1M_A9TL             2587     6519.240    sc9_cln65lp_base_lvt_ss_typical_max_0p90v_125c 
AOI22_X1P4M_A9TL              2        8.640    sc9_cln65lp_base_lvt_ss_typical_max_0p90v_125c 
AOI22_X2M_A9TL                9       38.880    sc9_cln65lp_base_lvt_ss_typical_max_0p90v_125c 
AOI22_X3M_A9TL                1        6.120    sc9_cln65lp_base_lvt_ss_typical_max_0p90v_125c 
AOI2XB1_X0P7M_A9TL            3        8.640    sc9_cln65lp_base_lvt_ss_typical_max_0p90v_125c 
AOI2XB1_X0P7M_A9TR            3        8.640    sc9_cln65lp_base_rvt_ss_typical_max_0p90v_125c 
AOI2XB1_X1M_A9TL            137      394.560    sc9_cln65lp_base_lvt_ss_typical_max_0p90v_125c 
AOI2XB1_X1P4M_A9TL            5       21.600    sc9_cln65lp_base_lvt_ss_typical_max_0p90v_125c 
AOI2XB1_X2M_A9TL             27      116.640    sc9_cln65lp_base_lvt_ss_typical_max_0p90v_125c 
AOI2XB1_X2M_A9TR              1        4.320    sc9_cln65lp_base_rvt_ss_typical_max_0p90v_125c 
AOI2XB1_X3M_A9TL              5       28.800    sc9_cln65lp_base_lvt_ss_typical_max_0p90v_125c 
AOI2XB1_X4M_A9TL              3       22.680    sc9_cln65lp_base_lvt_ss_typical_max_0p90v_125c 
AOI2XB1_X6M_A9TL              1       10.440    sc9_cln65lp_base_lvt_ss_typical_max_0p90v_125c 
AOI2XB1_X8M_A9TL              1       13.680    sc9_cln65lp_base_lvt_ss_typical_max_0p90v_125c 
AOI31_X1M_A9TL               34       85.680    sc9_cln65lp_base_lvt_ss_typical_max_0p90v_125c 
AOI31_X2M_A9TL                1        4.320    sc9_cln65lp_base_lvt_ss_typical_max_0p90v_125c 
AOI32_X1M_A9TL               31       89.280    sc9_cln65lp_base_lvt_ss_typical_max_0p90v_125c 
AOI32_X2M_A9TL                1        5.400    sc9_cln65lp_base_lvt_ss_typical_max_0p90v_125c 
BMXIT_X1M_A9TL                1       10.080    sc9_cln65lp_base_lvt_ss_typical_max_0p90v_125c 
BMXT_X1M_A9TL                 1       11.160    sc9_cln65lp_base_lvt_ss_typical_max_0p90v_125c 
BUFH_X0P7M_A9TL               3        4.320    sc9_cln65lp_base_lvt_ss_typical_max_0p90v_125c 
BUFH_X16M_A9TL                4       51.840    sc9_cln65lp_base_lvt_ss_typical_max_0p90v_125c 
BUFH_X1M_A9TL                28       40.320    sc9_cln65lp_base_lvt_ss_typical_max_0p90v_125c 
BUFH_X2M_A9TL                16       40.320    sc9_cln65lp_base_lvt_ss_typical_max_0p90v_125c 
BUFH_X2P5M_A9TL               2        5.760    sc9_cln65lp_base_lvt_ss_typical_max_0p90v_125c 
BUFH_X3M_A9TL                 3        8.640    sc9_cln65lp_base_lvt_ss_typical_max_0p90v_125c 
BUFH_X4M_A9TL                11       43.560    sc9_cln65lp_base_lvt_ss_typical_max_0p90v_125c 
BUFH_X6M_A9TL                 1        5.400    sc9_cln65lp_base_lvt_ss_typical_max_0p90v_125c 
BUF_X1M_A9TH                 43       61.920    sc9_cln65lp_base_hvt_ss_typical_max_0p90v_125c 
BUF_X1P7M_A9TL               70      151.200    sc9_cln65lp_base_lvt_ss_typical_max_0p90v_125c 
BUF_X2B_A9TL                  2        4.320    sc9_cln65lp_base_lvt_ss_typical_max_0p90v_125c 
BUF_X2M_A9TL                  4        8.640    sc9_cln65lp_base_lvt_ss_typical_max_0p90v_125c 
BUF_X2P5M_A9TL                2        5.040    sc9_cln65lp_base_lvt_ss_typical_max_0p90v_125c 
BUF_X6M_A9TL                  2        8.640    sc9_cln65lp_base_lvt_ss_typical_max_0p90v_125c 
CGENCIN_X1M_A9TL              2       14.400    sc9_cln65lp_base_lvt_ss_typical_max_0p90v_125c 
CGENI_X1M_A9TL              264      760.320    sc9_cln65lp_base_lvt_ss_typical_max_0p90v_125c 
CGENI_X1P4M_A9TL              1        5.400    sc9_cln65lp_base_lvt_ss_typical_max_0p90v_125c 
CGENI_X2M_A9TL                6       32.400    sc9_cln65lp_base_lvt_ss_typical_max_0p90v_125c 
CGEN_X1M_A9TL               328     1180.800    sc9_cln65lp_base_lvt_ss_typical_max_0p90v_125c 
CGEN_X1M_A9TR                 3       10.800    sc9_cln65lp_base_rvt_ss_typical_max_0p90v_125c 
CGEN_X2M_A9TL                 2        7.920    sc9_cln65lp_base_lvt_ss_typical_max_0p90v_125c 
DFFRPQN_X1M_A9TL            256     2119.680    sc9_cln65lp_base_lvt_ss_typical_max_0p90v_125c 
DFFRPQN_X2M_A9TL              3       25.920    sc9_cln65lp_base_lvt_ss_typical_max_0p90v_125c 
DFFRPQN_X3M_A9TL              2       19.440    sc9_cln65lp_base_lvt_ss_typical_max_0p90v_125c 
DFFRPQ_X1M_A9TL            1747    15094.080    sc9_cln65lp_base_lvt_ss_typical_max_0p90v_125c 
DFFRPQ_X2M_A9TL             136     1224.000    sc9_cln65lp_base_lvt_ss_typical_max_0p90v_125c 
DFFRPQ_X3M_A9TL              18      168.480    sc9_cln65lp_base_lvt_ss_typical_max_0p90v_125c 
DFFRPQ_X4M_A9TL              21      211.680    sc9_cln65lp_base_lvt_ss_typical_max_0p90v_125c 
DFFSQN_X1M_A9TL               1        8.280    sc9_cln65lp_base_lvt_ss_typical_max_0p90v_125c 
DFFSQ_X1M_A9TL                2       18.000    sc9_cln65lp_base_lvt_ss_typical_max_0p90v_125c 
DFFSQ_X4M_A9TL                2       21.600    sc9_cln65lp_base_lvt_ss_typical_max_0p90v_125c 
INV_X0P5B_A9TH               50       54.000    sc9_cln65lp_base_hvt_ss_typical_max_0p90v_125c 
INV_X0P5B_A9TL                7        7.560    sc9_cln65lp_base_lvt_ss_typical_max_0p90v_125c 
INV_X0P5M_A9TH                1        1.080    sc9_cln65lp_base_hvt_ss_typical_max_0p90v_125c 
INV_X0P5M_A9TL              146      157.680    sc9_cln65lp_base_lvt_ss_typical_max_0p90v_125c 
INV_X0P6B_A9TH                1        1.080    sc9_cln65lp_base_hvt_ss_typical_max_0p90v_125c 
INV_X0P6B_A9TR                1        1.080    sc9_cln65lp_base_rvt_ss_typical_max_0p90v_125c 
INV_X0P6M_A9TH                1        1.080    sc9_cln65lp_base_hvt_ss_typical_max_0p90v_125c 
INV_X0P6M_A9TL                1        1.080    sc9_cln65lp_base_lvt_ss_typical_max_0p90v_125c 
INV_X0P7M_A9TH                2        2.160    sc9_cln65lp_base_hvt_ss_typical_max_0p90v_125c 
INV_X0P7M_A9TL              270      291.600    sc9_cln65lp_base_lvt_ss_typical_max_0p90v_125c 
INV_X0P8B_A9TL                2        2.160    sc9_cln65lp_base_lvt_ss_typical_max_0p90v_125c 
INV_X0P8B_A9TR                1        1.080    sc9_cln65lp_base_rvt_ss_typical_max_0p90v_125c 
INV_X0P8M_A9TL              159      171.720    sc9_cln65lp_base_lvt_ss_typical_max_0p90v_125c 
INV_X11M_A9TL                 6       34.560    sc9_cln65lp_base_lvt_ss_typical_max_0p90v_125c 
INV_X16M_A9TL                 2       16.560    sc9_cln65lp_base_lvt_ss_typical_max_0p90v_125c 
INV_X1B_A9TL                 67       72.360    sc9_cln65lp_base_lvt_ss_typical_max_0p90v_125c 
INV_X1B_A9TR                  2        2.160    sc9_cln65lp_base_rvt_ss_typical_max_0p90v_125c 
INV_X1M_A9TL               2179     2353.320    sc9_cln65lp_base_lvt_ss_typical_max_0p90v_125c 
INV_X1P4M_A9TL               33       47.520    sc9_cln65lp_base_lvt_ss_typical_max_0p90v_125c 
INV_X1P7B_A9TL               18       25.920    sc9_cln65lp_base_lvt_ss_typical_max_0p90v_125c 
INV_X1P7M_A9TR                2        2.880    sc9_cln65lp_base_rvt_ss_typical_max_0p90v_125c 
INV_X2B_A9TL                 22       31.680    sc9_cln65lp_base_lvt_ss_typical_max_0p90v_125c 
INV_X2B_A9TR                  2        2.880    sc9_cln65lp_base_rvt_ss_typical_max_0p90v_125c 
INV_X2M_A9TL                669      963.360    sc9_cln65lp_base_lvt_ss_typical_max_0p90v_125c 
INV_X2M_A9TR                  1        1.440    sc9_cln65lp_base_rvt_ss_typical_max_0p90v_125c 
INV_X2P5M_A9TL                1        2.160    sc9_cln65lp_base_lvt_ss_typical_max_0p90v_125c 
INV_X3B_A9TL                  6       12.960    sc9_cln65lp_base_lvt_ss_typical_max_0p90v_125c 
INV_X3M_A9TL                 93      200.880    sc9_cln65lp_base_lvt_ss_typical_max_0p90v_125c 
INV_X3P5M_A9TH                1        2.520    sc9_cln65lp_base_hvt_ss_typical_max_0p90v_125c 
INV_X4B_A9TL                  9       22.680    sc9_cln65lp_base_lvt_ss_typical_max_0p90v_125c 
INV_X4M_A9TL                137      345.240    sc9_cln65lp_base_lvt_ss_typical_max_0p90v_125c 
INV_X5B_A9TR                  1        2.880    sc9_cln65lp_base_rvt_ss_typical_max_0p90v_125c 
INV_X5M_A9TL                 55      158.400    sc9_cln65lp_base_lvt_ss_typical_max_0p90v_125c 
INV_X6B_A9TL                  2        7.200    sc9_cln65lp_base_lvt_ss_typical_max_0p90v_125c 
INV_X6M_A9TL                  9       32.400    sc9_cln65lp_base_lvt_ss_typical_max_0p90v_125c 
INV_X7P5M_A9TL               13       56.160    sc9_cln65lp_base_lvt_ss_typical_max_0p90v_125c 
INV_X9B_A9TL                  1        4.680    sc9_cln65lp_base_lvt_ss_typical_max_0p90v_125c 
INV_X9M_A9TL                  4       18.720    sc9_cln65lp_base_lvt_ss_typical_max_0p90v_125c 
LATNQ_X1M_A9TL                1        4.320    sc9_cln65lp_base_lvt_ss_typical_max_0p90v_125c 
MX2_X1B_A9TL                  2        8.640    sc9_cln65lp_base_lvt_ss_typical_max_0p90v_125c 
MX2_X1M_A9TL                 16       69.120    sc9_cln65lp_base_lvt_ss_typical_max_0p90v_125c 
MX2_X1P4B_A9TL                2       10.080    sc9_cln65lp_base_lvt_ss_typical_max_0p90v_125c 
MX2_X1P4M_A9TL                4       20.160    sc9_cln65lp_base_lvt_ss_typical_max_0p90v_125c 
MX2_X2M_A9TL                  7       37.800    sc9_cln65lp_base_lvt_ss_typical_max_0p90v_125c 
MX2_X3B_A9TL                  1        8.280    sc9_cln65lp_base_lvt_ss_typical_max_0p90v_125c 
MX2_X3M_A9TL                  1        8.280    sc9_cln65lp_base_lvt_ss_typical_max_0p90v_125c 
MXIT2_X0P5M_A9TL           1465     4746.600    sc9_cln65lp_base_lvt_ss_typical_max_0p90v_125c 
MXIT2_X0P7M_A9TL             56      201.600    sc9_cln65lp_base_lvt_ss_typical_max_0p90v_125c 
MXIT2_X1M_A9TL              323     1162.800    sc9_cln65lp_base_lvt_ss_typical_max_0p90v_125c 
MXIT2_X1M_A9TR                1        3.600    sc9_cln65lp_base_rvt_ss_typical_max_0p90v_125c 
MXIT2_X1P4M_A9TL             19      123.120    sc9_cln65lp_base_lvt_ss_typical_max_0p90v_125c 
MXIT2_X2M_A9TL               52      336.960    sc9_cln65lp_base_lvt_ss_typical_max_0p90v_125c 
MXIT2_X3M_A9TL               42      317.520    sc9_cln65lp_base_lvt_ss_typical_max_0p90v_125c 
MXT2_X0P5M_A9TL              21       75.600    sc9_cln65lp_base_lvt_ss_typical_max_0p90v_125c 
MXT2_X0P7M_A9TL              37      133.200    sc9_cln65lp_base_lvt_ss_typical_max_0p90v_125c 
MXT2_X1M_A9TL                 4       17.280    sc9_cln65lp_base_lvt_ss_typical_max_0p90v_125c 
MXT2_X1M_A9TR                 3       12.960    sc9_cln65lp_base_rvt_ss_typical_max_0p90v_125c 
MXT2_X1P4M_A9TL              19       95.760    sc9_cln65lp_base_lvt_ss_typical_max_0p90v_125c 
MXT2_X2M_A9TL                 2       13.680    sc9_cln65lp_base_lvt_ss_typical_max_0p90v_125c 
MXT2_X3M_A9TL                 1        8.280    sc9_cln65lp_base_lvt_ss_typical_max_0p90v_125c 
MXT2_X3M_A9TR                 1        8.280    sc9_cln65lp_base_rvt_ss_typical_max_0p90v_125c 
MXT2_X6M_A9TL                 1       10.440    sc9_cln65lp_base_lvt_ss_typical_max_0p90v_125c 
NAND2B_X0P7M_A9TR             2        4.320    sc9_cln65lp_base_rvt_ss_typical_max_0p90v_125c 
NAND2B_X1M_A9TL              78      168.480    sc9_cln65lp_base_lvt_ss_typical_max_0p90v_125c 
NAND2B_X2M_A9TL              10       28.800    sc9_cln65lp_base_lvt_ss_typical_max_0p90v_125c 
NAND2B_X3M_A9TL               5       19.800    sc9_cln65lp_base_lvt_ss_typical_max_0p90v_125c 
NAND2B_X4M_A9TL               4       18.720    sc9_cln65lp_base_lvt_ss_typical_max_0p90v_125c 
NAND2XB_X0P5M_A9TL           13       28.080    sc9_cln65lp_base_lvt_ss_typical_max_0p90v_125c 
NAND2XB_X0P7M_A9TL            2        4.320    sc9_cln65lp_base_lvt_ss_typical_max_0p90v_125c 
NAND2XB_X1M_A9TL            389      840.240    sc9_cln65lp_base_lvt_ss_typical_max_0p90v_125c 
NAND2XB_X1P4M_A9TL            9       25.920    sc9_cln65lp_base_lvt_ss_typical_max_0p90v_125c 
NAND2XB_X2M_A9TL             64      184.320    sc9_cln65lp_base_lvt_ss_typical_max_0p90v_125c 
NAND2XB_X3M_A9TL             23       91.080    sc9_cln65lp_base_lvt_ss_typical_max_0p90v_125c 
NAND2XB_X4M_A9TL              9       42.120    sc9_cln65lp_base_lvt_ss_typical_max_0p90v_125c 
NAND2XB_X6M_A9TL              8       54.720    sc9_cln65lp_base_lvt_ss_typical_max_0p90v_125c 
NAND2XB_X8M_A9TL              1        8.640    sc9_cln65lp_base_lvt_ss_typical_max_0p90v_125c 
NAND2_X0P5A_A9TL              1        1.440    sc9_cln65lp_base_lvt_ss_typical_max_0p90v_125c 
NAND2_X0P7A_A9TL              1        1.440    sc9_cln65lp_base_lvt_ss_typical_max_0p90v_125c 
NAND2_X0P7B_A9TL             36       51.840    sc9_cln65lp_base_lvt_ss_typical_max_0p90v_125c 
NAND2_X0P7M_A9TL             77      110.880    sc9_cln65lp_base_lvt_ss_typical_max_0p90v_125c 
NAND2_X1A_A9TL              924     1330.560    sc9_cln65lp_base_lvt_ss_typical_max_0p90v_125c 
NAND2_X1B_A9TL              172      247.680    sc9_cln65lp_base_lvt_ss_typical_max_0p90v_125c 
NAND2_X1M_A9TL              834     1200.960    sc9_cln65lp_base_lvt_ss_typical_max_0p90v_125c 
NAND2_X1P4A_A9TL              1        2.520    sc9_cln65lp_base_lvt_ss_typical_max_0p90v_125c 
NAND2_X1P4B_A9TL              2        5.040    sc9_cln65lp_base_lvt_ss_typical_max_0p90v_125c 
NAND2_X1P4M_A9TL            105      226.800    sc9_cln65lp_base_lvt_ss_typical_max_0p90v_125c 
NAND2_X2A_A9TL               72      181.440    sc9_cln65lp_base_lvt_ss_typical_max_0p90v_125c 
NAND2_X2A_A9TR                1        2.520    sc9_cln65lp_base_rvt_ss_typical_max_0p90v_125c 
NAND2_X2B_A9TL                3        7.560    sc9_cln65lp_base_lvt_ss_typical_max_0p90v_125c 
NAND2_X2B_A9TR                1        2.520    sc9_cln65lp_base_rvt_ss_typical_max_0p90v_125c 
NAND2_X2M_A9TL               14       35.280    sc9_cln65lp_base_lvt_ss_typical_max_0p90v_125c 
NAND2_X2M_A9TR                2        5.040    sc9_cln65lp_base_rvt_ss_typical_max_0p90v_125c 
NAND2_X3A_A9TL               33      118.800    sc9_cln65lp_base_lvt_ss_typical_max_0p90v_125c 
NAND2_X3B_A9TL                2        7.200    sc9_cln65lp_base_lvt_ss_typical_max_0p90v_125c 
NAND2_X3M_A9TL                6       21.600    sc9_cln65lp_base_lvt_ss_typical_max_0p90v_125c 
NAND2_X4A_A9TL               15       64.800    sc9_cln65lp_base_lvt_ss_typical_max_0p90v_125c 
NAND2_X4B_A9TL                6       25.920    sc9_cln65lp_base_lvt_ss_typical_max_0p90v_125c 
NAND2_X4M_A9TL               34      134.640    sc9_cln65lp_base_lvt_ss_typical_max_0p90v_125c 
NAND2_X6A_A9TL                7       42.840    sc9_cln65lp_base_lvt_ss_typical_max_0p90v_125c 
NAND2_X6B_A9TL                1        6.120    sc9_cln65lp_base_lvt_ss_typical_max_0p90v_125c 
NAND2_X6M_A9TL                5       30.600    sc9_cln65lp_base_lvt_ss_typical_max_0p90v_125c 
NAND2_X8A_A9TL                2       16.560    sc9_cln65lp_base_lvt_ss_typical_max_0p90v_125c 
NAND2_X8M_A9TL                2       15.120    sc9_cln65lp_base_lvt_ss_typical_max_0p90v_125c 
NAND3B_X1M_A9TL              40      100.800    sc9_cln65lp_base_lvt_ss_typical_max_0p90v_125c 
NAND3B_X1M_A9TR               1        2.520    sc9_cln65lp_base_rvt_ss_typical_max_0p90v_125c 
NAND3B_X1P4M_A9TL             2        7.200    sc9_cln65lp_base_lvt_ss_typical_max_0p90v_125c 
NAND3XXB_X1M_A9TL            56      141.120    sc9_cln65lp_base_lvt_ss_typical_max_0p90v_125c 
NAND3XXB_X1P4M_A9TL           8       28.800    sc9_cln65lp_base_lvt_ss_typical_max_0p90v_125c 
NAND3XXB_X2M_A9TL            44      174.240    sc9_cln65lp_base_lvt_ss_typical_max_0p90v_125c 
NAND3XXB_X2M_A9TR             1        3.960    sc9_cln65lp_base_rvt_ss_typical_max_0p90v_125c 
NAND3XXB_X3M_A9TL             6       30.240    sc9_cln65lp_base_lvt_ss_typical_max_0p90v_125c 
NAND3XXB_X4M_A9TL            16       97.920    sc9_cln65lp_base_lvt_ss_typical_max_0p90v_125c 
NAND3_X1A_A9TL               63      136.080    sc9_cln65lp_base_lvt_ss_typical_max_0p90v_125c 
NAND3_X1M_A9TL               47      101.520    sc9_cln65lp_base_lvt_ss_typical_max_0p90v_125c 
NAND3_X1P4A_A9TL              1        3.240    sc9_cln65lp_base_lvt_ss_typical_max_0p90v_125c 
NAND3_X2A_A9TL                8       25.920    sc9_cln65lp_base_lvt_ss_typical_max_0p90v_125c 
NAND3_X2M_A9TL               16       51.840    sc9_cln65lp_base_lvt_ss_typical_max_0p90v_125c 
NAND3_X2M_A9TR                1        3.240    sc9_cln65lp_base_rvt_ss_typical_max_0p90v_125c 
NAND3_X3A_A9TL                3       14.040    sc9_cln65lp_base_lvt_ss_typical_max_0p90v_125c 
NAND3_X3M_A9TL                1        4.680    sc9_cln65lp_base_lvt_ss_typical_max_0p90v_125c 
NAND3_X4A_A9TL                2       11.520    sc9_cln65lp_base_lvt_ss_typical_max_0p90v_125c 
NAND3_X4M_A9TL                3       17.280    sc9_cln65lp_base_lvt_ss_typical_max_0p90v_125c 
NAND3_X4M_A9TR                1        5.760    sc9_cln65lp_base_rvt_ss_typical_max_0p90v_125c 
NAND3_X6A_A9TL                2       15.840    sc9_cln65lp_base_lvt_ss_typical_max_0p90v_125c 
NAND4B_X0P7M_A9TR             1        2.880    sc9_cln65lp_base_rvt_ss_typical_max_0p90v_125c 
NAND4B_X1M_A9TL              59      169.920    sc9_cln65lp_base_lvt_ss_typical_max_0p90v_125c 
NAND4XXXB_X0P5M_A9TL          1        2.880    sc9_cln65lp_base_lvt_ss_typical_max_0p90v_125c 
NAND4XXXB_X0P7M_A9TL          1        2.880    sc9_cln65lp_base_lvt_ss_typical_max_0p90v_125c 
NAND4XXXB_X1M_A9TL           32       92.160    sc9_cln65lp_base_lvt_ss_typical_max_0p90v_125c 
NAND4XXXB_X1M_A9TR           10       28.800    sc9_cln65lp_base_rvt_ss_typical_max_0p90v_125c 
NAND4XXXB_X1P4M_A9TL          9       32.400    sc9_cln65lp_base_lvt_ss_typical_max_0p90v_125c 
NAND4XXXB_X2M_A9TL            6       28.080    sc9_cln65lp_base_lvt_ss_typical_max_0p90v_125c 
NAND4XXXB_X2M_A9TR            1        4.680    sc9_cln65lp_base_rvt_ss_typical_max_0p90v_125c 
NAND4XXXB_X3M_A9TL            7       42.840    sc9_cln65lp_base_lvt_ss_typical_max_0p90v_125c 
NAND4XXXB_X4M_A9TL           20      151.200    sc9_cln65lp_base_lvt_ss_typical_max_0p90v_125c 
NAND4_X1A_A9TL              156      393.120    sc9_cln65lp_base_lvt_ss_typical_max_0p90v_125c 
NAND4_X1M_A9TL              290      730.800    sc9_cln65lp_base_lvt_ss_typical_max_0p90v_125c 
NAND4_X1P4A_A9TL              2        7.200    sc9_cln65lp_base_lvt_ss_typical_max_0p90v_125c 
NAND4_X2A_A9TL                3       11.880    sc9_cln65lp_base_lvt_ss_typical_max_0p90v_125c 
NAND4_X2M_A9TL                2        7.920    sc9_cln65lp_base_lvt_ss_typical_max_0p90v_125c 
NAND4_X3A_A9TL                9       51.840    sc9_cln65lp_base_lvt_ss_typical_max_0p90v_125c 
NAND4_X3M_A9TL                3       17.280    sc9_cln65lp_base_lvt_ss_typical_max_0p90v_125c 
NAND4_X4A_A9TL                8       57.600    sc9_cln65lp_base_lvt_ss_typical_max_0p90v_125c 
NAND4_X4M_A9TL                4       28.800    sc9_cln65lp_base_lvt_ss_typical_max_0p90v_125c 
NOR2B_X0P7M_A9TL              3        6.480    sc9_cln65lp_base_lvt_ss_typical_max_0p90v_125c 
NOR2B_X1M_A9TL              124      267.840    sc9_cln65lp_base_lvt_ss_typical_max_0p90v_125c 
NOR2B_X1P4M_A9TL              1        2.880    sc9_cln65lp_base_lvt_ss_typical_max_0p90v_125c 
NOR2B_X2M_A9TL               14       40.320    sc9_cln65lp_base_lvt_ss_typical_max_0p90v_125c 
NOR2B_X3M_A9TL                2        7.200    sc9_cln65lp_base_lvt_ss_typical_max_0p90v_125c 
NOR2B_X4M_A9TL                1        4.320    sc9_cln65lp_base_lvt_ss_typical_max_0p90v_125c 
NOR2B_X8M_A9TL                1        8.280    sc9_cln65lp_base_lvt_ss_typical_max_0p90v_125c 
NOR2XB_X0P5M_A9TL            61      131.760    sc9_cln65lp_base_lvt_ss_typical_max_0p90v_125c 
NOR2XB_X0P7M_A9TL             9       19.440    sc9_cln65lp_base_lvt_ss_typical_max_0p90v_125c 
NOR2XB_X1M_A9TL              81      174.960    sc9_cln65lp_base_lvt_ss_typical_max_0p90v_125c 
NOR2XB_X1P4M_A9TL             3        8.640    sc9_cln65lp_base_lvt_ss_typical_max_0p90v_125c 
NOR2XB_X1P4M_A9TR             3        8.640    sc9_cln65lp_base_rvt_ss_typical_max_0p90v_125c 
NOR2XB_X2M_A9TL              69      198.720    sc9_cln65lp_base_lvt_ss_typical_max_0p90v_125c 
NOR2XB_X3M_A9TL              27       97.200    sc9_cln65lp_base_lvt_ss_typical_max_0p90v_125c 
NOR2XB_X4M_A9TL               5       21.600    sc9_cln65lp_base_lvt_ss_typical_max_0p90v_125c 
NOR2XB_X6M_A9TL               7       45.360    sc9_cln65lp_base_lvt_ss_typical_max_0p90v_125c 
NOR2XB_X8M_A9TL               1        8.280    sc9_cln65lp_base_lvt_ss_typical_max_0p90v_125c 
NOR2_X0P5B_A9TL               2        2.880    sc9_cln65lp_base_lvt_ss_typical_max_0p90v_125c 
NOR2_X0P7B_A9TL              21       30.240    sc9_cln65lp_base_lvt_ss_typical_max_0p90v_125c 
NOR2_X1A_A9TL               301      433.440    sc9_cln65lp_base_lvt_ss_typical_max_0p90v_125c 
NOR2_X1B_A9TL               389      560.160    sc9_cln65lp_base_lvt_ss_typical_max_0p90v_125c 
NOR2_X1M_A9TL               246      354.240    sc9_cln65lp_base_lvt_ss_typical_max_0p90v_125c 
NOR2_X1P4A_A9TL              44       95.040    sc9_cln65lp_base_lvt_ss_typical_max_0p90v_125c 
NOR2_X1P4M_A9TL               1        2.160    sc9_cln65lp_base_lvt_ss_typical_max_0p90v_125c 
NOR2_X2A_A9TL                32       80.640    sc9_cln65lp_base_lvt_ss_typical_max_0p90v_125c 
NOR2_X2B_A9TL                 3        7.560    sc9_cln65lp_base_lvt_ss_typical_max_0p90v_125c 
NOR2_X2B_A9TR                 4       10.080    sc9_cln65lp_base_rvt_ss_typical_max_0p90v_125c 
NOR2_X2M_A9TL                 3        7.560    sc9_cln65lp_base_lvt_ss_typical_max_0p90v_125c 
NOR2_X3A_A9TL                17       55.080    sc9_cln65lp_base_lvt_ss_typical_max_0p90v_125c 
NOR2_X3B_A9TL                 1        3.240    sc9_cln65lp_base_lvt_ss_typical_max_0p90v_125c 
NOR2_X3M_A9TL                 5       16.200    sc9_cln65lp_base_lvt_ss_typical_max_0p90v_125c 
NOR2_X4A_A9TL                 8       31.680    sc9_cln65lp_base_lvt_ss_typical_max_0p90v_125c 
NOR2_X4B_A9TL                 2        7.920    sc9_cln65lp_base_lvt_ss_typical_max_0p90v_125c 
NOR2_X4M_A9TL                 6       23.760    sc9_cln65lp_base_lvt_ss_typical_max_0p90v_125c 
NOR2_X6A_A9TL                 3       18.360    sc9_cln65lp_base_lvt_ss_typical_max_0p90v_125c 
NOR2_X8A_A9TL                 1        7.560    sc9_cln65lp_base_lvt_ss_typical_max_0p90v_125c 
NOR3_X1A_A9TL                25       54.000    sc9_cln65lp_base_lvt_ss_typical_max_0p90v_125c 
NOR3_X1M_A9TL                92      198.720    sc9_cln65lp_base_lvt_ss_typical_max_0p90v_125c 
NOR3_X2A_A9TL                 6       19.440    sc9_cln65lp_base_lvt_ss_typical_max_0p90v_125c 
NOR3_X2M_A9TL                 3        9.720    sc9_cln65lp_base_lvt_ss_typical_max_0p90v_125c 
NOR3_X4M_A9TL                 1        6.120    sc9_cln65lp_base_lvt_ss_typical_max_0p90v_125c 
OA211_X0P7M_A9TL             41      132.840    sc9_cln65lp_base_lvt_ss_typical_max_0p90v_125c 
OA211_X2M_A9TL                2       11.520    sc9_cln65lp_base_lvt_ss_typical_max_0p90v_125c 
OA21_X1M_A9TL                62      178.560    sc9_cln65lp_base_lvt_ss_typical_max_0p90v_125c 
OA21_X2M_A9TL                 1        4.680    sc9_cln65lp_base_lvt_ss_typical_max_0p90v_125c 
OA22_X0P7M_A9TL               3        9.720    sc9_cln65lp_base_lvt_ss_typical_max_0p90v_125c 
OA22_X1M_A9TL               175      567.000    sc9_cln65lp_base_lvt_ss_typical_max_0p90v_125c 
OA22_X1P4M_A9TL               1        5.040    sc9_cln65lp_base_lvt_ss_typical_max_0p90v_125c 
OAI211_X0P5M_A9TL             1        2.520    sc9_cln65lp_base_lvt_ss_typical_max_0p90v_125c 
OAI211_X1M_A9TL             330      831.600    sc9_cln65lp_base_lvt_ss_typical_max_0p90v_125c 
OAI211_X1P4M_A9TL             7       27.720    sc9_cln65lp_base_lvt_ss_typical_max_0p90v_125c 
OAI211_X2M_A9TL              31      133.920    sc9_cln65lp_base_lvt_ss_typical_max_0p90v_125c 
OAI211_X3M_A9TL               3       18.360    sc9_cln65lp_base_lvt_ss_typical_max_0p90v_125c 
OAI211_X4M_A9TL               1        7.560    sc9_cln65lp_base_lvt_ss_typical_max_0p90v_125c 
OAI21B_X0P5M_A9TL             1        2.880    sc9_cln65lp_base_lvt_ss_typical_max_0p90v_125c 
OAI21B_X1M_A9TL              26       74.880    sc9_cln65lp_base_lvt_ss_typical_max_0p90v_125c 
OAI21B_X2M_A9TL               1        4.320    sc9_cln65lp_base_lvt_ss_typical_max_0p90v_125c 
OAI21B_X3M_A9TL               1        5.760    sc9_cln65lp_base_lvt_ss_typical_max_0p90v_125c 
OAI21_X0P7M_A9TL              3        6.480    sc9_cln65lp_base_lvt_ss_typical_max_0p90v_125c 
OAI21_X1M_A9TL              297      641.520    sc9_cln65lp_base_lvt_ss_typical_max_0p90v_125c 
OAI21_X1P4M_A9TL             11       35.640    sc9_cln65lp_base_lvt_ss_typical_max_0p90v_125c 
OAI21_X2M_A9TL               15       54.000    sc9_cln65lp_base_lvt_ss_typical_max_0p90v_125c 
OAI21_X3M_A9TL                5       23.400    sc9_cln65lp_base_lvt_ss_typical_max_0p90v_125c 
OAI21_X6M_A9TL                1        8.280    sc9_cln65lp_base_lvt_ss_typical_max_0p90v_125c 
OAI221_X0P7M_A9TL             1        3.240    sc9_cln65lp_base_lvt_ss_typical_max_0p90v_125c 
OAI221_X1M_A9TL             157      508.680    sc9_cln65lp_base_lvt_ss_typical_max_0p90v_125c 
OAI221_X2M_A9TL               1        5.760    sc9_cln65lp_base_lvt_ss_typical_max_0p90v_125c 
OAI222_X1M_A9TL              56      221.760    sc9_cln65lp_base_lvt_ss_typical_max_0p90v_125c 
OAI22_X0P5M_A9TL             33       83.160    sc9_cln65lp_base_lvt_ss_typical_max_0p90v_125c 
OAI22_X0P7M_A9TL             77      194.040    sc9_cln65lp_base_lvt_ss_typical_max_0p90v_125c 
OAI22_X1M_A9TL              818     2061.360    sc9_cln65lp_base_lvt_ss_typical_max_0p90v_125c 
OAI22_X1P4M_A9TL              3       11.880    sc9_cln65lp_base_lvt_ss_typical_max_0p90v_125c 
OAI22_X2M_A9TL                3       12.960    sc9_cln65lp_base_lvt_ss_typical_max_0p90v_125c 
OAI2XB1_X0P5M_A9TL          119      299.880    sc9_cln65lp_base_lvt_ss_typical_max_0p90v_125c 
OAI2XB1_X0P7M_A9TL            3        8.640    sc9_cln65lp_base_lvt_ss_typical_max_0p90v_125c 
OAI2XB1_X1M_A9TL            112      322.560    sc9_cln65lp_base_lvt_ss_typical_max_0p90v_125c 
OAI2XB1_X1P4M_A9TL           33      118.800    sc9_cln65lp_base_lvt_ss_typical_max_0p90v_125c 
OAI2XB1_X2M_A9TL             15       64.800    sc9_cln65lp_base_lvt_ss_typical_max_0p90v_125c 
OAI2XB1_X2M_A9TR              1        4.320    sc9_cln65lp_base_rvt_ss_typical_max_0p90v_125c 
OAI2XB1_X3M_A9TL              8       46.080    sc9_cln65lp_base_lvt_ss_typical_max_0p90v_125c 
OAI2XB1_X4M_A9TL             13       98.280    sc9_cln65lp_base_lvt_ss_typical_max_0p90v_125c 
OAI2XB1_X4M_A9TR              1        7.560    sc9_cln65lp_base_rvt_ss_typical_max_0p90v_125c 
OAI2XB1_X6M_A9TL              3       28.080    sc9_cln65lp_base_lvt_ss_typical_max_0p90v_125c 
OAI2XB1_X8M_A9TR              1       12.960    sc9_cln65lp_base_rvt_ss_typical_max_0p90v_125c 
OAI31_X0P5M_A9TL              2        5.040    sc9_cln65lp_base_lvt_ss_typical_max_0p90v_125c 
OAI31_X1M_A9TL               91      229.320    sc9_cln65lp_base_lvt_ss_typical_max_0p90v_125c 
OAI31_X2M_A9TL                3       12.960    sc9_cln65lp_base_lvt_ss_typical_max_0p90v_125c 
OR2_X0P5M_A9TL              179      322.200    sc9_cln65lp_base_lvt_ss_typical_max_0p90v_125c 
OR2_X0P7M_A9TL                1        2.160    sc9_cln65lp_base_lvt_ss_typical_max_0p90v_125c 
OR2_X1M_A9TL                 19       41.040    sc9_cln65lp_base_lvt_ss_typical_max_0p90v_125c 
OR2_X1P4M_A9TL                6       15.120    sc9_cln65lp_base_lvt_ss_typical_max_0p90v_125c 
OR2_X2M_A9TL                 16       51.840    sc9_cln65lp_base_lvt_ss_typical_max_0p90v_125c 
OR2_X3M_A9TL                  1        3.600    sc9_cln65lp_base_lvt_ss_typical_max_0p90v_125c 
OR2_X4M_A9TL                  1        5.040    sc9_cln65lp_base_lvt_ss_typical_max_0p90v_125c 
OR2_X4M_A9TR                  2       10.080    sc9_cln65lp_base_rvt_ss_typical_max_0p90v_125c 
OR2_X6M_A9TL                  1        6.840    sc9_cln65lp_base_lvt_ss_typical_max_0p90v_125c 
OR2_X8M_A9TL                  3       28.080    sc9_cln65lp_base_lvt_ss_typical_max_0p90v_125c 
OR3_X0P5M_A9TL               90      226.800    sc9_cln65lp_base_lvt_ss_typical_max_0p90v_125c 
OR3_X1M_A9TL                  4       14.400    sc9_cln65lp_base_lvt_ss_typical_max_0p90v_125c 
OR3_X1P4M_A9TL                1        3.960    sc9_cln65lp_base_lvt_ss_typical_max_0p90v_125c 
OR4_X1M_A9TL                 25       90.000    sc9_cln65lp_base_lvt_ss_typical_max_0p90v_125c 
OR4_X2M_A9TL                  1        5.760    sc9_cln65lp_base_lvt_ss_typical_max_0p90v_125c 
OR6_X0P7M_A9TL               21       98.280    sc9_cln65lp_base_lvt_ss_typical_max_0p90v_125c 
OR6_X1P4M_A9TL                2       13.680    sc9_cln65lp_base_lvt_ss_typical_max_0p90v_125c 
OR6_X2M_A9TL                  5       48.600    sc9_cln65lp_base_lvt_ss_typical_max_0p90v_125c 
OR6_X3M_A9TL                  2       26.640    sc9_cln65lp_base_lvt_ss_typical_max_0p90v_125c 
PDDW1216CDG                   5    30000.000    tpdn65lpnv2od3wc                               
PDDW1216SCDG                 33   198000.000    tpdn65lpnv2od3wc                               
PDUW1216SCDG                  2    12000.000    tpdn65lpnv2od3wc                               
PREICG_X0P5B_A9TR            57      369.360    sc9_cln65lp_base_rvt_ss_typical_max_0p90v_125c 
PVDD1CDG                      8    48000.000    tpdn65lpnv2od3wc                               
PVDD2CDG                      7    42000.000    tpdn65lpnv2od3wc                               
PVDD2POC                      1     6000.000    tpdn65lpnv2od3wc                               
PVSS3CDG                      8    48000.000    tpdn65lpnv2od3wc                               
XNOR2_X0P5M_A9TL             18       58.320    sc9_cln65lp_base_lvt_ss_typical_max_0p90v_125c 
XNOR2_X0P7M_A9TL            239      774.360    sc9_cln65lp_base_lvt_ss_typical_max_0p90v_125c 
XNOR2_X1M_A9TL               22       79.200    sc9_cln65lp_base_lvt_ss_typical_max_0p90v_125c 
XNOR2_X2M_A9TL               13       79.560    sc9_cln65lp_base_lvt_ss_typical_max_0p90v_125c 
XNOR2_X3M_A9TL                9       71.280    sc9_cln65lp_base_lvt_ss_typical_max_0p90v_125c 
XNOR3_X0P5M_A9TL             95      581.400    sc9_cln65lp_base_lvt_ss_typical_max_0p90v_125c 
XNOR3_X1M_A9TL               12       77.760    sc9_cln65lp_base_lvt_ss_typical_max_0p90v_125c 
XNOR3_X1P4M_A9TL              1       10.080    sc9_cln65lp_base_lvt_ss_typical_max_0p90v_125c 
XNOR3_X3M_A9TL                1       14.040    sc9_cln65lp_base_lvt_ss_typical_max_0p90v_125c 
XOR2_X0P7M_A9TL             958     3103.920    sc9_cln65lp_base_lvt_ss_typical_max_0p90v_125c 
XOR2_X1M_A9TL                59      212.400    sc9_cln65lp_base_lvt_ss_typical_max_0p90v_125c 
XOR2_X2M_A9TL                13       79.560    sc9_cln65lp_base_lvt_ss_typical_max_0p90v_125c 
XOR2_X3M_A9TL                 6       47.520    sc9_cln65lp_base_lvt_ss_typical_max_0p90v_125c 
XOR3_X0P5M_A9TL              90      550.800    sc9_cln65lp_base_lvt_ss_typical_max_0p90v_125c 
XOR3_X1M_A9TL                 4       25.920    sc9_cln65lp_base_lvt_ss_typical_max_0p90v_125c 
XOR3_X1P4M_A9TL               3       30.240    sc9_cln65lp_base_lvt_ss_typical_max_0p90v_125c 
XOR3_X3M_A9TL                 1       14.040    sc9_cln65lp_base_lvt_ss_typical_max_0p90v_125c 
sp_hde_16384_m16              2   719396.688    USERLIB_ss_1p08v_1p08v_125c                    
-----------------------------------------------------------------------------------------------
total                     24801  1180003.968                                                   


                    Library                    Instances    Area    Instances % 
--------------------------------------------------------------------------------
USERLIB_ss_1p08v_1p08v_125c                            2 719396.688         0.0 
sc9_cln65lp_base_hvt_ss_typical_max_0p90v_125c        99    123.840         0.4 
sc9_cln65lp_base_lvt_ss_typical_max_0p90v_125c     24501  75859.920        98.8 
sc9_cln65lp_base_rvt_ss_typical_max_0p90v_125c       135    623.520         0.5 
tpdn65lpnv2od3wc                                      64 384000.000         0.3 

                                                          
            Type             Instances     Area    Area % 
----------------------------------------------------------
timing_model                        66 1103396.688   93.5 
sequential                        2189   18915.480    1.6 
inverter                          3977    5114.880    0.4 
buffer                             191     439.920    0.0 
clock_gating_integrated_cell        57     369.360    0.0 
unresolved                           4       0.000    0.0 
logic_abstract                       4       0.000    0.0 
logic                            18321   51767.640    4.4 
physical_cells                       0       0.000    0.0 
----------------------------------------------------------
total                            24809 1180003.968  100.0 

