###############################################################
#  Generated by:      Cadence Innovus 21.15-s110_1
#  OS:                Linux x86_64(Host ID ip-10-70-158-178.il-central-1.compute.internal)
#  Generated on:      Mon Feb 10 15:51:02 2025
#  Design:            lp_riscv_top
###############################################################

#########################################################
### IO instance overlapping with  other IO instance>
### (Using {} to escape special chars in IO Inst names)
set pchkIoOverlapList [list \
	{i_ioring/i_PCORNER_NE} \
	{i_ioring/i_PCORNER_NW} \
	{i_ioring/i_PCORNER_SE} \
	{i_ioring/i_PCORNER_SW} \
	]

## Summary: 
#########################################################
## Number of Placed Instances = 0
## Number of Unplaced Instances = 24737
##   of which 2 are Macro Block.
## Placement Density:69.87%(796004/1139343)
## Placement Density (including fixed std cells):69.87%(796004/1139343)
