###############################################################
#  Generated by:      Cadence Innovus 21.15-s110_1
#  OS:                Linux x86_64(Host ID ip-10-70-158-178.il-central-1.compute.internal)
#  Generated on:      Mon Feb 10 15:51:02 2025
#  Design:            lp_riscv_top
###############################################################
Design: lp_riscv_top

------ Design Summary:
Total Standard Cell Number   (cells) : 24735
Total Block Cell Number      (cells) : 2
Total I/O Pad Cell Number    (cells) : 3356
Total Standard Cell Area     ( um^2) : 76607.28
Total Block Cell Area        ( um^2) : 719396.70
Total I/O Pad Cell Area      ( um^2) : 1009974.60

------ Design Statistics:

Number of Instances            : 28093
Number of Non-uniquified Insts : 28005
Number of Nets                 : 26459
Average number of Pins per Net : 3.48
Maximum number of Pins in Net  : 2184

------ I/O Port summary

Number of Primary I/O Ports    : 35
Number of Input Ports          : 34
Number of Output Ports         : 1
Number of Bidirectional Ports  : 0
Number of Power/Ground Ports   : 0



------------------------------------------------------------
Detail report:


------ I/O Pad/Port Checking


