============================================================
  Generated by:           Genus(TM) Synthesis Solution 21.15-s080_1
  Generated on:           Jan 21 2025  05:10:02 pm
  Module:                 lp_riscv_top
  Operating conditions:   ss_typical_max_0p90v_125c (balanced_tree)
  Wireload mode:          top
  Area mode:              timing library
============================================================


Path 1: MET (1 ps) Setup Check with Pin lp_riscv/i_riscv_core_id_stage_i_mult_dot_op_b_ex_o_reg[31]/CK->D
          Group: reg2reg
     Startpoint: (R) lp_riscv/i_riscv_core_id_stage_i_mult_operator_ex_o_reg[1]/CK
          Clock: (R) CLK
       Endpoint: (R) lp_riscv/i_riscv_core_id_stage_i_mult_dot_op_b_ex_o_reg[31]/D
          Clock: (R) CLK

                     Capture       Launch     
        Clock Edge:+    5000            0     
       Src Latency:+       0            0     
       Net Latency:+       0 (I)        0 (I) 
           Arrival:=    5000            0     
                                              
             Setup:-      98                  
       Uncertainty:-     125                  
     Required Time:=    4777                  
      Launch Clock:-       0                  
         Data Path:-    4776                  
             Slack:=       1                  

#-------------------------------------------------------------------------------------------------------------------------------------------------------------------------------------------------------------------------------------------------------------
#                                                                                     Timing Point                                                                                       Flags    Arc   Edge         Cell          Fanout Trans Delay Arrival 
#                                                                                                                                                                                                                                          (ps)  (ps)   (ps)  
#-------------------------------------------------------------------------------------------------------------------------------------------------------------------------------------------------------------------------------------------------------------
  lp_riscv/i_riscv_core_id_stage_i_mult_operator_ex_o_reg[1]/CK                                                                                                                          -       -      R     (arrival)               179     0     0       0 
  lp_riscv/i_riscv_core_id_stage_i_mult_operator_ex_o_reg[1]/Q                                                                                                                           -       CK->Q  R     DFFRPQ_X1M_A9TL           6   144   344     344 
  lp_riscv/g82661/Y                                                                                                                                                                      -       B->Y   R     OR2_X2M_A9TL              2    72   144     487 
  lp_riscv/g81568/Y                                                                                                                                                                      -       A->Y   F     NOR2XB_X6M_A9TL           2    61    56     544 
  lp_riscv/g82276/Y                                                                                                                                                                      -       A->Y   R     INV_X7P5M_A9TL           12    63    63     606 
  lp_riscv/g81440/Y                                                                                                                                                                      -       A->Y   F     INV_X2M_A9TL             13    73    69     675 
  lp_riscv/g81438/Y                                                                                                                                                                      -       A->Y   R     INV_X1M_A9TL             12   215   151     826 
  lp_riscv/g82225/Y                                                                                                                                                                      -       B->Y   F     NAND2_X1A_A9TL            1   110   125     952 
  lp_riscv/g82139/Y                                                                                                                                                                      -       A->Y   R     NAND2_X3A_A9TL           10   100    95    1047 
  lp_riscv/csa_tree_i_riscv_core_ex_stage_i_mult_i_add_204_63_g20435/Y                                                                                                                   -       A->Y   F     INV_X2M_A9TL              7    55    62    1109 
  lp_riscv/csa_tree_i_riscv_core_ex_stage_i_mult_i_add_204_63_g20014/Y                                                                                                                   -       A0->Y  R     OAI22_X1M_A9TL            2   165   121    1231 
  lp_riscv/csa_tree_i_riscv_core_ex_stage_i_mult_i_add_204_63_g19706/Y                                                                                                                   -       A->Y   F     NAND2_X1B_A9TL            1    72    74    1305 
  lp_riscv/csa_tree_i_riscv_core_ex_stage_i_mult_i_add_204_63_g19601/Y                                                                                                                   -       A0N->Y R     AO1B2_X1M_A9TL            2   101    84    1389 
  lp_riscv/csa_tree_i_riscv_core_ex_stage_i_mult_i_add_204_63_g19257/Y                                                                                                                   -       B->Y   F     XNOR3_X0P5M_A9TL          2   139   352    1741 
  lp_riscv/csa_tree_i_riscv_core_ex_stage_i_mult_i_add_204_63_g19149/Y                                                                                                                   -       B->Y   R     XOR2_X0P7M_A9TL           1   203   159    1900 
  lp_riscv/csa_tree_i_riscv_core_ex_stage_i_mult_i_add_204_63_g2/Y                                                                                                                       -       A->Y   R     XNOR2_X0P7M_A9TL          2   215   152    2052 
  lp_riscv/csa_tree_i_riscv_core_ex_stage_i_mult_i_add_204_63_g18973/Y                                                                                                                   -       B->Y   F     XNOR3_X0P5M_A9TL          2   148   396    2448 
  lp_riscv/csa_tree_i_riscv_core_ex_stage_i_mult_i_add_204_63_g18924/Y                                                                                                                   -       A->Y   R     XOR2_X0P7M_A9TL           1   185   124    2572 
  lp_riscv/csa_tree_i_riscv_core_ex_stage_i_mult_i_add_204_63_g18908/Y                                                                                                                   -       A->Y   R     XOR2_X0P7M_A9TL           1   255   165    2737 
  lp_riscv/csa_tree_i_riscv_core_ex_stage_i_mult_i_add_204_63_g18886/S                                                                                                                   -       A->S   F     ADDF_X1M_A9TL             1    68   323    3060 
  lp_riscv/g10819/Y                                                                                                                                                                      -       B1->Y  R     AOI22_X1M_A9TL            1   104    92    3153 
  lp_riscv/g10783/Y                                                                                                                                                                      -       B0N->Y F     AO21B_X1M_A9TL            2    76    74    3226 
  lp_riscv/final_adder_i_riscv_core_ex_stage_i_mult_i_add_254_96_Y_final_adder_i_riscv_core_ex_stage_i_mult_i_add_204_63_Y_final_adder_i_riscv_core_ex_stage_i_mult_i_add_241_81_g2069/Y -       A->Y   R     NOR2_X1B_A9TL             3   130   107    3333 
  lp_riscv/final_adder_i_riscv_core_ex_stage_i_mult_i_add_254_96_Y_final_adder_i_riscv_core_ex_stage_i_mult_i_add_204_63_Y_final_adder_i_riscv_core_ex_stage_i_mult_i_add_241_81_g2048/Y -       A->Y   F     NOR2_X1M_A9TL             3    85    90    3423 
  lp_riscv/final_adder_i_riscv_core_ex_stage_i_mult_i_add_254_96_Y_final_adder_i_riscv_core_ex_stage_i_mult_i_add_204_63_Y_final_adder_i_riscv_core_ex_stage_i_mult_i_add_241_81_g1994/Y -       B->Y   R     NAND2_X1M_A9TL            2    86    87    3510 
  lp_riscv/final_adder_i_riscv_core_ex_stage_i_mult_i_add_254_96_Y_final_adder_i_riscv_core_ex_stage_i_mult_i_add_204_63_Y_final_adder_i_riscv_core_ex_stage_i_mult_i_add_241_81_g1988/Y -       A->Y   F     INV_X1M_A9TL              1    36    43    3553 
  lp_riscv/final_adder_i_riscv_core_ex_stage_i_mult_i_add_254_96_Y_final_adder_i_riscv_core_ex_stage_i_mult_i_add_204_63_Y_final_adder_i_riscv_core_ex_stage_i_mult_i_add_241_81_g1966/Y -       A0->Y  R     AOI22_X1M_A9TL            1   100    93    3646 
  lp_riscv/final_adder_i_riscv_core_ex_stage_i_mult_i_add_254_96_Y_final_adder_i_riscv_core_ex_stage_i_mult_i_add_204_63_Y_final_adder_i_riscv_core_ex_stage_i_mult_i_add_241_81_g1959/Y -       A->Y   F     NAND3_X1A_A9TL            1    70    67    3712 
  lp_riscv/final_adder_i_riscv_core_ex_stage_i_mult_i_add_254_96_Y_final_adder_i_riscv_core_ex_stage_i_mult_i_add_204_63_Y_final_adder_i_riscv_core_ex_stage_i_mult_i_add_241_81_g1921/Y -       B0->Y  R     AOI31_X1M_A9TL            1   143   121    3833 
  lp_riscv/final_adder_i_riscv_core_ex_stage_i_mult_i_add_254_96_Y_final_adder_i_riscv_core_ex_stage_i_mult_i_add_204_63_Y_final_adder_i_riscv_core_ex_stage_i_mult_i_add_241_81_g1906/Y -       A->Y   R     XNOR2_X0P7M_A9TL          1   148   105    3938 
  lp_riscv/g126810/Y                                                                                                                                                                     -       A->Y   F     NAND2_X1M_A9TL            1    65    58    3996 
  lp_riscv/g121285/Y                                                                                                                                                                     -       A->Y   R     NAND4XXXB_X0P7M_A9TL      1   242   151    4147 
  lp_riscv/g120502/Y                                                                                                                                                                     -       D->Y   R     OR6_X3M_A9TL              3    68   170    4317 
  lp_riscv/g118998/Y                                                                                                                                                                     -       A0->Y  F     AOI21_X1M_A9TL            1    82    74    4392 
  lp_riscv/g118576/Y                                                                                                                                                                     -       C0->Y  R     OAI211_X2M_A9TL           2   143    84    4476 
  lp_riscv/g118345/Y                                                                                                                                                                     -       A0->Y  F     AOI21_X2M_A9TL            1    70    69    4545 
  lp_riscv/g118108/Y                                                                                                                                                                     -       A1->Y  R     AOI21_X1M_A9TL            1    81    96    4641 
  lp_riscv/g118029/Y                                                                                                                                                                     -       BN->Y  R     NAND2XB_X1P4M_A9TL        3    83   134    4776 
  lp_riscv/i_riscv_core_id_stage_i_mult_dot_op_b_ex_o_reg[31]/D                                                                                                                          -       -      R     DFFRPQ_X1M_A9TL           3     -     0    4776 
#-------------------------------------------------------------------------------------------------------------------------------------------------------------------------------------------------------------------------------------------------------------

