###############################################################
#  Generated by:      Cadence Innovus 21.15-s110_1
#  OS:                Linux x86_64(Host ID ip-10-70-158-178.il-central-1.compute.internal)
#  Generated on:      Mon Feb 10 16:08:27 2025
#  Design:            lp_riscv_top
#  Command:           report_timing > $rpt_dir/report_timing.rpt
###############################################################
Path 1: VIOLATED (-0.322 ns) Setup Check with Pin lp_riscv/i_riscv_core_id_stage_i_mult_operand_b_ex_o_reg[9]/CK->D
               View: wc_analysis_view
              Group: reg2reg
         Startpoint: (R) lp_riscv/i_riscv_core_id_stage_i_alu_operator_ex_o_reg[3]/CK
              Clock: (R) CLK
           Endpoint: (F) lp_riscv/i_riscv_core_id_stage_i_mult_operand_b_ex_o_reg[9]/D
              Clock: (R) CLK

                       Capture       Launch
         Clock Edge:+    6.000        0.000
        Src Latency:+    0.000        0.000
        Net Latency:+    0.000 (I)    0.000 (I)
            Arrival:=    6.000        0.000

              Setup:-    0.101
        Uncertainty:-    0.125
        Cppr Adjust:+    0.000
      Required Time:=    5.774
       Launch Clock:=    0.000
          Data Path:+    6.096
              Slack:=   -0.322

#---------------------------------------------------------------------------------------------------------------------------------------------------------
# Timing Point                                                                     Flags  Arc     Edge  Cell                Fanout  Trans   Delay  Arrival  
#                                                                                                                                    (ns)    (ns)     (ns)  
#---------------------------------------------------------------------------------------------------------------------------------------------------------
  lp_riscv/i_riscv_core_id_stage_i_alu_operator_ex_o_reg[3]/CK                     -      CK      R     (arrival)               52  0.000       -    0.000  
  lp_riscv/i_riscv_core_id_stage_i_alu_operator_ex_o_reg[3]/Q                      -      CK->Q   R     DFFRPQ_X4M_A9TL          3  0.000   0.315    0.315  
  lp_riscv/placement_opt_inst_FE_OFC9702_i_riscv_core_alu_operator_ex_3/Y          -      A->Y    F     INV_X1M_A9TL             1  0.102   0.070    0.385  
  lp_riscv/g81094/Y                                                                -      B->Y    R     NAND2_X3A_A9TL           5  0.059   0.073    0.457  
  lp_riscv/g80404/Y                                                                -      CN->Y   R     NAND3XXB_X6M_A9TL        3  0.083   0.157    0.614  
  lp_riscv/placement_opt_inst_FE_OFC6433_n_9805/Y                                  -      A->Y    F     INV_X7P5M_A9TL           3  0.141   0.063    0.677  
  lp_riscv/placement_opt_inst_FE_OFC6436_n_9805/Y                                  -      A->Y    R     INV_X13M_A9TL           17  0.054   0.058    0.736  
  lp_riscv/placement_opt_inst_FE_OCPC7317_placement_opt_inst_FE_OFN11819_n_9805/Y  -      A->Y    F     INV_X11M_A9TL           14  0.060   0.049    0.784  
  lp_riscv/g80058__6131/Y                                                          -      A->Y    R     NAND2XB_X1M_A9TL         1  0.042   0.072    0.856  
  lp_riscv/g79974__5526/Y                                                          -      B0->Y   F     OAI2XB1_X2M_A9TL         1  0.110   0.081    0.937  
  lp_riscv/i_riscv_core_ex_stage_i_alu_i_add_162_45_g1444/Y                        -      A->Y    R     INV_X2M_A9TL             2  0.078   0.059    0.995  
  lp_riscv/i_riscv_core_ex_stage_i_alu_i_add_162_45_g1316/Y                        -      BN->Y   R     NOR2XB_X3M_A9TL          2  0.055   0.150    1.146  
  lp_riscv/i_riscv_core_ex_stage_i_alu_i_add_162_45_g1286/Y                        -      A->Y    F     INV_X2M_A9TL             2  0.134   0.067    1.213  
  lp_riscv/i_riscv_core_ex_stage_i_alu_i_add_162_45_g1470/Y                        -      A1N->Y  F     OAI2XB1_X4M_A9TL         3  0.056   0.140    1.353  
  lp_riscv/i_riscv_core_ex_stage_i_alu_i_add_162_45_g1091/Y                        -      A0->Y   R     AOI2XB1_X1M_A9TL         1  0.073   0.130    1.483  
  lp_riscv/i_riscv_core_ex_stage_i_alu_i_add_162_45_g1455/Y                        -      B0->Y   F     OAI21_X1M_A9TL           1  0.163   0.116    1.599  
  lp_riscv/i_riscv_core_ex_stage_i_alu_i_add_162_45_g1451/Y                        -      B0->Y   R     AOI21_X2M_A9TL           1  0.114   0.109    1.708  
  lp_riscv/i_riscv_core_ex_stage_i_alu_i_add_162_45_g1020/Y                        -      A->Y    F     NAND2_X3M_A9TL           1  0.120   0.070    1.778  
  lp_riscv/i_riscv_core_ex_stage_i_alu_i_add_162_45_g989/Y                         -      S0->Y   F     MXIT2_X3M_A9TL           1  0.067   0.080    1.858  
  lp_riscv/placement_opt_inst_FE_OFC5352_n_11965/Y                                 -      A->Y    F     BUF_X6M_A9TL             3  0.075   0.137    1.995  
  lp_riscv/placement_opt_inst_FE_OFC8279_n_11965/Y                                 -      A->Y    R     INV_X4M_A9TL             1  0.082   0.052    2.048  
  lp_riscv/i_riscv_core_ex_stage_i_alu_i_add_176_44_g1272/Y                        -      A->Y    F     NAND2_X6M_A9TL           3  0.047   0.039    2.087  
  lp_riscv/i_riscv_core_ex_stage_i_alu_i_add_176_44_g1155/Y                        -      B->Y    R     NAND2_X1P4M_A9TL         1  0.047   0.080    2.167  
  lp_riscv/i_riscv_core_ex_stage_i_alu_i_add_176_44_g1091/Y                        -      A->Y    F     NAND2XB_X4M_A9TL         1  0.108   0.050    2.217  
  lp_riscv/i_riscv_core_ex_stage_i_alu_i_add_176_44_g1342/Y                        -      B0->Y   R     AOI2XB1_X4M_A9TL         4  0.049   0.093    2.310  
  lp_riscv/i_riscv_core_ex_stage_i_alu_i_add_176_44_g1024/Y                        -      A0->Y   F     OAI2XB1_X1P4M_A9TL       1  0.128   0.090    2.400  
  lp_riscv/i_riscv_core_ex_stage_i_alu_i_add_176_44_g1013/Y                        -      B0->Y   R     AOI2XB1_X2M_A9TL         1  0.074   0.085    2.485  
  lp_riscv/i_riscv_core_ex_stage_i_alu_i_add_176_44_g947/Y                         -      A->Y    F     NAND2_X2A_A9TL           1  0.097   0.078    2.562  
  lp_riscv/i_riscv_core_ex_stage_i_alu_i_add_176_44_g939/Y                         -      S0->Y   F     MXIT2_X3M_A9TL           1  0.081   0.095    2.657  
  lp_riscv/g81889/Y                                                                -      A->Y    R     NAND2_X6A_A9TL           1  0.096   0.063    2.720  
  lp_riscv/g80457/Y                                                                -      A->Y    F     NAND2_X8A_A9TL           2  0.072   0.062    2.782  
  lp_riscv/placement_opt_inst_FE_OCPC7779_n_11811/Y                                -      A->Y    F     BUFH_X16M_A9TL          11  0.064   0.094    2.876  
  lp_riscv/i_riscv_core_ex_stage_i_alu_i_sra_292_63_g2004/Y                        -      B->Y    R     MXIT2_X2M_A9TL           2  0.056   0.101    2.977  
  lp_riscv/i_riscv_core_ex_stage_i_alu_i_sra_292_63_g2153/Y                        -      A0->Y   F     OAI21_X1P4M_A9TL         2  0.180   0.121    3.099  
  lp_riscv/i_riscv_core_ex_stage_i_alu_i_sra_292_63_g1923/Y                        -      A->Y    R     NAND2XB_X2M_A9TL         1  0.108   0.074    3.173  
  lp_riscv/i_riscv_core_ex_stage_i_alu_i_sra_292_63_g1887/Y                        -      B->Y    F     NAND2_X2B_A9TL           2  0.072   0.078    3.250  
  lp_riscv/i_riscv_core_ex_stage_i_alu_i_sra_292_63_g1857/Y                        -      A0->Y   R     AOI2XB1_X1M_A9TL         2  0.112   0.149    3.400  
  lp_riscv/i_riscv_core_ex_stage_i_alu_i_sra_292_63_g1848/Y                        -      A0->Y   F     OAI2XB1_X1M_A9TL         1  0.172   0.119    3.518  
  lp_riscv/g123628/Y                                                               -      B0->Y   R     AOI22_X2M_A9TL           1  0.111   0.149    3.668  
  lp_riscv/g122755/Y                                                               -      B->Y    F     NAND3_X6A_A9TL           3  0.204   0.120    3.788  
  lp_riscv/g122050/Y                                                               -      B->Y    R     MXIT2_X0P5M_A9TL         1  0.109   0.120    3.907  
  lp_riscv/placement_opt_inst_FE_OFC10124_n_5651/Y                                 -      A->Y    R     BUF_X1M_A9TL             2  0.159   0.209    4.116  
  lp_riscv/placement_opt_inst_FE_RC_253_0/Y                                        -      A0->Y   F     AOI22_X3M_A9TL           1  0.195   0.110    4.227  
  lp_riscv/placement_opt_inst_FE_RC_29_0/Y                                         -      A0->Y   R     AOI32_X3M_A9TL           1  0.109   0.132    4.359  
  lp_riscv/placement_opt_inst_FE_RC_485_0/Y                                        -      B0->Y   F     OAI2XB1_X4M_A9TL         1  0.143   0.076    4.435  
  lp_riscv/g121080/Y                                                               -      B->Y    R     MXIT2_X3M_A9TL           1  0.067   0.086    4.520  
  lp_riscv/placement_opt_inst_FE_RC_582_0/Y                                        -      B->Y    F     MXIT2_X3M_A9TL           1  0.122   0.082    4.602  
  lp_riscv/placement_opt_inst_FE_RC_581_0/Y                                        -      A->Y    F     AND2_X8M_A9TL            4  0.082   0.120    4.722  
  lp_riscv/placement_opt_inst_FE_OFC6430_n_6389/Y                                  -      A->Y    F     BUFH_X16M_A9TL          19  0.053   0.086    4.808  
  lp_riscv/placement_opt_inst_FE_RC_107_0/Y                                        -      A->Y    R     NOR2_X4A_A9TL            1  0.055   0.061    4.869  
  lp_riscv/g121031/Y                                                               -      A->Y    F     MXIT2_X3M_A9TL           1  0.068   0.064    4.933  
  lp_riscv/g120998/Y                                                               -      A->Y    R     NAND2_X3B_A9TL           1  0.064   0.057    4.990  
  lp_riscv/placement_opt_inst_FE_RC_19_0/Y                                         -      A->Y    F     NAND3XXB_X6M_A9TL        3  0.072   0.113    5.102  
  lp_riscv/g120099/Y                                                               -      A0->Y   R     AOI21_X4M_A9TL           1  0.164   0.106    5.209  
  lp_riscv/placement_opt_inst_FE_RC_434_0/Y                                        -      A->Y    F     NAND2_X2A_A9TL           3  0.088   0.155    5.364  
  lp_riscv/g118862/Y                                                               -      A->Y    R     NAND2XB_X2M_A9TL         1  0.218   0.118    5.482  
  lp_riscv/g118483/Y                                                               -      A->Y    F     NAND3XXB_X4M_A9TL        1  0.101   0.062    5.543  
  lp_riscv/g118381/Y                                                               -      A->Y    R     NOR2XB_X4M_A9TL          4  0.066   0.130    5.673  
  lp_riscv/g118112/Y                                                               -      A->Y    F     MXIT2_X0P5M_A9TL         1  0.190   0.120    5.793  
  lp_riscv/placement_opt_inst_FE_OFC10126_n_8081/Y                                 -      A->Y    F     BUF_X0P8M_A9TL           1  0.112   0.159    5.953  
  lp_riscv/placement_opt_inst_FE_OFC7791_n_8081/Y                                  -      A->Y    F     BUF_X5M_A9TL             3  0.087   0.144    6.096  
  lp_riscv/i_riscv_core_id_stage_i_mult_operand_b_ex_o_reg[9]/D                    -      D       F     DFFRPQ_X4M_A9TL          3  0.079   0.000    6.096  
#---------------------------------------------------------------------------------------------------------------------------------------------------------

