###############################################################
#  Generated by:      Cadence Innovus 21.15-s110_1
#  OS:                Linux x86_64(Host ID ip-10-70-158-178.il-central-1.compute.internal)
#  Generated on:      Mon Feb 10 16:10:44 2025
#  Design:            lp_riscv_top
#  Command:           report_timing > $rpt_dir/report_timing.rpt
###############################################################
Path 1: VIOLATED (-0.329 ns) Setup Check with Pin lp_riscv/i_riscv_core_id_stage_i_mult_operand_b_ex_o_reg[9]/CK->D
               View: wc_analysis_view
              Group: reg2reg
         Startpoint: (R) lp_riscv/i_riscv_core_id_stage_i_alu_operator_ex_o_reg[3]/CK
              Clock: (R) CLK
           Endpoint: (F) lp_riscv/i_riscv_core_id_stage_i_mult_operand_b_ex_o_reg[9]/D
              Clock: (R) CLK

                       Capture       Launch
         Clock Edge:+    6.000        0.000
        Src Latency:+    0.000        0.000
        Net Latency:+    0.000 (I)    0.000 (I)
            Arrival:=    6.000        0.000

              Setup:-    0.101
        Uncertainty:-    0.125
        Cppr Adjust:+    0.000
      Required Time:=    5.774
       Launch Clock:=    0.000
          Data Path:+    6.103
              Slack:=   -0.329

#-------------------------------------------------------------------------------------------------------------------------------------------------------
# Timing Point                                                                     Flags  Arc    Edge  Cell               Fanout  Trans   Delay  Arrival  
#                                                                                                                                  (ns)    (ns)     (ns)  
#-------------------------------------------------------------------------------------------------------------------------------------------------------
  lp_riscv/i_riscv_core_id_stage_i_alu_operator_ex_o_reg[3]/CK                     -      CK     R     (arrival)              52  0.000       -    0.000  
  lp_riscv/i_riscv_core_id_stage_i_alu_operator_ex_o_reg[3]/Q                      -      CK->Q  F     DFFRPQ_X4M_A9TL         3  0.000   0.298    0.298  
  lp_riscv/placement_opt_inst_FE_OFC9702_i_riscv_core_alu_operator_ex_3/Y          -      A->Y   R     INV_X1M_A9TL            1  0.080   0.078    0.376  
  lp_riscv/g81094/Y                                                                -      B->Y   F     NAND2_X3A_A9TL          5  0.080   0.085    0.461  
  lp_riscv/g80404/Y                                                                -      CN->Y  F     NAND3XXB_X6M_A9TL       3  0.098   0.164    0.625  
  lp_riscv/placement_opt_inst_FE_OFC6433_n_9805/Y                                  -      A->Y   R     INV_X7P5M_A9TL          3  0.093   0.067    0.692  
  lp_riscv/placement_opt_inst_FE_OFC6436_n_9805/Y                                  -      A->Y   F     INV_X13M_A9TL          17  0.061   0.046    0.738  
  lp_riscv/placement_opt_inst_FE_OCPC7317_placement_opt_inst_FE_OFN11819_n_9805/Y  -      A->Y   R     INV_X11M_A9TL          14  0.042   0.056    0.794  
  lp_riscv/g132172/Y                                                               -      A->Y   R     XOR2_X0P7M_A9TL         1  0.066   0.083    0.877  
  lp_riscv/placement_opt_inst_FE_OFC10132_n_14023/Y                                -      A->Y   R     BUF_X0P8M_A9TL          2  0.171   0.177    1.054  
  lp_riscv/i_riscv_core_ex_stage_i_alu_i_add_162_45_g1481/Y                        -      B->Y   R     OR2_X3M_A9TL            3  0.130   0.141    1.195  
  lp_riscv/i_riscv_core_ex_stage_i_alu_i_add_162_45_g1283/Y                        -      A->Y   F     INV_X2M_A9TL            1  0.074   0.046    1.241  
  lp_riscv/i_riscv_core_ex_stage_i_alu_i_add_162_45_g1174/Y                        -      A1->Y  R     OAI21_X3M_A9TL          1  0.038   0.106    1.347  
  lp_riscv/placement_opt_inst_FE_RC_497_0/Y                                        -      B0->Y  F     AOI2XB1_X6M_A9TL        1  0.135   0.069    1.416  
  lp_riscv/placement_opt_inst_FE_RC_516_0/Y                                        -      B0->Y  R     OAI2XB1_X8M_A9TL        2  0.068   0.075    1.491  
  lp_riscv/i_riscv_core_ex_stage_i_alu_i_add_162_45_g1033/Y                        -      B0->Y  F     AOI21_X8M_A9TL          7  0.117   0.104    1.595  
  lp_riscv/i_riscv_core_ex_stage_i_alu_i_add_162_45_g2/Y                           -      A0->Y  R     OAI21B_X2M_A9TL         1  0.126   0.137    1.731  
  lp_riscv/g132342/Y                                                               -      B->Y   R     XOR2_X4M_A9TL           1  0.156   0.147    1.879  
  lp_riscv/placement_opt_inst_FE_OFC5006_n_14195/Y                                 -      A->Y   F     INV_X6M_A9TL            3  0.196   0.108    1.986  
  lp_riscv/i_riscv_core_ex_stage_i_alu_i_add_176_44_g1275/Y                        -      A->Y   R     NAND2_X6M_A9TL          3  0.099   0.080    2.067  
  lp_riscv/i_riscv_core_ex_stage_i_alu_i_add_176_44_g1174/Y                        -      A->Y   F     NAND2_X4M_A9TL          3  0.084   0.063    2.129  
  lp_riscv/i_riscv_core_ex_stage_i_alu_i_add_176_44_g1085/Y                        -      B->Y   R     NOR2_X6A_A9TL           5  0.062   0.099    2.228  
  lp_riscv/i_riscv_core_ex_stage_i_alu_i_add_176_44_g1059/Y                        -      A->Y   F     NAND2XB_X1M_A9TL        1  0.117   0.076    2.305  
  lp_riscv/i_riscv_core_ex_stage_i_alu_i_add_176_44_g963/Y                         -      BN->Y  F     NAND2XB_X2M_A9TL        1  0.075   0.131    2.436  
  lp_riscv/i_riscv_core_ex_stage_i_alu_i_add_176_44_g957/Y                         -      B->Y   R     NAND2_X2M_A9TL          1  0.058   0.086    2.522  
  lp_riscv/i_riscv_core_ex_stage_i_alu_i_add_176_44_g1343/Y                        -      A->Y   F     XNOR2_X3M_A9TL          1  0.109   0.074    2.596  
  lp_riscv/g80579/Y                                                                -      A->Y   R     NAND2_X6M_A9TL          1  0.100   0.075    2.672  
  lp_riscv/g80492/Y                                                                -      A->Y   F     NAND2_X8A_A9TL         12  0.087   0.102    2.773  
  lp_riscv/i_riscv_core_ex_stage_i_alu_i_srl_294_63_g2288/Y                        -      B->Y   R     MXIT2_X2M_A9TL          2  0.125   0.117    2.890  
  lp_riscv/i_riscv_core_ex_stage_i_alu_i_srl_294_63_g2249/Y                        -      A->Y   F     MXIT2_X1M_A9TL          2  0.154   0.122    3.013  
  lp_riscv/i_riscv_core_ex_stage_i_alu_i_srl_294_63_g2185/Y                        -      B->Y   R     MXIT2_X1M_A9TL          2  0.123   0.150    3.162  
  lp_riscv/i_riscv_core_ex_stage_i_alu_i_srl_294_63_g2156/Y                        -      A->Y   F     NOR2XB_X1M_A9TL         1  0.248   0.134    3.296  
  lp_riscv/i_riscv_core_ex_stage_i_alu_i_srl_294_63_g2123/Y                        -      B0->Y  R     AOI2XB1_X2M_A9TL        2  0.116   0.149    3.445  
  lp_riscv/i_riscv_core_ex_stage_i_alu_i_srl_294_63_g2100/Y                        -      B->Y   F     MXIT2_X3M_A9TL          1  0.191   0.085    3.530  
  lp_riscv/placement_opt_inst_FE_OFC7608_n_11643/Y                                 -      A->Y   F     BUFH_X1P4M_A9TL         1  0.074   0.107    3.637  
  lp_riscv/g124523/Y                                                               -      A->Y   R     NAND2_X2M_A9TL          1  0.059   0.077    3.714  
  lp_riscv/g123199/Y                                                               -      A->Y   F     NAND3XXB_X6M_A9TL       3  0.117   0.107    3.821  
  lp_riscv/g122058/Y                                                               -      B->Y   R     MXIT2_X4M_A9TL          3  0.127   0.131    3.952  
  lp_riscv/placement_opt_inst_FE_RC_221_0/Y                                        -      A0->Y  F     AOI21_X2M_A9TL          1  0.184   0.097    4.049  
  lp_riscv/placement_opt_inst_FE_RC_523_0/Y                                        -      A->Y   R     NAND2_X2A_A9TL          1  0.113   0.070    4.119  
  lp_riscv/placement_opt_inst_FE_RC_626_0/Y                                        -      B0->Y  F     OAI31_X4M_A9TL          1  0.061   0.066    4.185  
  lp_riscv/g121201/Y                                                               -      B0->Y  R     AOI32_X2M_A9TL          1  0.088   0.121    4.306  
  lp_riscv/g121118/Y                                                               -      B->Y   F     NAND2_X2A_A9TL          1  0.162   0.095    4.401  
  lp_riscv/placement_opt_inst_FE_RC_595_0/Y                                        -      A0->Y  R     AOI22_X3M_A9TL          1  0.079   0.119    4.519  
  lp_riscv/placement_opt_inst_FE_RC_582_0/Y                                        -      A->Y   F     MXIT2_X3M_A9TL          1  0.134   0.086    4.606  
  lp_riscv/placement_opt_inst_FE_RC_581_0/Y                                        -      A->Y   F     AND2_X8M_A9TL           4  0.082   0.120    4.725  
  lp_riscv/placement_opt_inst_FE_OFC6430_n_6389/Y                                  -      A->Y   F     BUFH_X16M_A9TL         19  0.053   0.086    4.812  
  lp_riscv/placement_opt_inst_FE_RC_107_0/Y                                        -      A->Y   R     NOR2_X4A_A9TL           1  0.055   0.061    4.873  
  lp_riscv/g121031/Y                                                               -      A->Y   F     MXIT2_X3M_A9TL          1  0.068   0.064    4.937  
  lp_riscv/g120998/Y                                                               -      A->Y   R     NAND2_X3B_A9TL          1  0.064   0.057    4.993  
  lp_riscv/placement_opt_inst_FE_RC_19_0/Y                                         -      A->Y   F     NAND3XXB_X6M_A9TL       3  0.072   0.112    5.106  
  lp_riscv/g120099/Y                                                               -      A0->Y  R     AOI21_X4M_A9TL          1  0.164   0.106    5.212  
  lp_riscv/placement_opt_inst_FE_RC_434_0/Y                                        -      A->Y   F     NAND2_X2A_A9TL          3  0.088   0.155    5.367  
  lp_riscv/g118862/Y                                                               -      A->Y   R     NAND2XB_X2M_A9TL        1  0.218   0.120    5.487  
  lp_riscv/g118483/Y                                                               -      A->Y   F     NAND3XXB_X4M_A9TL       1  0.103   0.062    5.549  
  lp_riscv/g118381/Y                                                               -      A->Y   R     NOR2XB_X4M_A9TL         4  0.066   0.130    5.678  
  lp_riscv/g118112/Y                                                               -      A->Y   F     MXIT2_X0P5M_A9TL        1  0.190   0.120    5.799  
  lp_riscv/placement_opt_inst_FE_OFC10126_n_8081/Y                                 -      A->Y   F     BUF_X0P8M_A9TL          1  0.115   0.161    5.959  
  lp_riscv/placement_opt_inst_FE_OFC7791_n_8081/Y                                  -      A->Y   F     BUF_X5M_A9TL            3  0.087   0.143    6.103  
  lp_riscv/i_riscv_core_id_stage_i_mult_operand_b_ex_o_reg[9]/D                    -      D      F     DFFRPQ_X4M_A9TL         3  0.079   0.000    6.103  
#-------------------------------------------------------------------------------------------------------------------------------------------------------

