###############################################################
#  Generated by:      Cadence Innovus 21.15-s110_1
#  OS:                Linux x86_64(Host ID ip-10-70-158-178.il-central-1.compute.internal)
#  Generated on:      Mon Feb 10 16:09:15 2025
#  Design:            lp_riscv_top
#  Command:           report_clock_trees -out_file /data/project/tsmc65/users/liosky/ws/DVD25/hw7/workspace/../reports/cts//clock_trees.rpt
###############################################################

Clock DAG stats:
================

----------------------------------------------------------
Cell type                 Count    Area        Capacitance
----------------------------------------------------------
Buffers                     0         0.000       0.000
Inverters                   0         0.000       0.000
Integrated Clock Gates     57       369.360       0.146
Discrete Clock Gates        1         1.800       0.001
Clock Logic                 1      6000.000       2.783
All                        59      6371.160       2.930
----------------------------------------------------------


Clock DAG sink counts:
======================

-------------------------
Sink type           Count
-------------------------
Regular             2190
Enable Latch           1
Load Capacitance       0
Antenna Diode          0
Node Sink              0
Total               2191
-------------------------


Clock DAG wire lengths:
=======================

--------------------
Type     Wire Length
--------------------
Top           0.000
Trunk         0.000
Leaf      18882.695
Total     18882.695
--------------------


Clock DAG hp wire lengths:
==========================

-----------------------
Type     hp Wire Length
-----------------------
Top            0.000
Trunk          0.000
Leaf        9991.895
Total       9991.895
-----------------------


Clock DAG capacitances:
=======================

--------------------------------
Type     Gate     Wire     Total
--------------------------------
Top      0.000    0.000    0.000
Trunk    2.783    0.000    2.783
Leaf     2.125    2.747    4.872
Total    4.908    2.747    7.655
--------------------------------


Clock DAG sink capacitances:
============================

-----------------------------------------------
Total    Average    Std. Dev.    Min      Max
-----------------------------------------------
1.978     0.001       0.001      0.001    0.034
-----------------------------------------------


Clock DAG net violations:
=========================

----------------------------------------------------------------------------------------------------------------------------------------------------------
Type                    Units    Count    Average    Std. Dev.    Sum         Top 10 violations
----------------------------------------------------------------------------------------------------------------------------------------------------------
Remaining Transition    ns        60       2.332       1.673       139.949    [10.665, 9.063, 4.769, 3.544, 3.480, 3.091, 2.886, 2.882, 2.809, 2.797, ...]
Fanout                    -       54      20.907      31.095      1129.000    [172, 158, 78, 52, 45, 44, 32, 12, 12, 12, ...]
----------------------------------------------------------------------------------------------------------------------------------------------------------


Clock DAG primary half-corner transition distribution:
======================================================

----------------------------------------------------------------------------------------------------------------------------------------------------------------
Net Type    Target    Count    Average    Std. Dev.    Min      Max       Distribution    Over Target
----------------------------------------------------------------------------------------------------------------------------------------------------------------
Trunk       0.250       1       0.304       0.000      0.304     0.304         -          {0 <= 0.263ns, 0 <= 0.275ns, 0 <= 0.300ns, 1 <= 0.375ns, 0 > 0.375ns}
Leaf        0.250      59       2.621       1.660      0.395    10.915         -          {0 <= 0.263ns, 0 <= 0.275ns, 0 <= 0.300ns, 0 <= 0.375ns, 59 > 0.375ns}
----------------------------------------------------------------------------------------------------------------------------------------------------------------


Clock DAG library cell distribution:
====================================

-------------------------------------------------
Name                 Type     Inst     Inst Area 
                              Count    (um^2)
-------------------------------------------------
PREICG_X0P5B_A9TR    icg       57        369.360
AND2_X0P7M_A9TR      dcg        1          1.800
PDDW1216SCDG         logic      1       6000.000
-------------------------------------------------



Please note that the following tables reflect only the defined clock trees, so the flop counts might not include all flops in your design.

Clock Tree Summary:
===================

---------------------------------------------------------------------------------------------------------------------
Clock Tree  Clock  Bufs  Invs  Other  Max       Max     Max     Max          Standard   Wire   Gate   Clock Tree Root
Name        Gates              Clock  Non-leaf  Leaf    Length  Source-sink  cell area  cap    cap    
                               Cells  Fanout    Fanout  (um)    Resistance   (um^2)     (pF)   (pF)   
                                                                (Ohms)                                
---------------------------------------------------------------------------------------------------------------------
CLK          58     0     0      1       1       192    2037.2    27260.4    6371.160   2.747  4.908  PAD_CLK
---------------------------------------------------------------------------------------------------------------------

1 clock trees contain a total of 1 nets marked dont_touch, which will not have been buffered, and may have Design Rule Violations as a consequence.
1 clock trees contain a total of 1 nets marked ideal_network, which will not have been buffered, and may have Design Rule Violations as a consequence.

Clock Sink Summary:
===================

-------------------------------------------------------------------------------------------------------------------------------------------
Clock Tree  Explicit      Implicit      Explicit     Implicit     Explicit   Implicit   Posedge  Negedge  Memory  Enable  Non enable  Other
Name        exclude pins  exclude pins  ignore pins  ignore pins  stop pins  stop pins  Flops    Flops    Clock   Latch   Latch       Sinks
                                                                                                          Pins    Sinks   Sinks       
-------------------------------------------------------------------------------------------------------------------------------------------
CLK              0             0             0            0           0          0       2188       0       2       1         0         0
-------------------------------------------------------------------------------------------------------------------------------------------

Summary across all clock trees:
===============================

-------------------------------------------------------------------------------------------------------------
Clock  Bufs  Invs  Other  Max       Average   Max     Average  Max       Max          Standard   Wire   Gate
Gates              Clock  Non-leaf  Non-leaf  Leaf    Leaf     Length    Source-sink  cell area  cap    cap
                   Cells  Fanout    Fanout    Fanout  Fanout   (um)      Resistance   (um^2)     (pF)   (pF)
                                                                         (Ohms)                         
-------------------------------------------------------------------------------------------------------------
 58     0     0      1       1         1       192    38.1186  2037.205   2726.042    6371.160   2.747  4.908
-------------------------------------------------------------------------------------------------------------

Clock Sink Summary across all clock trees:
==========================================

-------------------------------------------------------------------------------------------------------------------------------
Explicit      Implicit      Explicit     Implicit     Explicit   Implicit   Posedge  Negedge  Memory  Enable  Non enable  Other
exclude pins  exclude pins  ignore pins  ignore pins  stop pins  stop pins  Flops    Flops    Clock   Latch   Latch       Sinks
                                                                                              Pins    Sinks   Sinks       
-------------------------------------------------------------------------------------------------------------------------------
     0             0             0            0           0          0       2188       0       2       1         0         0
-------------------------------------------------------------------------------------------------------------------------------

Physical metrics across all clock trees:
========================================

------------------------------------------------------------------------
Metric                               Minimum  Average  Maximum   Std.dev
------------------------------------------------------------------------
Source-sink routed net length (um)    0.000   181.247  2037.205  254.876
Source-sink manhattan distance (um)   0.000   129.776  1316.965  163.187
Source-sink resistance (Ohm)          0.000   326.240  2726.042  342.920
------------------------------------------------------------------------

Transition distribution for half-corner wc_dly_corner:setup.late:
=================================================================

----------------------------------------------------------------------------------------------------------------------------------------------------------------
Net Type    Target    Count    Average    Std. Dev.    Min      Max       Distribution    Over Target
----------------------------------------------------------------------------------------------------------------------------------------------------------------
Trunk       0.250       1       0.304       0.000      0.304     0.304         -          {0 <= 0.263ns, 0 <= 0.275ns, 0 <= 0.300ns, 1 <= 0.375ns, 0 > 0.375ns}
Leaf        0.250      59       2.621       1.660      0.395    10.915         -          {0 <= 0.263ns, 0 <= 0.275ns, 0 <= 0.300ns, 0 <= 0.375ns, 59 > 0.375ns}
----------------------------------------------------------------------------------------------------------------------------------------------------------------

Count of violations across all clock trees:
===========================================

---------------------------------------------------------------------------------------
Clock Tree  # Max capacitance  # Max resistance  # Max length  # Max fanout  # Slew
Name        violations         violations        violations    violations    violations
---------------------------------------------------------------------------------------
CLK                51                 0               0             54          2309
---------------------------------------------------------------------------------------
Total              51                 0               0             54          2309
---------------------------------------------------------------------------------------

Note the above table per clock tree is based on CCOpt clock tree view. The violations are counted across half corners.

Found a total of 51 clock tree pins with max capacitance violations.
Found a total of 51 max capacitance violations.
Total violation amount 2.091pF.

Max capacitance violation summary across all clock trees - Top 10 violations:
=============================================================================

Target and measured capacitances (in pF):

-------------------------------------------------------------------------------------------------------------------------------------------------
Half corner               Violation  Capacitance  Capacitance  Target                           Pin
                          amount     target       achieved     source                           
-------------------------------------------------------------------------------------------------------------------------------------------------
wc_dly_corner:setup.late    0.337       0.100        0.437     target_max_capacitance_property  lp_riscv/g82423/Y
wc_dly_corner:setup.late    0.247       0.100        0.347     target_max_capacitance_property  i_ioring/i_CLK/C
wc_dly_corner:setup.late    0.227       0.048        0.275     library_or_sdc_constraint        lp_riscv/RC_CG_HIER_INST5/RC_CGIC_INST/ECK
wc_dly_corner:setup.late    0.098       0.048        0.147     library_or_sdc_constraint        lp_riscv/RC_CG_HIER_INST6/RC_CGIC_INST/ECK
wc_dly_corner:setup.late    0.062       0.048        0.110     library_or_sdc_constraint        lp_riscv/RC_CG_HIER_INST8/RC_CGIC_INST/ECK
wc_dly_corner:setup.late    0.060       0.048        0.108     library_or_sdc_constraint        lp_riscv/RC_CG_HIER_INST7/RC_CGIC_INST/ECK
wc_dly_corner:setup.late    0.048       0.048        0.097     library_or_sdc_constraint        lp_riscv/RC_CG_DECLONE_HIER_INST/RC_CGIC_INST/ECK
wc_dly_corner:setup.late    0.042       0.048        0.091     library_or_sdc_constraint        lp_riscv/RC_CG_HIER_INST47/RC_CGIC_INST/ECK
wc_dly_corner:setup.late    0.042       0.048        0.090     library_or_sdc_constraint        lp_riscv/RC_CG_HIER_INST55/RC_CGIC_INST/ECK
wc_dly_corner:setup.late    0.040       0.048        0.088     library_or_sdc_constraint        lp_riscv/RC_CG_HIER_INST54/RC_CGIC_INST/ECK
-------------------------------------------------------------------------------------------------------------------------------------------------

Target sources:
target_max_capacitance_property - the target was set in the cts_target_max_capacitance attribute
library_or_sdc_constraint - the non-frequency-dependent target was set in a library file or by an SDC constraint
frequency_dependent_library_or_sdc_constraint - the frequency-dependent target was set in a library file or by an SDC constraint
computed_from_slew_target - the target was calculated based on the slew target at a clock root
clock_root_forced - the target was forced to be zero at a clock root


Found a total of 0 clock tree nets with max resistance violations.
Found a total of 0 clock tree nets with max length violations.
Found a total of 54 clock tree nets with max fanout violations.

Max fanout violation summary across all clock trees - Top 10 violations:
========================================================================

Target and measured fanout (in #):

------------------------------------------------------------------------------------------------------------------------------------------------------------------------------
Target  Achieved  Dont   Ideal  Net                        Node                                                                               Location            Power domain
                  touch  net?                                                                                                                                     
                  net?                                                                                                                                            
------------------------------------------------------------------------------------------------------------------------------------------------------------------------------
  20      192     N      N      lp_riscv/rc_gclk_46939     cell lp_riscv/RC_CG_HIER_INST5/RC_CGIC_INST (a lib_cell PREICG_X0P5B_A9TR)         (358.800,899.400)   auto-default
  20      178     N      N      lp_riscv/i_riscv_core_clk  cell lp_riscv/g82423 (a lib_cell AND2_X0P7M_A9TR)                                  (317.000,897.600)   auto-default
  20       98     N      N      lp_riscv/rc_gclk_46941     cell lp_riscv/RC_CG_HIER_INST6/RC_CGIC_INST (a lib_cell PREICG_X0P5B_A9TR)         (359.000,1029.000)  auto-default
  20       72     N      N      lp_riscv/rc_gclk_46943     cell lp_riscv/RC_CG_HIER_INST7/RC_CGIC_INST (a lib_cell PREICG_X0P5B_A9TR)         (353.800,1066.800)  auto-default
  20       65     N      N      lp_riscv/rc_gclk_46945     cell lp_riscv/RC_CG_HIER_INST8/RC_CGIC_INST (a lib_cell PREICG_X0P5B_A9TR)         (335.600,908.400)   auto-default
  20       64     N      N      lp_riscv/rc_gclk_14006     cell lp_riscv/RC_CG_DECLONE_HIER_INST/RC_CGIC_INST (a lib_cell PREICG_X0P5B_A9TR)  (264.200,1164.000)  auto-default
  20       52     N      N      lp_riscv/rc_gclk_46947     cell lp_riscv/RC_CG_HIER_INST9/RC_CGIC_INST (a lib_cell PREICG_X0P5B_A9TR)         (301.000,1034.400)  auto-default
  20       32     N      N      lp_riscv/rc_gclk_47026     cell lp_riscv/RC_CG_HIER_INST48/RC_CGIC_INST (a lib_cell PREICG_X0P5B_A9TR)        (208.400,969.600)   auto-default
  20       32     N      N      lp_riscv/rc_gclk_47028     cell lp_riscv/RC_CG_HIER_INST49/RC_CGIC_INST (a lib_cell PREICG_X0P5B_A9TR)        (266.000,1171.200)  auto-default
  20       32     N      N      lp_riscv/rc_gclk_47030     cell lp_riscv/RC_CG_HIER_INST50/RC_CGIC_INST (a lib_cell PREICG_X0P5B_A9TR)        (341.600,1011.000)  auto-default
------------------------------------------------------------------------------------------------------------------------------------------------------------------------------

Found a total of 2309 clock tree pins with a slew violation.

Slew violation summary across all clock trees - Top 10 violating pins:
======================================================================

Target and measured clock slews (in ns):

----------------------------------------------------------------------------------------------------------------------------------------------
Half corner               Violation  Slew    Slew      Dont   Ideal  Target    Pin
                          amount     target  achieved  touch  net?   source    
                                                       net?                    
----------------------------------------------------------------------------------------------------------------------------------------------
wc_dly_corner:setup.late   10.665    0.250    10.915   N      N      explicit  lp_riscv/i_riscv_core_ex_stage_i_alu_i_div_i_Cnt_DP_reg[3]/CK
wc_dly_corner:setup.late   10.665    0.250    10.915   N      N      explicit  lp_riscv/i_riscv_core_ex_stage_i_alu_i_div_i_Cnt_DP_reg[4]/CK
wc_dly_corner:setup.late   10.665    0.250    10.915   N      N      explicit  lp_riscv/i_riscv_core_ex_stage_i_alu_i_div_i_Cnt_DP_reg[5]/CK
wc_dly_corner:setup.late   10.665    0.250    10.915   N      N      explicit  lp_riscv/i_riscv_core_ex_stage_i_alu_i_div_i_CompInv_SP_reg/CK
wc_dly_corner:setup.late   10.665    0.250    10.915   N      N      explicit  lp_riscv/i_riscv_core_ex_stage_i_alu_i_div_i_RemSel_SP_reg/CK
wc_dly_corner:setup.late   10.665    0.250    10.915   N      N      explicit  lp_riscv/i_riscv_core_ex_stage_i_alu_i_div_i_ResInv_SP_reg/CK
wc_dly_corner:setup.late   10.665    0.250    10.915   N      N      explicit  lp_riscv/i_riscv_core_ex_stage_i_alu_i_div_i_State_SP_reg[1]/CK
wc_dly_corner:setup.late   10.665    0.250    10.915   N      N      explicit  lp_riscv/i_riscv_core_ex_stage_i_alu_i_div_i_State_SP_reg[0]/CK
wc_dly_corner:setup.late   10.665    0.250    10.915   N      N      explicit  lp_riscv/RC_CG_HIER_INST49/RC_CGIC_INST/CK
wc_dly_corner:setup.late   10.665    0.250    10.915   N      N      explicit  lp_riscv/RC_CG_DECLONE_HIER_INST/RC_CGIC_INST/CK
----------------------------------------------------------------------------------------------------------------------------------------------

Target sources:
auto extracted - target was extracted from SDC.
auto computed - target was computed when balancing trees.
explicit - target is explicitly set via cts_target_max_transition_time attribute.
pin explicit - target is explicitly set for this pin via cts_pin_target_max_transition_time attribute.
liberty explicit - target is explicitly set via max_transition from liberty library.

Found 2 pins on nets marked dont_touch that have slew violations.
Found 0 pins on nets marked dont_touch that do not have slew violations.
Found 0 pins on nets marked ideal_network that have slew violations.
Found 0 pins on nets marked ideal_network that do not have slew violations.


Report for clock tree: CLK:
===========================

Clock Tree Gating Structure (Logical):

# Full cycle clock gates   :  58
Minimum clock gating depth :   1
Maximum clock gating depth :   2
Clock gate area (um^2)     : 371.160

Clock Tree Buffering Structure (Logical):

# Buffers             : 0
# Inverters           : 0
  Total               : 0
Minimum depth         : 1
Maximum depth         : 3
Buffering area (um^2) : 0.000

Clock Tree Level Structure (Logical):

-----------------------------------------------------------------
Level  Full   Posedge  Negedge  Memory  Enable  Non enable  Other
       Cycle  Flops    Flops    Clock   Latch   Latch       Sinks
                                Pins    Sinks   Sinks       
-----------------------------------------------------------------
root     6       12       0       2       1         0         0
  1     52      166       0       0       0         0         0
  2      0     2010       0       0       0         0         0
-----------------------------------------------------------------
Total   58     2188       0       2       1         0         0
-----------------------------------------------------------------

Target and measured clock slews (in ns):

------------------------------------------------------------------------------------------------------------------------------------
Timing Corner              Worst Rising  Worst Falling  Worst Rising  Worst Falling  Leaf Slew    Leaf Slew  Trunk Slew   Trunk Slew
                           Leaf Slew     Leaf Slew      Trunk Slew    Trunk Slew     Target Type  Target     Target Type  Target
------------------------------------------------------------------------------------------------------------------------------------
bc_dly_corner:hold.early       3.586         2.492          3.586         2.492      ignored          -      ignored          -
bc_dly_corner:hold.late        3.586         2.492          3.586         2.492      ignored          -      ignored          -
wc_dly_corner:setup.early     10.915         8.774         10.915         8.060      ignored          -      ignored          -
wc_dly_corner:setup.late      10.915         8.822         10.915         8.060      explicit     *0.250     explicit     *0.250
------------------------------------------------------------------------------------------------------------------------------------

* - indicates that target was not met.

auto extracted - target was extracted from SDC.
auto computed - target was computed when balancing trees.

