###############################################################
#  Generated by:      Cadence Innovus 21.15-s110_1
#  OS:                Linux x86_64(Host ID ip-10-70-158-178.il-central-1.compute.internal)
#  Generated on:      Mon Feb 10 16:09:17 2025
#  Design:            lp_riscv_top
#  Command:           report_skew_groups -out_file /data/project/tsmc65/users/liosky/ws/DVD25/hw7/workspace/../reports/cts//skew_groups.rpt
###############################################################

Skew Group Structure:
=====================

-----------------------------------------------------------------
Skew Group    Sources    Constrained Sinks    Unconstrained Sinks
-----------------------------------------------------------------
CLK              1             2190                    1
-----------------------------------------------------------------

Skew Group Summary:
===================

------------------------------------------------------------------------------------------------------------------------------------------------------------------------
Timing Corner                Skew Group    ID Target    Min ID    Max ID    Avg ID    Std.Dev. ID    Skew Target Type    Skew Target    Skew      Skew window occupancy
------------------------------------------------------------------------------------------------------------------------------------------------------------------------
wc_dly_corner:setup.early    CLK               -        0.807     14.564    10.705       2.078       ignored                  -         13.757              -
wc_dly_corner:setup.late     CLK           none         0.807     14.565    10.706       2.078       auto computed       *0.000         13.758    0.0457% {0.807, 0.807}
bc_dly_corner:hold.early     CLK               -        0.491      4.348     3.211       0.553       ignored                  -          3.857              -
bc_dly_corner:hold.late      CLK               -        0.491      4.349     3.211       0.553       ignored                  -          3.858              -
------------------------------------------------------------------------------------------------------------------------------------------------------------------------

* - indicates that target was not met.

Skew Group Min/Max path pins:
=============================

----------------------------------------------------------------------------------------------------
Timing Corner                Skew Group    Min ID    PathID    Max ID    PathID
----------------------------------------------------------------------------------------------------
wc_dly_corner:setup.early    CLK           0.807       1       14.564      2
-    min lp_riscv/done_flag_reg/CK
-    max lp_riscv/i_riscv_core_if_stage_i_prefetch_32.prefetch_buffer_i_fifo_i_rdata_Q_reg[3][21]/CK
wc_dly_corner:setup.late     CLK           0.807       3       14.565      4
-    min lp_riscv/done_flag_reg/CK
-    max lp_riscv/i_riscv_core_if_stage_i_prefetch_32.prefetch_buffer_i_fifo_i_rdata_Q_reg[3][21]/CK
bc_dly_corner:hold.early     CLK           0.491       5        4.348      6
-    min lp_riscv/done_flag_reg/CK
-    max lp_riscv/i_riscv_core_if_stage_i_prefetch_32.prefetch_buffer_i_fifo_i_rdata_Q_reg[3][30]/CK
bc_dly_corner:hold.late      CLK           0.491       7        4.349      8
-    min lp_riscv/done_flag_reg/CK
-    max lp_riscv/i_riscv_core_if_stage_i_prefetch_32.prefetch_buffer_i_fifo_i_rdata_Q_reg[3][21]/CK
----------------------------------------------------------------------------------------------------

Timing for timing corner wc_dly_corner:setup.early, min clock_path:
===================================================================

PathID    : 1
Path type : skew group CLK (path 1 of 1)
Start     : PAD_CLK
End       : lp_riscv/done_flag_reg/CK
Delay     : 0.807

--------------------------------------------------------------------------------------------------------
Name  Lib cell         Event  Incr   Arrival  Slew   Cap    Location            Distance  Fanout  Status
                              (ns)   (ns)     (ns)   (pF)                       (um)              
-- Clockpath trace -------------------------------------------------------------------------------------
PAD_CLK
-     -                rise   -       0.000   0.269  2.783  (552.530,1552.200)  -            1    
i_ioring/i_CLK/PAD
-     PDDW1216SCDG     rise   0.002   0.002   0.223  -      (552.530,1552.200)    0.000   -       
i_ioring/i_CLK/C
-     PDDW1216SCDG     rise   0.756   0.758   0.174  0.347  (537.400,1433.965)  133.365     21    
lp_riscv/done_flag_reg/CK
-     DFFRPQ_X1M_A9TL  rise   0.050   0.807   0.200  -      (313.100,1184.700)  473.565   -       
--------------------------------------------------------------------------------------------------------

Timing for timing corner wc_dly_corner:setup.early, max clock_path:
===================================================================

PathID    :  2
Path type : skew group CLK (path 1 of 1)
Start     : PAD_CLK
End       : lp_riscv/i_riscv_core_if_stage_i_prefetch_32.prefetch_buffer_i_fifo_i_rdata_Q_reg[2][12]/CK
Delay     : 14.564

------------------------------------------------------------------------------------------------------------
Name  Lib cell           Event  Incr    Arrival  Slew    Cap    Location            Distance  Fanout  Status
                                (ns)    (ns)     (ns)    (pF)                       (um)              
-- Clockpath trace -----------------------------------------------------------------------------------------
PAD_CLK
-     -                  rise   -        0.000    0.269  2.783  (552.530,1552.200)  -            1    
i_ioring/i_CLK/PAD
-     PDDW1216SCDG       rise    0.002   0.002    0.223  -      (552.530,1552.200)    0.000   -       
i_ioring/i_CLK/C
-     PDDW1216SCDG       rise    0.756   0.758    0.174  0.347  (537.400,1433.965)  133.365     21    
lp_riscv/g82423/A
-     AND2_X0P7M_A9TR    rise   -0.051   0.707    0.963  -      (317.300,898.700)   755.365   -       
lp_riscv/g82423/Y
-     AND2_X0P7M_A9TR    rise    6.362   7.068   10.914  0.437  (317.900,899.100)     1.000    178    
lp_riscv/RC_CG_HIER_INST5/RC_CGIC_INST/CK
-     PREICG_X0P5B_A9TR  rise    0.042   7.110   10.914  -      (361.100,899.700)    43.800   -       
lp_riscv/RC_CG_HIER_INST5/RC_CGIC_INST/ECK
-     PREICG_X0P5B_A9TR  rise    7.414  14.524    9.294  0.275  (358.900,900.100)     2.600    192    
lp_riscv/i_riscv_core_if_stage_i_prefetch_32.prefetch_buffer_i_fifo_i_rdata_Q_reg[2][12]/CK
-     DFFRPQN_X1M_A9TL   rise    0.040  14.564    9.306  -      (295.300,848.300)   115.400   -       
------------------------------------------------------------------------------------------------------------

Timing for timing corner wc_dly_corner:setup.late, min clock_path:
==================================================================

PathID    : 3
Path type : skew group CLK (path 1 of 1)
Start     : PAD_CLK
End       : lp_riscv/done_flag_reg/CK
Delay     : 0.807

--------------------------------------------------------------------------------------------------------
Name  Lib cell         Event  Incr   Arrival  Slew   Cap    Location            Distance  Fanout  Status
                              (ns)   (ns)     (ns)   (pF)                       (um)              
-- Clockpath trace -------------------------------------------------------------------------------------
PAD_CLK
-     -                rise   -       0.000   0.269  2.783  (552.530,1552.200)  -            1    
i_ioring/i_CLK/PAD
-     PDDW1216SCDG     rise   0.002   0.002   0.223  -      (552.530,1552.200)    0.000   -       
i_ioring/i_CLK/C
-     PDDW1216SCDG     rise   0.756   0.758   0.174  0.347  (537.400,1433.965)  133.365     21    
lp_riscv/done_flag_reg/CK
-     DFFRPQ_X1M_A9TL  rise   0.050   0.807   0.200  -      (313.100,1184.700)  473.565   -       
--------------------------------------------------------------------------------------------------------

Timing for timing corner wc_dly_corner:setup.late, max clock_path:
==================================================================

PathID    :  4
Path type : skew group CLK (path 1 of 1)
Start     : PAD_CLK
End       : lp_riscv/i_riscv_core_if_stage_i_prefetch_32.prefetch_buffer_i_fifo_i_rdata_Q_reg[2][12]/CK
Delay     : 14.565

------------------------------------------------------------------------------------------------------------
Name  Lib cell           Event  Incr    Arrival  Slew    Cap    Location            Distance  Fanout  Status
                                (ns)    (ns)     (ns)    (pF)                       (um)              
-- Clockpath trace -----------------------------------------------------------------------------------------
PAD_CLK
-     -                  rise   -        0.000    0.269  2.783  (552.530,1552.200)  -            1    
i_ioring/i_CLK/PAD
-     PDDW1216SCDG       rise    0.002   0.002    0.223  -      (552.530,1552.200)    0.000   -       
i_ioring/i_CLK/C
-     PDDW1216SCDG       rise    0.756   0.758    0.174  0.347  (537.400,1433.965)  133.365     21    
lp_riscv/g82423/A
-     AND2_X0P7M_A9TR    rise   -0.051   0.707    0.963  -      (317.300,898.700)   755.365   -       
lp_riscv/g82423/Y
-     AND2_X0P7M_A9TR    rise    6.362   7.068   10.914  0.437  (317.900,899.100)     1.000    178    
lp_riscv/RC_CG_HIER_INST5/RC_CGIC_INST/CK
-     PREICG_X0P5B_A9TR  rise    0.042   7.110   10.914  -      (361.100,899.700)    43.800   -       
lp_riscv/RC_CG_HIER_INST5/RC_CGIC_INST/ECK
-     PREICG_X0P5B_A9TR  rise    7.415  14.525    9.302  0.275  (358.900,900.100)     2.600    192    
lp_riscv/i_riscv_core_if_stage_i_prefetch_32.prefetch_buffer_i_fifo_i_rdata_Q_reg[2][12]/CK
-     DFFRPQN_X1M_A9TL   rise    0.040  14.565    9.313  -      (295.300,848.300)   115.400   -       
------------------------------------------------------------------------------------------------------------

Timing for timing corner bc_dly_corner:hold.early, min clock_path:
==================================================================

PathID    : 5
Path type : skew group CLK (path 1 of 1)
Start     : PAD_CLK
End       : lp_riscv/done_flag_reg/CK
Delay     : 0.491

--------------------------------------------------------------------------------------------------------
Name  Lib cell         Event  Incr   Arrival  Slew   Cap    Location            Distance  Fanout  Status
                              (ns)   (ns)     (ns)   (pF)                       (um)              
-- Clockpath trace -------------------------------------------------------------------------------------
PAD_CLK
-     -                rise   -       0.000   0.143  2.545  (552.530,1552.200)  -            1    
i_ioring/i_CLK/PAD
-     PDDW1216SCDG     rise   0.000   0.000   0.118  -      (552.530,1552.200)    0.000   -       
i_ioring/i_CLK/C
-     PDDW1216SCDG     rise   0.453   0.454   0.109  0.371  (537.400,1433.965)  133.365     21    
lp_riscv/done_flag_reg/CK
-     DFFRPQ_X1M_A9TL  rise   0.038   0.491   0.204  -      (313.100,1184.700)  473.565   -       
--------------------------------------------------------------------------------------------------------

Timing for timing corner bc_dly_corner:hold.early, max clock_path:
==================================================================

PathID    : 6
Path type : skew group CLK (path 1 of 1)
Start     : PAD_CLK
End       : lp_riscv/i_riscv_core_if_stage_i_prefetch_32.prefetch_buffer_i_fifo_i_rdata_Q_reg[2][12]/CK
Delay     : 4.348

----------------------------------------------------------------------------------------------------------
Name  Lib cell           Event  Incr   Arrival  Slew   Cap    Location            Distance  Fanout  Status
                                (ns)   (ns)     (ns)   (pF)                       (um)              
-- Clockpath trace ---------------------------------------------------------------------------------------
PAD_CLK
-     -                  rise   -       0.000   0.143  2.545  (552.530,1552.200)  -            1    
i_ioring/i_CLK/PAD
-     PDDW1216SCDG       rise   0.000   0.000   0.118  -      (552.530,1552.200)    0.000   -       
i_ioring/i_CLK/C
-     PDDW1216SCDG       rise   0.453   0.454   0.109  0.371  (537.400,1433.965)  133.365     21    
lp_riscv/g82423/A
-     AND2_X0P7M_A9TR    rise   0.084   0.538   0.523  -      (317.300,898.700)   755.365   -       
lp_riscv/g82423/Y
-     AND2_X0P7M_A9TR    rise   1.979   2.516   3.585  0.500  (317.900,899.100)     1.000    178    
lp_riscv/RC_CG_HIER_INST5/RC_CGIC_INST/CK
-     PREICG_X0P5B_A9TR  rise   0.014   2.531   3.586  -      (361.100,899.700)    43.800   -       
lp_riscv/RC_CG_HIER_INST5/RC_CGIC_INST/ECK
-     PREICG_X0P5B_A9TR  rise   1.804   4.334   2.847  0.314  (358.900,900.100)     2.600    192    
lp_riscv/i_riscv_core_if_stage_i_prefetch_32.prefetch_buffer_i_fifo_i_rdata_Q_reg[2][12]/CK
-     DFFRPQN_X1M_A9TL   rise   0.014   4.348   2.851  -      (295.300,848.300)   115.400   -       
----------------------------------------------------------------------------------------------------------

Timing for timing corner bc_dly_corner:hold.late, min clock_path:
=================================================================

PathID    : 7
Path type : skew group CLK (path 1 of 1)
Start     : PAD_CLK
End       : lp_riscv/done_flag_reg/CK
Delay     : 0.491

--------------------------------------------------------------------------------------------------------
Name  Lib cell         Event  Incr   Arrival  Slew   Cap    Location            Distance  Fanout  Status
                              (ns)   (ns)     (ns)   (pF)                       (um)              
-- Clockpath trace -------------------------------------------------------------------------------------
PAD_CLK
-     -                rise   -       0.000   0.143  2.545  (552.530,1552.200)  -            1    
i_ioring/i_CLK/PAD
-     PDDW1216SCDG     rise   0.000   0.000   0.118  -      (552.530,1552.200)    0.000   -       
i_ioring/i_CLK/C
-     PDDW1216SCDG     rise   0.453   0.454   0.109  0.371  (537.400,1433.965)  133.365     21    
lp_riscv/done_flag_reg/CK
-     DFFRPQ_X1M_A9TL  rise   0.038   0.491   0.204  -      (313.100,1184.700)  473.565   -       
--------------------------------------------------------------------------------------------------------

Timing for timing corner bc_dly_corner:hold.late, max clock_path:
=================================================================

PathID    : 8
Path type : skew group CLK (path 1 of 1)
Start     : PAD_CLK
End       : lp_riscv/i_riscv_core_if_stage_i_prefetch_32.prefetch_buffer_i_fifo_i_rdata_Q_reg[2][12]/CK
Delay     : 4.349

----------------------------------------------------------------------------------------------------------
Name  Lib cell           Event  Incr   Arrival  Slew   Cap    Location            Distance  Fanout  Status
                                (ns)   (ns)     (ns)   (pF)                       (um)              
-- Clockpath trace ---------------------------------------------------------------------------------------
PAD_CLK
-     -                  rise   -       0.000   0.143  2.545  (552.530,1552.200)  -            1    
i_ioring/i_CLK/PAD
-     PDDW1216SCDG       rise   0.000   0.000   0.118  -      (552.530,1552.200)    0.000   -       
i_ioring/i_CLK/C
-     PDDW1216SCDG       rise   0.453   0.454   0.109  0.371  (537.400,1433.965)  133.365     21    
lp_riscv/g82423/A
-     AND2_X0P7M_A9TR    rise   0.084   0.538   0.523  -      (317.300,898.700)   755.365   -       
lp_riscv/g82423/Y
-     AND2_X0P7M_A9TR    rise   1.979   2.516   3.585  0.500  (317.900,899.100)     1.000    178    
lp_riscv/RC_CG_HIER_INST5/RC_CGIC_INST/CK
-     PREICG_X0P5B_A9TR  rise   0.014   2.531   3.586  -      (361.100,899.700)    43.800   -       
lp_riscv/RC_CG_HIER_INST5/RC_CGIC_INST/ECK
-     PREICG_X0P5B_A9TR  rise   1.804   4.335   2.848  0.314  (358.900,900.100)     2.600    192    
lp_riscv/i_riscv_core_if_stage_i_prefetch_32.prefetch_buffer_i_fifo_i_rdata_Q_reg[2][12]/CK
-     DFFRPQN_X1M_A9TL   rise   0.014   4.349   2.851  -      (295.300,848.300)   115.400   -       
----------------------------------------------------------------------------------------------------------

