###############################################################
#  Generated by:      Cadence Innovus 21.15-s110_1
#  OS:                Linux x86_64(Host ID ip-10-70-158-178.il-central-1.compute.internal)
#  Generated on:      Mon Feb 10 16:15:10 2025
#  Design:            lp_riscv_top
#  Command:           report_timing > $rpt_dir/report_timing.rpt
###############################################################
Path 1: VIOLATED (-0.649 ns) Setup Check with Pin lp_riscv/i_riscv_core_id_stage_i_mult_operand_b_ex_o_reg[9]/CK->D
               View: wc_analysis_view
              Group: reg2reg
         Startpoint: (R) lp_riscv/i_riscv_core_id_stage_i_alu_operator_ex_o_reg[2]/CK
              Clock: (R) CLK
           Endpoint: (F) lp_riscv/i_riscv_core_id_stage_i_mult_operand_b_ex_o_reg[9]/D
              Clock: (R) CLK

                       Capture       Launch
         Clock Edge:+    6.000        0.000
        Src Latency:+    0.000        0.000
        Net Latency:+    0.000 (I)    0.000 (I)
            Arrival:=    6.000        0.000

              Setup:-    0.103
        Uncertainty:-    0.125
        Cppr Adjust:+    0.000
      Required Time:=    5.772
       Launch Clock:=    0.000
          Data Path:+    6.420
              Slack:=   -0.649

#-----------------------------------------------------------------------------------------------------------------------------------------------------------------
# Timing Point                                                                             Flags  Arc     Edge  Cell                Fanout  Trans   Delay  Arrival  
#                                                                                                                                            (ns)    (ns)     (ns)  
#-----------------------------------------------------------------------------------------------------------------------------------------------------------------
  lp_riscv/i_riscv_core_id_stage_i_alu_operator_ex_o_reg[2]/CK                             -      CK      R     (arrival)               52  0.000       -    0.000  
  lp_riscv/i_riscv_core_id_stage_i_alu_operator_ex_o_reg[2]/Q                              -      CK->Q   F     DFFRPQ_X4M_A9TL          4  0.000   0.308    0.308  
  lp_riscv/placement_opt_inst_FE_OCPC7090_i_riscv_core_alu_operator_ex_2/Y                 -      A->Y    R     INV_X6M_A9TL             5  0.095   0.079    0.387  
  lp_riscv/g80950/Y                                                                        -      BN->Y   R     NOR2XB_X6M_A9TL          2  0.074   0.125    0.513  
  lp_riscv/placement_opt_inst_FE_RC_91_0/Y                                                 -      A->Y    F     NAND3XXB_X6M_A9TL        3  0.076   0.073    0.586  
  lp_riscv/placement_opt_inst_FE_RC_591_0/Y                                                -      B->Y    F     AND3_X11M_A9TL           4  0.090   0.136    0.723  
  lp_riscv/placement_opt_inst_FE_OCPC7076_n_9429/Y                                         -      A->Y    R     INV_X9M_A9TL            15  0.050   0.078    0.801  
  lp_riscv/g79648__1705/Y                                                                  -      A->Y    F     NAND2XB_X1M_A9TL         1  0.100   0.071    0.872  
  lp_riscv/g79602__2398/Y                                                                  -      B0->Y   R     OAI2XB1_X1M_A9TL         1  0.070   0.109    0.981  
  lp_riscv/i_riscv_core_ex_stage_i_alu_i_add_162_45_g1428/Y                                -      A->Y    F     INV_X2M_A9TL             2  0.214   0.089    1.070  
  lp_riscv/i_riscv_core_ex_stage_i_alu_i_add_162_45_g1371/Y                                -      A->Y    R     NAND2XB_X2M_A9TL         3  0.078   0.093    1.163  
  lp_riscv/i_riscv_core_ex_stage_i_alu_i_add_162_45_g1251/Y                                -      B->Y    F     NAND2_X1P4M_A9TL         1  0.126   0.093    1.255  
  lp_riscv/i_riscv_core_ex_stage_i_alu_i_add_162_45_g1173/Y                                -      A->Y    R     NAND2XB_X3M_A9TL         1  0.087   0.076    1.332  
  lp_riscv/i_riscv_core_ex_stage_i_alu_i_add_162_45_g1108/Y                                -      B0->Y   F     AOI21_X6M_A9TL           1  0.087   0.059    1.391  
  lp_riscv/i_riscv_core_ex_stage_i_alu_i_add_162_45_g1047/Y                                -      A->Y    R     NAND2_X8M_A9TL           5  0.070   0.100    1.491  
  lp_riscv/i_riscv_core_ex_stage_i_alu_i_add_162_45_g1041/Y                                -      A->Y    F     INV_X4M_A9TL             5  0.140   0.081    1.572  
  lp_riscv/i_riscv_core_ex_stage_i_alu_i_add_162_45_g1039/Y                                -      A0->Y   R     OAI21_X2M_A9TL           1  0.068   0.134    1.706  
  lp_riscv/i_riscv_core_ex_stage_i_alu_i_add_162_45_g1016/Y                                -      S0->Y   R     MXIT2_X3M_A9TL           3  0.187   0.169    1.875  
  lp_riscv/i_riscv_core_ex_stage_i_alu_i_add_176_44_g1385/Y                                -      A->Y    R     OR2_X2M_A9TL             3  0.233   0.176    2.051  
  lp_riscv/i_riscv_core_ex_stage_i_alu_i_add_176_44_g1141/Y                                -      B->Y    F     NAND2_X4M_A9TL           3  0.092   0.076    2.127  
  lp_riscv/placement_opt_inst_FE_OFC8323_i_riscv_core_ex_stage_i_alu_i_add_176_44_n_166/Y  -      A->Y    R     INV_X2M_A9TL             2  0.072   0.048    2.175  
  lp_riscv/i_riscv_core_ex_stage_i_alu_i_add_176_44_g1079/Y                                -      B->Y    F     NAND2_X1A_A9TL           2  0.043   0.071    2.245  
  lp_riscv/i_riscv_core_ex_stage_i_alu_i_add_176_44_g984/Y                                 -      BN->Y   F     NAND2XB_X1M_A9TL         1  0.087   0.145    2.390  
  lp_riscv/i_riscv_core_ex_stage_i_alu_i_add_176_44_g980/Y                                 -      B->Y    R     NAND2_X2A_A9TL           1  0.079   0.073    2.463  
  lp_riscv/i_riscv_core_ex_stage_i_alu_i_add_176_44_g953/Y                                 -      A->Y    F     XOR2_X3M_A9TL            1  0.071   0.059    2.522  
  lp_riscv/g81885/Y                                                                        -      A0->Y   R     AOI21_X6M_A9TL           1  0.107   0.099    2.621  
  lp_riscv/g81840/Y                                                                        -      B0N->Y  F     AO21B_X6M_A9TL          17  0.090   0.145    2.766  
  lp_riscv/i_riscv_core_ex_stage_i_alu_i_srl_267_58_g710/Y                                 -      BN->Y   F     NOR2XB_X1M_A9TL          2  0.181   0.217    2.983  
  lp_riscv/i_riscv_core_ex_stage_i_alu_i_srl_267_58_g692/Y                                 -      B->Y    R     NAND2_X1M_A9TL           1  0.135   0.126    3.109  
  lp_riscv/i_riscv_core_ex_stage_i_alu_i_srl_267_58_g678/Y                                 -      B0->Y   F     OAI21_X1M_A9TL           2  0.129   0.102    3.211  
  lp_riscv/i_riscv_core_ex_stage_i_alu_i_srl_267_58_g667/Y                                 -      A->Y    R     MXIT2_X0P5M_A9TL         2  0.105   0.161    3.371  
  lp_riscv/i_riscv_core_ex_stage_i_alu_i_srl_267_58_g654/Y                                 -      B->Y    F     NOR2_X1M_A9TL            1  0.307   0.149    3.520  
  lp_riscv/g125216/Y                                                                       -      A->Y    R     NAND2_X1A_A9TL           1  0.127   0.077    3.597  
  lp_riscv/g125033/Y                                                                       -      B->Y    F     NAND2_X1A_A9TL           1  0.081   0.161    3.757  
  lp_riscv/g124071/Y                                                                       -      B0->Y   R     AOI21_X4M_A9TL           1  0.233   0.167    3.925  
  lp_riscv/placement_opt_inst_FE_RC_572_0/Y                                                -      A->Y    F     NAND4XXXB_X4M_A9TL       3  0.165   0.120    4.045  
  lp_riscv/g122033/Y                                                                       -      A->Y    R     MXIT2_X1M_A9TL           1  0.144   0.129    4.174  
  lp_riscv/placement_opt_inst_FE_OFC8012_n_5671/Y                                          -      A->Y    R     BUFH_X2M_A9TL            3  0.166   0.181    4.355  
  lp_riscv/g121779/Y                                                                       -      A->Y    F     NOR3_X2A_A9TL            1  0.175   0.083    4.438  
  lp_riscv/g121421/Y                                                                       -      A->Y    R     NOR2_X2A_A9TL            1  0.102   0.102    4.540  
  lp_riscv/g121116/Y                                                                       -      A1->Y   F     OAI21_X3M_A9TL           1  0.119   0.087    4.627  
  lp_riscv/placement_opt_inst_FE_RC_595_0/Y                                                -      B0->Y   R     AOI22_X3M_A9TL           1  0.078   0.097    4.723  
  lp_riscv/placement_opt_inst_FE_RC_582_0/Y                                                -      A->Y    F     MXIT2_X3M_A9TL           1  0.135   0.087    4.811  
  lp_riscv/placement_opt_inst_FE_RC_581_0/Y                                                -      A->Y    F     AND2_X8M_A9TL            4  0.086   0.122    4.932  
  lp_riscv/placement_opt_inst_FE_OFC6430_n_6389/Y                                          -      A->Y    F     BUFH_X16M_A9TL          19  0.054   0.087    5.020  
  lp_riscv/placement_opt_inst_FE_RC_107_0/Y                                                -      A->Y    R     NOR2_X4A_A9TL            1  0.057   0.062    5.082  
  lp_riscv/g121031/Y                                                                       -      A->Y    F     MXIT2_X3M_A9TL           1  0.068   0.064    5.146  
  lp_riscv/g120998/Y                                                                       -      A->Y    R     NAND2_X3B_A9TL           1  0.065   0.058    5.204  
  lp_riscv/placement_opt_inst_FE_RC_19_0/Y                                                 -      A->Y    F     NAND3XXB_X6M_A9TL        3  0.074   0.128    5.331  
  lp_riscv/g120138/Y                                                                       -      A0->Y   R     AOI21_X2M_A9TL           1  0.172   0.127    5.458  
  lp_riscv/placement_opt_inst_FE_RC_31_0/Y                                                 -      A->Y    F     NAND2_X2A_A9TL           2  0.110   0.198    5.657  
  lp_riscv/g118863/Y                                                                       -      A->Y    R     NAND2XB_X2M_A9TL         1  0.183   0.114    5.771  
  lp_riscv/g118483/Y                                                                       -      B->Y    F     NAND3XXB_X4M_A9TL        1  0.099   0.069    5.840  
  lp_riscv/g118381/Y                                                                       -      A->Y    R     NOR2XB_X4M_A9TL          4  0.067   0.140    5.980  
  lp_riscv/g118112/Y                                                                       -      A->Y    F     MXIT2_X0P5M_A9TL         1  0.204   0.126    6.106  
  lp_riscv/placement_opt_inst_FE_OFC10126_n_8081/Y                                         -      A->Y    F     BUF_X0P8M_A9TL           1  0.122   0.167    6.273  
  lp_riscv/placement_opt_inst_FE_OFC7791_n_8081/Y                                          -      A->Y    F     BUF_X5M_A9TL             3  0.093   0.148    6.420  
  lp_riscv/i_riscv_core_id_stage_i_mult_operand_b_ex_o_reg[9]/D                            -      D       F     DFFRPQ_X4M_A9TL          3  0.086   0.000    6.420  
#-----------------------------------------------------------------------------------------------------------------------------------------------------------------

