============================================================
  Generated by:           Genus(TM) Synthesis Solution 21.15-s080_1
  Generated on:           Jan 21 2025  05:02:06 pm
  Module:                 lp_riscv_top
  Technology libraries:   sc9_cln65lp_base_rvt_ss_typical_max_0p90v_125c 1
                          sc9_cln65lp_base_lvt_ss_typical_max_0p90v_125c 1
                          sc9_cln65lp_base_hvt_ss_typical_max_0p90v_125c 1
                          USERLIB_ss_1p08v_1p08v_125c 1.1
                          tpdn65lpnv2od3wc 200a
  Operating conditions:   ss_typical_max_0p90v_125c (balanced_tree)
  Wireload mode:          top
  Area mode:              timing library
============================================================

-------------------------------------------------------------------------------
Nets with multiple drivers

The following nets have multiple drivers and at least one of the drivers is     
non-tristate:                                                                   

hnet:lp_riscv_top/PAD_CLK
hnet:lp_riscv_top/PAD_CLOCK_EN
hnet:lp_riscv_top/PAD_EXT_PERF_COUNTERS_0
hnet:lp_riscv_top/PAD_EXT_PERF_COUNTERS_1
hnet:lp_riscv_top/PAD_EXT_PERF_COUNTERS_10
hnet:lp_riscv_top/PAD_EXT_PERF_COUNTERS_11
hnet:lp_riscv_top/PAD_EXT_PERF_COUNTERS_12
hnet:lp_riscv_top/PAD_EXT_PERF_COUNTERS_13
hnet:lp_riscv_top/PAD_EXT_PERF_COUNTERS_14
hnet:lp_riscv_top/PAD_EXT_PERF_COUNTERS_15
hnet:lp_riscv_top/PAD_EXT_PERF_COUNTERS_2
hnet:lp_riscv_top/PAD_EXT_PERF_COUNTERS_3
hnet:lp_riscv_top/PAD_EXT_PERF_COUNTERS_4
hnet:lp_riscv_top/PAD_EXT_PERF_COUNTERS_5
hnet:lp_riscv_top/PAD_EXT_PERF_COUNTERS_6
hnet:lp_riscv_top/PAD_EXT_PERF_COUNTERS_7
hnet:lp_riscv_top/PAD_EXT_PERF_COUNTERS_8
hnet:lp_riscv_top/PAD_EXT_PERF_COUNTERS_9
hnet:lp_riscv_top/PAD_FETCH_EN
hnet:lp_riscv_top/PAD_IRAM_PROG_ADDR_BYTE
hnet:lp_riscv_top/PAD_IRAM_PROG_BYTE_0
hnet:lp_riscv_top/PAD_IRAM_PROG_BYTE_1
hnet:lp_riscv_top/PAD_IRAM_PROG_BYTE_2
hnet:lp_riscv_top/PAD_IRAM_PROG_BYTE_3
hnet:lp_riscv_top/PAD_IRAM_PROG_BYTE_4
hnet:lp_riscv_top/PAD_IRAM_PROG_BYTE_5
hnet:lp_riscv_top/PAD_IRAM_PROG_BYTE_6
hnet:lp_riscv_top/PAD_IRAM_PROG_BYTE_7
hnet:lp_riscv_top/PAD_IRAM_PROG_BYTE_IDX_0
hnet:lp_riscv_top/PAD_IRAM_PROG_BYTE_IDX_1
hnet:lp_riscv_top/PAD_IRAM_PROG_DATA_BYTE
hnet:lp_riscv_top/PAD_IRAM_PROG_WR
hnet:lp_riscv_top/PAD_RST_N
hnet:lp_riscv_top/PAD_TEST_EN
hnet:lp_riscv_top/clk_to_core
hnet:lp_riscv_top/lp_riscv/data_addr_o[10]
hnet:lp_riscv_top/lp_riscv/data_addr_o[11]
hnet:lp_riscv_top/lp_riscv/data_addr_o[12]
hnet:lp_riscv_top/lp_riscv/data_addr_o[13]
hnet:lp_riscv_top/lp_riscv/data_addr_o[14]
hnet:lp_riscv_top/lp_riscv/data_addr_o[2]
hnet:lp_riscv_top/lp_riscv/data_addr_o[3]
hnet:lp_riscv_top/lp_riscv/data_addr_o[4]
hnet:lp_riscv_top/lp_riscv/data_addr_o[5]
hnet:lp_riscv_top/lp_riscv/data_addr_o[6]
hnet:lp_riscv_top/lp_riscv/data_addr_o[7]
hnet:lp_riscv_top/lp_riscv/data_addr_o[8]
hnet:lp_riscv_top/lp_riscv/data_addr_o[9]
hnet:lp_riscv_top/lp_riscv/data_wdata_o[0]
hnet:lp_riscv_top/lp_riscv/data_wdata_o[10]
hnet:lp_riscv_top/lp_riscv/data_wdata_o[11]
hnet:lp_riscv_top/lp_riscv/data_wdata_o[12]
hnet:lp_riscv_top/lp_riscv/data_wdata_o[13]
hnet:lp_riscv_top/lp_riscv/data_wdata_o[14]
hnet:lp_riscv_top/lp_riscv/data_wdata_o[15]
hnet:lp_riscv_top/lp_riscv/data_wdata_o[16]
hnet:lp_riscv_top/lp_riscv/data_wdata_o[17]
hnet:lp_riscv_top/lp_riscv/data_wdata_o[18]
hnet:lp_riscv_top/lp_riscv/data_wdata_o[19]
hnet:lp_riscv_top/lp_riscv/data_wdata_o[1]
hnet:lp_riscv_top/lp_riscv/data_wdata_o[20]
hnet:lp_riscv_top/lp_riscv/data_wdata_o[21]
hnet:lp_riscv_top/lp_riscv/data_wdata_o[22]
hnet:lp_riscv_top/lp_riscv/data_wdata_o[23]
hnet:lp_riscv_top/lp_riscv/data_wdata_o[24]
hnet:lp_riscv_top/lp_riscv/data_wdata_o[25]
hnet:lp_riscv_top/lp_riscv/data_wdata_o[26]
hnet:lp_riscv_top/lp_riscv/data_wdata_o[27]
hnet:lp_riscv_top/lp_riscv/data_wdata_o[28]
hnet:lp_riscv_top/lp_riscv/data_wdata_o[29]
hnet:lp_riscv_top/lp_riscv/data_wdata_o[2]
hnet:lp_riscv_top/lp_riscv/data_wdata_o[30]
hnet:lp_riscv_top/lp_riscv/data_wdata_o[31]
hnet:lp_riscv_top/lp_riscv/data_wdata_o[3]
hnet:lp_riscv_top/lp_riscv/data_wdata_o[4]
hnet:lp_riscv_top/lp_riscv/data_wdata_o[5]
hnet:lp_riscv_top/lp_riscv/data_wdata_o[6]
hnet:lp_riscv_top/lp_riscv/data_wdata_o[7]
hnet:lp_riscv_top/lp_riscv/data_wdata_o[8]
hnet:lp_riscv_top/lp_riscv/data_wdata_o[9]
hnet:lp_riscv_top/lp_riscv/dccm_ram_wrapper/n_119
hnet:lp_riscv_top/lp_riscv/dccm_ram_wrapper/n_120
hnet:lp_riscv_top/lp_riscv/dccm_ram_wrapper/n_121
hnet:lp_riscv_top/lp_riscv/dccm_ram_wrapper/n_122
hnet:lp_riscv_top/lp_riscv/dccm_ram_wrapper/n_123
hnet:lp_riscv_top/lp_riscv/dccm_ram_wrapper/n_124
hnet:lp_riscv_top/lp_riscv/dccm_ram_wrapper/n_68
hnet:lp_riscv_top/lp_riscv/dccm_ram_wrapper/n_69
hnet:lp_riscv_top/lp_riscv/dccm_ram_wrapper/n_70
hnet:lp_riscv_top/lp_riscv/dccm_ram_wrapper/n_71
hnet:lp_riscv_top/lp_riscv/dccm_ram_wrapper/n_72
hnet:lp_riscv_top/lp_riscv/dccm_ram_wrapper/n_73
-------------------------------------------------------------------------------

-------------------------------------------------------------------------------
Timing exceptions with no effect

The following timing exceptions are not currently affecting timing in the       
design.  Either no paths in the design satisfy the exception's path             
specification, or all paths that satisfy the path specification also satisfy an 
exception with a higher priority.  You can improve runtime and memory usage by  
removing these exceptions if they are not truly needed.  To see if there is a   
path in the design that satisfies the path specification for an exception, or   
to see what other exception is overriding an exception because of priority, use 
the command:                                                                    
  report timing -paths [eval [::legacy::get_attribute paths <exception>]]

exception:lp_riscv_top/lp_riscv_top.sdc_line_17
-------------------------------------------------------------------------------


Lint summary
 Unconnected/logic driven clocks                                  0
 Sequential data pins driven by a clock signal                    0
 Sequential clock pins without clock waveform                     0
 Sequential clock pins with multiple clock waveforms              0
 Generated clocks without clock waveform                          0
 Generated clocks with incompatible options                       0
 Generated clocks with multi-master clock                         0
 Paths constrained with different clocks                          0
 Loop-breaking cells for combinational feedback                   0
 Nets with multiple drivers                                      92
 Timing exceptions with no effect                                 1
 Suspicious multi_cycle exceptions                                0
 Pins/ports with conflicting case constants                       0
 Inputs without clocked external delays                           0
 Outputs without clocked external delays                          0
 Inputs without external driver/transition                        0
 Outputs without external load                                    0
 Exceptions with invalid timing start-/endpoints                  0

                                                  Total:         93

