Total Ports: 
Total CPU time for maze routing 0 seconds
  Number of Block ports routed: 0
  Number of Power Bump ports routed: 0
End power routing: cpu: 0:00:00, real: 0:00:00, peak: 2598.00 megs.

Total Ports: 
CPU time for vdd FollowPin 0 seconds
CPU time for gnd FollowPin 0 seconds
  trivial routing: 1187 connections remain
  trivial routing: 1186 connections remain
  trivial routing: 1185 connections remain
  trivial routing: 1184 connections remain
  trivial routing: 1183 connections remain
  trivial routing: 1182 connections remain
  trivial routing: 1181 connections remain
  trivial routing: 1180 connections remain
  trivial routing: 1179 connections remain
  trivial routing: 1178 connections remain
  trivial routing: 1177 connections remain
  trivial routing: 1176 connections remain
  trivial routing: 1175 connections remain
  trivial routing: 1174 connections remain
  trivial routing: 1173 connections remain
  trivial routing: 1172 connections remain
  trivial routing: 1171 connections remain
  trivial routing: 1170 connections remain
  trivial routing: 1169 connections remain
  trivial routing: 1168 connections remain
  trivial routing: 1167 connections remain
  trivial routing: 1166 connections remain
  trivial routing: 1165 connections remain
  trivial routing: 1164 connections remain
  trivial routing: 1163 connections remain
  trivial routing: 1162 connections remain
  trivial routing: 1161 connections remain
  trivial routing: 1160 connections remain
  trivial routing: 1159 connections remain
  trivial routing: 1158 connections remain
  trivial routing: 1157 connections remain
  trivial routing: 1156 connections remain
  trivial routing: 1155 connections remain
  trivial routing: 1154 connections remain
  trivial routing: 1153 connections remain
  trivial routing: 1152 connections remain
  trivial routing: 1151 connections remain
  trivial routing: 1150 connections remain
  trivial routing: 1149 connections remain
  trivial routing: 1148 connections remain
  trivial routing: 1147 connections remain
  trivial routing: 1146 connections remain
  trivial routing: 1145 connections remain
  trivial routing: 1144 connections remain
  trivial routing: 1143 connections remain
  trivial routing: 1142 connections remain
  trivial routing: 1141 connections remain
  trivial routing: 1140 connections remain
  trivial routing: 1139 connections remain
  trivial routing: 1138 connections remain
  trivial routing: 1137 connections remain
  trivial routing: 1136 connections remain
  trivial routing: 1135 connections remain
  trivial routing: 1134 connections remain
  trivial routing: 1133 connections remain
  trivial routing: 1132 connections remain
  trivial routing: 1131 connections remain
  trivial routing: 1130 connections remain
  trivial routing: 1129 connections remain
  trivial routing: 1128 connections remain
  trivial routing: 1127 connections remain
  trivial routing: 1126 connections remain
  trivial routing: 1125 connections remain
  trivial routing: 1124 connections remain
  trivial routing: 1123 connections remain
  trivial routing: 1122 connections remain
  trivial routing: 1121 connections remain
  trivial routing: 1120 connections remain
  trivial routing: 1119 connections remain
  trivial routing: 1118 connections remain
  trivial routing: 1117 connections remain
  trivial routing: 1116 connections remain
  trivial routing: 1115 connections remain
  trivial routing: 1114 connections remain
  trivial routing: 1113 connections remain
  trivial routing: 1112 connections remain
  trivial routing: 1111 connections remain
  trivial routing: 1110 connections remain
  trivial routing: 1109 connections remain
  trivial routing: 1108 connections remain
  trivial routing: 1107 connections remain
  trivial routing: 1106 connections remain
  trivial routing: 1105 connections remain
  trivial routing: 1104 connections remain
  trivial routing: 1103 connections remain
  trivial routing: 1102 connections remain
  trivial routing: 1101 connections remain
  trivial routing: 1100 connections remain
  trivial routing: 1099 connections remain
  trivial routing: 1098 connections remain
  trivial routing: 1097 connections remain
  trivial routing: 1096 connections remain
  trivial routing: 1095 connections remain
  trivial routing: 1094 connections remain
  trivial routing: 1093 connections remain
  trivial routing: 1092 connections remain
  trivial routing: 1091 connections remain
  trivial routing: 1090 connections remain
  trivial routing: 1089 connections remain
  trivial routing: 1088 connections remain
  trivial routing: 1087 connections remain
  trivial routing: 1086 connections remain
  trivial routing: 1085 connections remain
  trivial routing: 1084 connections remain
  trivial routing: 1083 connections remain
  trivial routing: 1082 connections remain
  trivial routing: 1081 connections remain
  trivial routing: 1080 connections remain
  trivial routing: 1079 connections remain
  trivial routing: 1078 connections remain
  trivial routing: 1077 connections remain
  trivial routing: 1076 connections remain
  trivial routing: 1075 connections remain
  trivial routing: 1074 connections remain
  trivial routing: 1073 connections remain
  trivial routing: 1072 connections remain
  trivial routing: 1071 connections remain
  trivial routing: 1070 connections remain
  trivial routing: 1069 connections remain
  trivial routing: 1068 connections remain
  trivial routing: 1067 connections remain
  trivial routing: 1066 connections remain
  trivial routing: 1065 connections remain
  trivial routing: 1064 connections remain
  trivial routing: 1063 connections remain
  trivial routing: 1062 connections remain
  trivial routing: 1061 connections remain
  trivial routing: 1060 connections remain
  trivial routing: 1059 connections remain
  trivial routing: 1058 connections remain
  trivial routing: 1057 connections remain
  trivial routing: 1056 connections remain
  trivial routing: 1055 connections remain
  trivial routing: 1054 connections remain
  trivial routing: 1053 connections remain
  trivial routing: 1052 connections remain
  trivial routing: 1051 connections remain
  trivial routing: 1050 connections remain
  trivial routing: 1049 connections remain
  trivial routing: 1048 connections remain
  trivial routing: 1047 connections remain
  trivial routing: 1046 connections remain
  trivial routing: 1045 connections remain
  trivial routing: 1044 connections remain
  trivial routing: 1043 connections remain
  trivial routing: 1042 connections remain
  trivial routing: 1041 connections remain
  trivial routing: 1040 connections remain
  trivial routing: 1039 connections remain
  trivial routing: 1038 connections remain
  trivial routing: 1037 connections remain
  trivial routing: 1036 connections remain
  trivial routing: 1035 connections remain
  trivial routing: 1034 connections remain
  trivial routing: 1033 connections remain
  trivial routing: 1032 connections remain
  trivial routing: 1031 connections remain
  trivial routing: 1030 connections remain
  trivial routing: 1029 connections remain
  trivial routing: 1028 connections remain
  trivial routing: 1027 connections remain
  trivial routing: 1026 connections remain
  trivial routing: 1025 connections remain
  trivial routing: 1024 connections remain
  trivial routing: 1023 connections remain
  trivial routing: 1022 connections remain
  trivial routing: 1021 connections remain
  trivial routing: 1020 connections remain
  trivial routing: 1019 connections remain
  trivial routing: 1018 connections remain
  trivial routing: 1017 connections remain
  trivial routing: 1016 connections remain
  trivial routing: 1015 connections remain
  trivial routing: 1014 connections remain
  trivial routing: 1013 connections remain
  trivial routing: 1012 connections remain
  trivial routing: 1011 connections remain
  trivial routing: 1010 connections remain
  trivial routing: 1009 connections remain
  trivial routing: 1008 connections remain
  trivial routing: 1007 connections remain
  trivial routing: 1006 connections remain
  trivial routing: 1005 connections remain
  trivial routing: 1004 connections remain
  trivial routing: 1003 connections remain
  trivial routing: 1002 connections remain
  trivial routing: 1001 connections remain
  trivial routing: 1000 connections remain
  trivial routing: 999 connections remain
  trivial routing: 998 connections remain
  trivial routing: 997 connections remain
  trivial routing: 996 connections remain
  trivial routing: 995 connections remain
  trivial routing: 994 connections remain
  trivial routing: 993 connections remain
  trivial routing: 992 connections remain
  trivial routing: 991 connections remain
  trivial routing: 990 connections remain
  trivial routing: 989 connections remain
  trivial routing: 988 connections remain
  trivial routing: 987 connections remain
  trivial routing: 986 connections remain
  trivial routing: 985 connections remain
  trivial routing: 984 connections remain
  trivial routing: 983 connections remain
  trivial routing: 982 connections remain
  trivial routing: 981 connections remain
  trivial routing: 980 connections remain
  trivial routing: 979 connections remain
  trivial routing: 978 connections remain
  trivial routing: 977 connections remain
  trivial routing: 976 connections remain
  trivial routing: 975 connections remain
  trivial routing: 974 connections remain
  trivial routing: 973 connections remain
  trivial routing: 972 connections remain
  trivial routing: 971 connections remain
  trivial routing: 970 connections remain
  trivial routing: 969 connections remain
  trivial routing: 968 connections remain
  trivial routing: 967 connections remain
  trivial routing: 966 connections remain
  trivial routing: 965 connections remain
  trivial routing: 964 connections remain
  trivial routing: 963 connections remain
  trivial routing: 962 connections remain
  trivial routing: 961 connections remain
  trivial routing: 960 connections remain
  trivial routing: 959 connections remain
  trivial routing: 958 connections remain
  trivial routing: 957 connections remain
  trivial routing: 956 connections remain
  trivial routing: 955 connections remain
  trivial routing: 954 connections remain
  trivial routing: 953 connections remain
  trivial routing: 952 connections remain
  trivial routing: 951 connections remain
  trivial routing: 950 connections remain
  trivial routing: 949 connections remain
  trivial routing: 948 connections remain
  trivial routing: 947 connections remain
  trivial routing: 946 connections remain
  trivial routing: 945 connections remain
  trivial routing: 944 connections remain
  trivial routing: 943 connections remain
  trivial routing: 942 connections remain
  trivial routing: 941 connections remain
  trivial routing: 940 connections remain
  trivial routing: 939 connections remain
  trivial routing: 938 connections remain
  trivial routing: 937 connections remain
  trivial routing: 936 connections remain
  trivial routing: 935 connections remain
  trivial routing: 934 connections remain
  trivial routing: 933 connections remain
  trivial routing: 932 connections remain
  trivial routing: 931 connections remain
  trivial routing: 930 connections remain
  trivial routing: 929 connections remain
  trivial routing: 928 connections remain
  trivial routing: 927 connections remain
  trivial routing: 926 connections remain
  trivial routing: 925 connections remain
  trivial routing: 924 connections remain
  trivial routing: 923 connections remain
  trivial routing: 922 connections remain
  trivial routing: 921 connections remain
  trivial routing: 920 connections remain
  trivial routing: 919 connections remain
  trivial routing: 918 connections remain
  trivial routing: 917 connections remain
  trivial routing: 916 connections remain
  trivial routing: 915 connections remain
  trivial routing: 914 connections remain
  trivial routing: 913 connections remain
  trivial routing: 912 connections remain
  trivial routing: 911 connections remain
  trivial routing: 910 connections remain
  trivial routing: 909 connections remain
  trivial routing: 908 connections remain
  trivial routing: 907 connections remain
  trivial routing: 906 connections remain
  trivial routing: 905 connections remain
  trivial routing: 904 connections remain
  trivial routing: 903 connections remain
  trivial routing: 902 connections remain
  trivial routing: 901 connections remain
  trivial routing: 900 connections remain
  trivial routing: 899 connections remain
  trivial routing: 898 connections remain
  trivial routing: 897 connections remain
  trivial routing: 896 connections remain
  trivial routing: 895 connections remain
  trivial routing: 894 connections remain
  trivial routing: 893 connections remain
  trivial routing: 892 connections remain
  trivial routing: 891 connections remain
  trivial routing: 890 connections remain
  trivial routing: 889 connections remain
  trivial routing: 888 connections remain
  trivial routing: 887 connections remain
  trivial routing: 886 connections remain
  trivial routing: 885 connections remain
  trivial routing: 884 connections remain
  trivial routing: 883 connections remain
  trivial routing: 882 connections remain
  trivial routing: 881 connections remain
  trivial routing: 880 connections remain
  trivial routing: 879 connections remain
  trivial routing: 878 connections remain
  trivial routing: 877 connections remain
  trivial routing: 876 connections remain
  trivial routing: 875 connections remain
  trivial routing: 874 connections remain
  trivial routing: 873 connections remain
  trivial routing: 872 connections remain
  trivial routing: 871 connections remain
  trivial routing: 870 connections remain
  trivial routing: 869 connections remain
  trivial routing: 868 connections remain
  trivial routing: 867 connections remain
  trivial routing: 866 connections remain
  trivial routing: 865 connections remain
  trivial routing: 864 connections remain
  trivial routing: 863 connections remain
  trivial routing: 862 connections remain
  trivial routing: 861 connections remain
  trivial routing: 860 connections remain
  trivial routing: 859 connections remain
  trivial routing: 858 connections remain
  trivial routing: 857 connections remain
  trivial routing: 856 connections remain
  trivial routing: 855 connections remain
  trivial routing: 854 connections remain
  trivial routing: 853 connections remain
  trivial routing: 852 connections remain
  trivial routing: 851 connections remain
  trivial routing: 850 connections remain
  trivial routing: 849 connections remain
  trivial routing: 848 connections remain
  trivial routing: 847 connections remain
  trivial routing: 846 connections remain
  trivial routing: 845 connections remain
  trivial routing: 844 connections remain
  trivial routing: 843 connections remain
  trivial routing: 842 connections remain
  trivial routing: 841 connections remain
  trivial routing: 840 connections remain
  trivial routing: 839 connections remain
  trivial routing: 838 connections remain
  trivial routing: 837 connections remain
  trivial routing: 836 connections remain
  trivial routing: 835 connections remain
  trivial routing: 834 connections remain
  trivial routing: 833 connections remain
  trivial routing: 832 connections remain
  trivial routing: 831 connections remain
  trivial routing: 830 connections remain
  trivial routing: 829 connections remain
  trivial routing: 828 connections remain
  trivial routing: 827 connections remain
  trivial routing: 826 connections remain
  trivial routing: 825 connections remain
  trivial routing: 824 connections remain
  trivial routing: 823 connections remain
  trivial routing: 822 connections remain
  trivial routing: 821 connections remain
  trivial routing: 820 connections remain
  trivial routing: 819 connections remain
  trivial routing: 818 connections remain
  trivial routing: 817 connections remain
  trivial routing: 816 connections remain
  trivial routing: 815 connections remain
  trivial routing: 814 connections remain
  trivial routing: 813 connections remain
  trivial routing: 812 connections remain
  trivial routing: 811 connections remain
  trivial routing: 810 connections remain
  trivial routing: 809 connections remain
  trivial routing: 808 connections remain
  trivial routing: 807 connections remain
  trivial routing: 806 connections remain
  trivial routing: 805 connections remain
  trivial routing: 804 connections remain
  trivial routing: 803 connections remain
  trivial routing: 802 connections remain
  trivial routing: 801 connections remain
  trivial routing: 800 connections remain
  trivial routing: 799 connections remain
  trivial routing: 798 connections remain
  trivial routing: 797 connections remain
  trivial routing: 796 connections remain
  trivial routing: 795 connections remain
  trivial routing: 794 connections remain
  trivial routing: 793 connections remain
  trivial routing: 792 connections remain
  trivial routing: 791 connections remain
  trivial routing: 790 connections remain
  trivial routing: 789 connections remain
  trivial routing: 788 connections remain
  trivial routing: 787 connections remain
  trivial routing: 786 connections remain
  trivial routing: 785 connections remain
  trivial routing: 784 connections remain
  trivial routing: 783 connections remain
  trivial routing: 782 connections remain
  trivial routing: 781 connections remain
  trivial routing: 780 connections remain
  trivial routing: 779 connections remain
  trivial routing: 778 connections remain
  trivial routing: 777 connections remain
  trivial routing: 776 connections remain
  trivial routing: 775 connections remain
  trivial routing: 774 connections remain
  trivial routing: 773 connections remain
  trivial routing: 772 connections remain
  trivial routing: 771 connections remain
  trivial routing: 770 connections remain
  trivial routing: 769 connections remain
  trivial routing: 768 connections remain
  trivial routing: 767 connections remain
  trivial routing: 766 connections remain
  trivial routing: 765 connections remain
  trivial routing: 764 connections remain
  trivial routing: 763 connections remain
  trivial routing: 762 connections remain
  trivial routing: 761 connections remain
  trivial routing: 760 connections remain
  trivial routing: 759 connections remain
  trivial routing: 758 connections remain
  trivial routing: 757 connections remain
  trivial routing: 756 connections remain
  trivial routing: 755 connections remain
  trivial routing: 754 connections remain
  trivial routing: 753 connections remain
  trivial routing: 752 connections remain
  trivial routing: 751 connections remain
  trivial routing: 750 connections remain
  trivial routing: 749 connections remain
  trivial routing: 748 connections remain
  trivial routing: 747 connections remain
  trivial routing: 746 connections remain
  trivial routing: 745 connections remain
  trivial routing: 744 connections remain
  trivial routing: 743 connections remain
  trivial routing: 742 connections remain
  trivial routing: 741 connections remain
  trivial routing: 740 connections remain
  trivial routing: 739 connections remain
  trivial routing: 738 connections remain
  trivial routing: 737 connections remain
  trivial routing: 736 connections remain
  trivial routing: 735 connections remain
  trivial routing: 734 connections remain
  trivial routing: 733 connections remain
  trivial routing: 732 connections remain
  trivial routing: 731 connections remain
  trivial routing: 730 connections remain
  trivial routing: 729 connections remain
  trivial routing: 728 connections remain
  trivial routing: 727 connections remain
  trivial routing: 726 connections remain
  trivial routing: 725 connections remain
  trivial routing: 724 connections remain
  trivial routing: 723 connections remain
  trivial routing: 722 connections remain
  trivial routing: 721 connections remain
  trivial routing: 720 connections remain
  trivial routing: 719 connections remain
  trivial routing: 718 connections remain
  trivial routing: 717 connections remain
  trivial routing: 716 connections remain
  trivial routing: 715 connections remain
  trivial routing: 714 connections remain
  trivial routing: 713 connections remain
  trivial routing: 712 connections remain
  trivial routing: 711 connections remain
  trivial routing: 710 connections remain
  trivial routing: 709 connections remain
  trivial routing: 708 connections remain
  trivial routing: 707 connections remain
  trivial routing: 706 connections remain
  trivial routing: 705 connections remain
  trivial routing: 704 connections remain
  trivial routing: 703 connections remain
  trivial routing: 702 connections remain
  trivial routing: 701 connections remain
  trivial routing: 700 connections remain
  trivial routing: 699 connections remain
  trivial routing: 698 connections remain
  trivial routing: 697 connections remain
  trivial routing: 696 connections remain
  trivial routing: 695 connections remain
  trivial routing: 694 connections remain
  trivial routing: 693 connections remain
  trivial routing: 692 connections remain
  trivial routing: 691 connections remain
  trivial routing: 690 connections remain
  trivial routing: 689 connections remain
  trivial routing: 688 connections remain
  trivial routing: 687 connections remain
  trivial routing: 686 connections remain
  trivial routing: 685 connections remain
  trivial routing: 684 connections remain
  trivial routing: 683 connections remain
  trivial routing: 682 connections remain
  trivial routing: 681 connections remain
  trivial routing: 680 connections remain
  trivial routing: 679 connections remain
  trivial routing: 678 connections remain
  trivial routing: 677 connections remain
  trivial routing: 676 connections remain
  trivial routing: 675 connections remain
  trivial routing: 674 connections remain
  trivial routing: 673 connections remain
  trivial routing: 672 connections remain
  trivial routing: 671 connections remain
  trivial routing: 670 connections remain
  trivial routing: 669 connections remain
  trivial routing: 668 connections remain
  trivial routing: 667 connections remain
  trivial routing: 666 connections remain
  trivial routing: 665 connections remain
  trivial routing: 664 connections remain
  trivial routing: 663 connections remain
  trivial routing: 662 connections remain
  trivial routing: 661 connections remain
  trivial routing: 660 connections remain
  trivial routing: 659 connections remain
  trivial routing: 658 connections remain
  trivial routing: 657 connections remain
  trivial routing: 656 connections remain
  trivial routing: 655 connections remain
  trivial routing: 654 connections remain
  trivial routing: 653 connections remain
  trivial routing: 652 connections remain
  trivial routing: 651 connections remain
  trivial routing: 650 connections remain
  trivial routing: 649 connections remain
  trivial routing: 648 connections remain
  trivial routing: 647 connections remain
  trivial routing: 646 connections remain
  trivial routing: 645 connections remain
  trivial routing: 644 connections remain
  trivial routing: 643 connections remain
  trivial routing: 642 connections remain
  trivial routing: 641 connections remain
  trivial routing: 640 connections remain
  trivial routing: 639 connections remain
  trivial routing: 638 connections remain
  trivial routing: 637 connections remain
  trivial routing: 636 connections remain
  trivial routing: 635 connections remain
  trivial routing: 634 connections remain
  trivial routing: 633 connections remain
  trivial routing: 632 connections remain
  trivial routing: 631 connections remain
  trivial routing: 630 connections remain
  trivial routing: 629 connections remain
  trivial routing: 628 connections remain
  trivial routing: 627 connections remain
  trivial routing: 626 connections remain
  trivial routing: 625 connections remain
  trivial routing: 624 connections remain
  trivial routing: 623 connections remain
  trivial routing: 622 connections remain
  trivial routing: 621 connections remain
  trivial routing: 620 connections remain
  trivial routing: 619 connections remain
  trivial routing: 618 connections remain
  trivial routing: 617 connections remain
  trivial routing: 616 connections remain
  trivial routing: 615 connections remain
  trivial routing: 614 connections remain
  trivial routing: 613 connections remain
  trivial routing: 612 connections remain
  trivial routing: 611 connections remain
  trivial routing: 610 connections remain
  trivial routing: 609 connections remain
  trivial routing: 608 connections remain
  trivial routing: 607 connections remain
  trivial routing: 606 connections remain
  trivial routing: 605 connections remain
  trivial routing: 604 connections remain
  trivial routing: 603 connections remain
  trivial routing: 602 connections remain
  trivial routing: 601 connections remain
  trivial routing: 600 connections remain
  trivial routing: 599 connections remain
  trivial routing: 598 connections remain
  trivial routing: 597 connections remain
  trivial routing: 596 connections remain
  trivial routing: 595 connections remain
  trivial routing: 594 connections remain
  trivial routing: 593 connections remain
  trivial routing: 592 connections remain
  trivial routing: 591 connections remain
  trivial routing: 590 connections remain
  trivial routing: 589 connections remain
  trivial routing: 588 connections remain
  trivial routing: 587 connections remain
  trivial routing: 586 connections remain
  trivial routing: 585 connections remain
  trivial routing: 584 connections remain
  trivial routing: 583 connections remain
  trivial routing: 582 connections remain
  trivial routing: 581 connections remain
  trivial routing: 580 connections remain
  trivial routing: 579 connections remain
  trivial routing: 578 connections remain
  trivial routing: 577 connections remain
  trivial routing: 576 connections remain
  trivial routing: 575 connections remain
  trivial routing: 574 connections remain
  trivial routing: 573 connections remain
  trivial routing: 572 connections remain
  trivial routing: 571 connections remain
  trivial routing: 570 connections remain
  trivial routing: 569 connections remain
  trivial routing: 568 connections remain
  trivial routing: 567 connections remain
  trivial routing: 566 connections remain
  trivial routing: 565 connections remain
  trivial routing: 564 connections remain
  trivial routing: 563 connections remain
  trivial routing: 562 connections remain
  trivial routing: 561 connections remain
  trivial routing: 560 connections remain
  trivial routing: 559 connections remain
  trivial routing: 558 connections remain
  trivial routing: 557 connections remain
  trivial routing: 556 connections remain
  trivial routing: 555 connections remain
  trivial routing: 554 connections remain
  trivial routing: 553 connections remain
  trivial routing: 552 connections remain
  trivial routing: 551 connections remain
  trivial routing: 550 connections remain
  trivial routing: 549 connections remain
  trivial routing: 548 connections remain
  trivial routing: 547 connections remain
  trivial routing: 546 connections remain
  trivial routing: 545 connections remain
  trivial routing: 544 connections remain
  trivial routing: 543 connections remain
  trivial routing: 542 connections remain
  trivial routing: 541 connections remain
  trivial routing: 540 connections remain
  trivial routing: 539 connections remain
  trivial routing: 538 connections remain
  trivial routing: 537 connections remain
  trivial routing: 536 connections remain
  trivial routing: 535 connections remain
  trivial routing: 534 connections remain
  trivial routing: 533 connections remain
  trivial routing: 532 connections remain
  trivial routing: 531 connections remain
  trivial routing: 530 connections remain
  trivial routing: 529 connections remain
  trivial routing: 528 connections remain
  trivial routing: 527 connections remain
  trivial routing: 526 connections remain
  trivial routing: 525 connections remain
  trivial routing: 524 connections remain
  trivial routing: 523 connections remain
  trivial routing: 522 connections remain
  trivial routing: 521 connections remain
  trivial routing: 520 connections remain
  trivial routing: 519 connections remain
  trivial routing: 518 connections remain
  trivial routing: 517 connections remain
  trivial routing: 516 connections remain
  trivial routing: 515 connections remain
  trivial routing: 514 connections remain
  trivial routing: 513 connections remain
  trivial routing: 512 connections remain
  trivial routing: 511 connections remain
  trivial routing: 510 connections remain
  trivial routing: 509 connections remain
  trivial routing: 508 connections remain
  trivial routing: 507 connections remain
  trivial routing: 506 connections remain
  trivial routing: 505 connections remain
  trivial routing: 504 connections remain
  trivial routing: 503 connections remain
  trivial routing: 502 connections remain
  trivial routing: 501 connections remain
  trivial routing: 500 connections remain
  trivial routing: 499 connections remain
  trivial routing: 498 connections remain
  trivial routing: 497 connections remain
  trivial routing: 496 connections remain
  trivial routing: 495 connections remain
  trivial routing: 494 connections remain
  trivial routing: 493 connections remain
  trivial routing: 492 connections remain
  trivial routing: 491 connections remain
  trivial routing: 490 connections remain
  trivial routing: 489 connections remain
  trivial routing: 488 connections remain
  trivial routing: 487 connections remain
  trivial routing: 486 connections remain
  trivial routing: 485 connections remain
  trivial routing: 484 connections remain
  trivial routing: 483 connections remain
  trivial routing: 482 connections remain
  trivial routing: 481 connections remain
  trivial routing: 480 connections remain
  trivial routing: 479 connections remain
  trivial routing: 478 connections remain
  trivial routing: 477 connections remain
  trivial routing: 476 connections remain
  trivial routing: 475 connections remain
  trivial routing: 474 connections remain
  trivial routing: 473 connections remain
  trivial routing: 472 connections remain
  trivial routing: 471 connections remain
  trivial routing: 470 connections remain
  trivial routing: 469 connections remain
  trivial routing: 468 connections remain
  trivial routing: 467 connections remain
  trivial routing: 466 connections remain
  trivial routing: 465 connections remain
  trivial routing: 464 connections remain
  trivial routing: 463 connections remain
  trivial routing: 462 connections remain
  trivial routing: 461 connections remain
  trivial routing: 460 connections remain
  trivial routing: 459 connections remain
  trivial routing: 458 connections remain
  trivial routing: 457 connections remain
  trivial routing: 456 connections remain
  trivial routing: 455 connections remain
  trivial routing: 454 connections remain
  trivial routing: 453 connections remain
  trivial routing: 452 connections remain
  trivial routing: 451 connections remain
  trivial routing: 450 connections remain
  trivial routing: 449 connections remain
  trivial routing: 448 connections remain
  trivial routing: 447 connections remain
  trivial routing: 446 connections remain
  trivial routing: 445 connections remain
  trivial routing: 444 connections remain
  trivial routing: 443 connections remain
  trivial routing: 442 connections remain
  trivial routing: 441 connections remain
  trivial routing: 440 connections remain
  trivial routing: 439 connections remain
  trivial routing: 438 connections remain
  trivial routing: 437 connections remain
  trivial routing: 436 connections remain
  trivial routing: 435 connections remain
  trivial routing: 434 connections remain
  trivial routing: 433 connections remain
  trivial routing: 432 connections remain
  trivial routing: 431 connections remain
  trivial routing: 430 connections remain
  trivial routing: 429 connections remain
  trivial routing: 428 connections remain
  trivial routing: 427 connections remain
  trivial routing: 426 connections remain
  trivial routing: 425 connections remain
  trivial routing: 424 connections remain
  trivial routing: 423 connections remain
  trivial routing: 422 connections remain
  trivial routing: 421 connections remain
  trivial routing: 420 connections remain
  trivial routing: 419 connections remain
  trivial routing: 418 connections remain
  trivial routing: 417 connections remain
  trivial routing: 416 connections remain
  trivial routing: 415 connections remain
  trivial routing: 414 connections remain
  trivial routing: 413 connections remain
  trivial routing: 412 connections remain
  trivial routing: 411 connections remain
  trivial routing: 410 connections remain
  trivial routing: 409 connections remain
  trivial routing: 408 connections remain
  trivial routing: 407 connections remain
  trivial routing: 406 connections remain
  trivial routing: 405 connections remain
  trivial routing: 404 connections remain
  trivial routing: 403 connections remain
  trivial routing: 402 connections remain
  trivial routing: 401 connections remain
  trivial routing: 400 connections remain
  trivial routing: 399 connections remain
  trivial routing: 398 connections remain
  trivial routing: 397 connections remain
  trivial routing: 396 connections remain
  trivial routing: 395 connections remain
  trivial routing: 394 connections remain
  trivial routing: 393 connections remain
  trivial routing: 392 connections remain
  trivial routing: 391 connections remain
  trivial routing: 390 connections remain
  trivial routing: 389 connections remain
  trivial routing: 388 connections remain
  trivial routing: 387 connections remain
  trivial routing: 386 connections remain
  trivial routing: 385 connections remain
  trivial routing: 384 connections remain
  trivial routing: 383 connections remain
  trivial routing: 382 connections remain
  trivial routing: 381 connections remain
  trivial routing: 380 connections remain
  trivial routing: 379 connections remain
  trivial routing: 378 connections remain
  trivial routing: 377 connections remain
  trivial routing: 376 connections remain
  trivial routing: 375 connections remain
  trivial routing: 374 connections remain
  trivial routing: 373 connections remain
  trivial routing: 372 connections remain
  trivial routing: 371 connections remain
  trivial routing: 370 connections remain
  trivial routing: 369 connections remain
  trivial routing: 368 connections remain
  trivial routing: 367 connections remain
  trivial routing: 366 connections remain
  trivial routing: 365 connections remain
  trivial routing: 364 connections remain
  trivial routing: 363 connections remain
  trivial routing: 362 connections remain
  trivial routing: 361 connections remain
  trivial routing: 360 connections remain
  trivial routing: 359 connections remain
  trivial routing: 358 connections remain
  trivial routing: 357 connections remain
  trivial routing: 356 connections remain
  trivial routing: 355 connections remain
  trivial routing: 354 connections remain
  trivial routing: 353 connections remain
  trivial routing: 352 connections remain
  trivial routing: 351 connections remain
  trivial routing: 350 connections remain
  trivial routing: 349 connections remain
  trivial routing: 348 connections remain
  trivial routing: 347 connections remain
  trivial routing: 346 connections remain
  trivial routing: 345 connections remain
  trivial routing: 344 connections remain
  trivial routing: 343 connections remain
  trivial routing: 342 connections remain
  trivial routing: 341 connections remain
  trivial routing: 340 connections remain
  trivial routing: 339 connections remain
  trivial routing: 338 connections remain
  trivial routing: 337 connections remain
  trivial routing: 336 connections remain
  trivial routing: 335 connections remain
  trivial routing: 334 connections remain
  trivial routing: 333 connections remain
  trivial routing: 332 connections remain
  trivial routing: 331 connections remain
  trivial routing: 330 connections remain
  trivial routing: 329 connections remain
  trivial routing: 328 connections remain
  trivial routing: 327 connections remain
  trivial routing: 326 connections remain
  trivial routing: 325 connections remain
  trivial routing: 324 connections remain
  trivial routing: 323 connections remain
  trivial routing: 322 connections remain
  trivial routing: 321 connections remain
  trivial routing: 320 connections remain
  trivial routing: 319 connections remain
  trivial routing: 318 connections remain
  trivial routing: 317 connections remain
  trivial routing: 316 connections remain
  trivial routing: 315 connections remain
  trivial routing: 314 connections remain
  trivial routing: 313 connections remain
  trivial routing: 312 connections remain
  trivial routing: 311 connections remain
  trivial routing: 310 connections remain
  trivial routing: 309 connections remain
  trivial routing: 308 connections remain
  trivial routing: 307 connections remain
  trivial routing: 306 connections remain
  trivial routing: 305 connections remain
  trivial routing: 304 connections remain
  trivial routing: 303 connections remain
  trivial routing: 302 connections remain
  trivial routing: 301 connections remain
  trivial routing: 300 connections remain
  trivial routing: 299 connections remain
  trivial routing: 298 connections remain
  trivial routing: 297 connections remain
  trivial routing: 296 connections remain
  trivial routing: 295 connections remain
  trivial routing: 294 connections remain
  trivial routing: 293 connections remain
  trivial routing: 292 connections remain
  trivial routing: 291 connections remain
  trivial routing: 290 connections remain
  trivial routing: 289 connections remain
  trivial routing: 288 connections remain
  trivial routing: 287 connections remain
  trivial routing: 286 connections remain
  trivial routing: 285 connections remain
  trivial routing: 284 connections remain
  trivial routing: 283 connections remain
  trivial routing: 282 connections remain
  trivial routing: 281 connections remain
  trivial routing: 280 connections remain
  trivial routing: 279 connections remain
  trivial routing: 278 connections remain
  trivial routing: 277 connections remain
  trivial routing: 276 connections remain
  trivial routing: 275 connections remain
  trivial routing: 274 connections remain
  trivial routing: 273 connections remain
  trivial routing: 272 connections remain
  trivial routing: 271 connections remain
  trivial routing: 270 connections remain
  trivial routing: 269 connections remain
  trivial routing: 268 connections remain
  trivial routing: 267 connections remain
  trivial routing: 266 connections remain
  trivial routing: 265 connections remain
  trivial routing: 264 connections remain
  trivial routing: 263 connections remain
  trivial routing: 262 connections remain
  trivial routing: 261 connections remain
  trivial routing: 260 connections remain
  trivial routing: 259 connections remain
  trivial routing: 258 connections remain
  trivial routing: 257 connections remain
  trivial routing: 256 connections remain
  trivial routing: 255 connections remain
  trivial routing: 254 connections remain
  trivial routing: 253 connections remain
  trivial routing: 252 connections remain
  trivial routing: 251 connections remain
  trivial routing: 250 connections remain
  trivial routing: 249 connections remain
  trivial routing: 248 connections remain
  trivial routing: 247 connections remain
  trivial routing: 246 connections remain
  trivial routing: 245 connections remain
  trivial routing: 244 connections remain
  trivial routing: 243 connections remain
  trivial routing: 242 connections remain
  trivial routing: 241 connections remain
  trivial routing: 240 connections remain
  trivial routing: 239 connections remain
  trivial routing: 238 connections remain
  trivial routing: 237 connections remain
  trivial routing: 236 connections remain
  trivial routing: 235 connections remain
  trivial routing: 234 connections remain
  trivial routing: 233 connections remain
  trivial routing: 232 connections remain
  trivial routing: 231 connections remain
  trivial routing: 230 connections remain
  trivial routing: 229 connections remain
  trivial routing: 228 connections remain
  trivial routing: 227 connections remain
  trivial routing: 226 connections remain
  trivial routing: 225 connections remain
  trivial routing: 224 connections remain
  trivial routing: 223 connections remain
  trivial routing: 222 connections remain
  trivial routing: 221 connections remain
  trivial routing: 220 connections remain
  trivial routing: 219 connections remain
  trivial routing: 218 connections remain
  trivial routing: 217 connections remain
  trivial routing: 216 connections remain
  trivial routing: 215 connections remain
  trivial routing: 214 connections remain
  trivial routing: 213 connections remain
  trivial routing: 212 connections remain
  trivial routing: 211 connections remain
  trivial routing: 210 connections remain
  trivial routing: 209 connections remain
  trivial routing: 208 connections remain
  trivial routing: 207 connections remain
  trivial routing: 206 connections remain
  trivial routing: 205 connections remain
  trivial routing: 204 connections remain
  trivial routing: 203 connections remain
  trivial routing: 202 connections remain
  trivial routing: 201 connections remain
  trivial routing: 200 connections remain
  trivial routing: 199 connections remain
  trivial routing: 198 connections remain
  trivial routing: 197 connections remain
  trivial routing: 196 connections remain
  trivial routing: 195 connections remain
  trivial routing: 194 connections remain
  trivial routing: 193 connections remain
  trivial routing: 192 connections remain
  trivial routing: 191 connections remain
  trivial routing: 190 connections remain
  trivial routing: 189 connections remain
  trivial routing: 188 connections remain
  trivial routing: 187 connections remain
  trivial routing: 186 connections remain
  trivial routing: 185 connections remain
  trivial routing: 184 connections remain
  trivial routing: 183 connections remain
  trivial routing: 182 connections remain
  trivial routing: 181 connections remain
  trivial routing: 180 connections remain
  trivial routing: 179 connections remain
  trivial routing: 178 connections remain
  trivial routing: 177 connections remain
  trivial routing: 176 connections remain
  trivial routing: 175 connections remain
  trivial routing: 174 connections remain
  trivial routing: 173 connections remain
  trivial routing: 172 connections remain
  trivial routing: 171 connections remain
  trivial routing: 170 connections remain
  trivial routing: 169 connections remain
  trivial routing: 168 connections remain
  trivial routing: 167 connections remain
  trivial routing: 166 connections remain
  trivial routing: 165 connections remain
  trivial routing: 164 connections remain
  trivial routing: 163 connections remain
  trivial routing: 162 connections remain
  trivial routing: 161 connections remain
  trivial routing: 160 connections remain
  trivial routing: 159 connections remain
  trivial routing: 158 connections remain
  trivial routing: 157 connections remain
  trivial routing: 156 connections remain
  trivial routing: 155 connections remain
  trivial routing: 154 connections remain
  trivial routing: 153 connections remain
  trivial routing: 152 connections remain
  trivial routing: 151 connections remain
  trivial routing: 150 connections remain
  trivial routing: 149 connections remain
  trivial routing: 148 connections remain
  trivial routing: 147 connections remain
  trivial routing: 146 connections remain
  trivial routing: 145 connections remain
  trivial routing: 144 connections remain
  trivial routing: 143 connections remain
  trivial routing: 142 connections remain
  trivial routing: 141 connections remain
  trivial routing: 140 connections remain
  trivial routing: 139 connections remain
  trivial routing: 138 connections remain
  trivial routing: 137 connections remain
  trivial routing: 136 connections remain
  trivial routing: 135 connections remain
  trivial routing: 134 connections remain
  trivial routing: 133 connections remain
  trivial routing: 132 connections remain
  trivial routing: 131 connections remain
  trivial routing: 130 connections remain
  trivial routing: 129 connections remain
  trivial routing: 128 connections remain
  trivial routing: 127 connections remain
  trivial routing: 126 connections remain
  trivial routing: 125 connections remain
  trivial routing: 124 connections remain
  trivial routing: 123 connections remain
  trivial routing: 122 connections remain
  trivial routing: 121 connections remain
  trivial routing: 120 connections remain
  trivial routing: 119 connections remain
  trivial routing: 118 connections remain
  trivial routing: 117 connections remain
  trivial routing: 116 connections remain
  trivial routing: 115 connections remain
  trivial routing: 114 connections remain
  trivial routing: 113 connections remain
  trivial routing: 112 connections remain
  trivial routing: 111 connections remain
  trivial routing: 110 connections remain
  trivial routing: 109 connections remain
  trivial routing: 108 connections remain
  trivial routing: 107 connections remain
  trivial routing: 106 connections remain
  trivial routing: 105 connections remain
  trivial routing: 104 connections remain
  trivial routing: 103 connections remain
  trivial routing: 102 connections remain
  trivial routing: 101 connections remain
  trivial routing: 100 connections remain
  trivial routing: 99 connections remain
  trivial routing: 98 connections remain
  trivial routing: 97 connections remain
  trivial routing: 96 connections remain
  trivial routing: 95 connections remain
  trivial routing: 94 connections remain
  trivial routing: 93 connections remain
  trivial routing: 92 connections remain
  trivial routing: 91 connections remain
  trivial routing: 90 connections remain
  trivial routing: 89 connections remain
  trivial routing: 88 connections remain
  trivial routing: 87 connections remain
  trivial routing: 86 connections remain
  trivial routing: 85 connections remain
  trivial routing: 84 connections remain
  trivial routing: 83 connections remain
  trivial routing: 82 connections remain
  trivial routing: 81 connections remain
  trivial routing: 80 connections remain
  trivial routing: 79 connections remain
  trivial routing: 78 connections remain
  trivial routing: 77 connections remain
  trivial routing: 76 connections remain
  trivial routing: 75 connections remain
  trivial routing: 74 connections remain
  trivial routing: 73 connections remain
  trivial routing: 72 connections remain
  trivial routing: 71 connections remain
  trivial routing: 70 connections remain
  trivial routing: 69 connections remain
  trivial routing: 68 connections remain
  trivial routing: 67 connections remain
  trivial routing: 66 connections remain
  trivial routing: 65 connections remain
  trivial routing: 64 connections remain
  trivial routing: 63 connections remain
  trivial routing: 62 connections remain
  trivial routing: 61 connections remain
  trivial routing: 60 connections remain
  trivial routing: 59 connections remain
  trivial routing: 58 connections remain
  trivial routing: 57 connections remain
  trivial routing: 56 connections remain
  trivial routing: 55 connections remain
  trivial routing: 54 connections remain
  trivial routing: 53 connections remain
  trivial routing: 52 connections remain
  trivial routing: 51 connections remain
  trivial routing: 50 connections remain
  trivial routing: 49 connections remain
  trivial routing: 48 connections remain
  trivial routing: 47 connections remain
  trivial routing: 46 connections remain
  trivial routing: 45 connections remain
  trivial routing: 44 connections remain
  trivial routing: 43 connections remain
  trivial routing: 42 connections remain
  trivial routing: 41 connections remain
  trivial routing: 40 connections remain
  trivial routing: 39 connections remain
  trivial routing: 38 connections remain
  trivial routing: 37 connections remain
  trivial routing: 36 connections remain
  trivial routing: 35 connections remain
  trivial routing: 34 connections remain
  trivial routing: 33 connections remain
  trivial routing: 32 connections remain
  trivial routing: 31 connections remain
  trivial routing: 30 connections remain
  trivial routing: 29 connections remain
  trivial routing: 28 connections remain
  trivial routing: 27 connections remain
  trivial routing: 26 connections remain
  trivial routing: 25 connections remain
  trivial routing: 24 connections remain
  trivial routing: 23 connections remain
  trivial routing: 22 connections remain
  trivial routing: 21 connections remain
  trivial routing: 20 connections remain
  trivial routing: 19 connections remain
  trivial routing: 18 connections remain
  trivial routing: 17 connections remain
  trivial routing: 16 connections remain
  trivial routing: 15 connections remain
  trivial routing: 14 connections remain
  trivial routing: 13 connections remain
  trivial routing: 12 connections remain
  trivial routing: 11 connections remain
  trivial routing: 10 connections remain
  trivial routing: 9 connections remain
  trivial routing: 8 connections remain
  trivial routing: 7 connections remain
  trivial routing: 6 connections remain
  trivial routing: 5 connections remain
  trivial routing: 4 connections remain
  trivial routing: 3 connections remain
  trivial routing: 2 connections remain
  trivial routing: 1 connection remains
  trivial routing: 0 connection remains
Total CPU time for maze routing 0 seconds
  Number of Core ports routed: 1188
  Number of Followpin connections: 594
End power routing: cpu: 0:00:00, real: 0:00:00, peak: 2621.00 megs.

Total Ports:  160 pad ports
  trivial routing: 159 connections remain
  trivial routing: 158 connections remain
  trivial routing: 157 connections remain
  trivial routing: 156 connections remain
  trivial routing: 155 connections remain
  trivial routing: 154 connections remain
  trivial routing: 153 connections remain
  trivial routing: 152 connections remain
  trivial routing: 151 connections remain
  trivial routing: 150 connections remain
  trivial routing: 149 connections remain
  trivial routing: 148 connections remain
  trivial routing: 147 connections remain
  trivial routing: 146 connections remain
  trivial routing: 145 connections remain
  trivial routing: 144 connections remain
  trivial routing: 143 connections remain
  trivial routing: 142 connections remain
  trivial routing: 141 connections remain
  trivial routing: 140 connections remain
  trivial routing: 139 connections remain
  trivial routing: 138 connections remain
  trivial routing: 137 connections remain
  trivial routing: 136 connections remain
  trivial routing: 135 connections remain
  trivial routing: 134 connections remain
  trivial routing: 133 connections remain
  trivial routing: 132 connections remain
  trivial routing: 131 connections remain
  trivial routing: 130 connections remain
  trivial routing: 129 connections remain
  trivial routing: 128 connections remain
  trivial routing: 127 connections remain
  trivial routing: 126 connections remain
  trivial routing: 125 connections remain
  trivial routing: 124 connections remain
  trivial routing: 123 connections remain
  trivial routing: 122 connections remain
  trivial routing: 121 connections remain
  trivial routing: 120 connections remain
  trivial routing: 119 connections remain
  trivial routing: 118 connections remain
  trivial routing: 117 connections remain
  trivial routing: 116 connections remain
  trivial routing: 115 connections remain
  trivial routing: 114 connections remain
  trivial routing: 113 connections remain
  trivial routing: 112 connections remain
  trivial routing: 111 connections remain
  trivial routing: 110 connections remain
  trivial routing: 109 connections remain
  trivial routing: 108 connections remain
  trivial routing: 107 connections remain
  trivial routing: 106 connections remain
  trivial routing: 105 connections remain
  trivial routing: 104 connections remain
  trivial routing: 103 connections remain
  trivial routing: 102 connections remain
  trivial routing: 101 connections remain
  trivial routing: 100 connections remain
  trivial routing: 99 connections remain
  trivial routing: 98 connections remain
  trivial routing: 97 connections remain
  trivial routing: 96 connections remain
  trivial routing: 95 connections remain
  trivial routing: 94 connections remain
  trivial routing: 93 connections remain
  trivial routing: 92 connections remain
  trivial routing: 91 connections remain
  trivial routing: 90 connections remain
  trivial routing: 89 connections remain
  trivial routing: 88 connections remain
  trivial routing: 87 connections remain
  trivial routing: 86 connections remain
  trivial routing: 85 connections remain
  trivial routing: 84 connections remain
  trivial routing: 83 connections remain
  trivial routing: 82 connections remain
  trivial routing: 81 connections remain
  trivial routing: 80 connections remain
  trivial routing: 79 connections remain
  trivial routing: 78 connections remain
  trivial routing: 77 connections remain
  trivial routing: 76 connections remain
  trivial routing: 75 connections remain
  trivial routing: 74 connections remain
  trivial routing: 73 connections remain
  trivial routing: 72 connections remain
  trivial routing: 71 connections remain
  trivial routing: 70 connections remain
  trivial routing: 69 connections remain
  trivial routing: 68 connections remain
  trivial routing: 67 connections remain
  trivial routing: 66 connections remain
  trivial routing: 65 connections remain
  trivial routing: 64 connections remain
  trivial routing: 63 connections remain
  trivial routing: 62 connections remain
  trivial routing: 61 connections remain
  trivial routing: 60 connections remain
  trivial routing: 59 connections remain
  trivial routing: 58 connections remain
  trivial routing: 57 connections remain
  trivial routing: 56 connections remain
  phase1 maze route: 55 connections remain open.
  phase1 maze route: 54 connections remain open.
  phase1 maze route: 53 connections remain open.
  phase1 maze route: 52 connections remain open.
  phase1 maze route: 51 connections remain open.
  phase1 maze route: 50 connections remain open.
  phase1 maze route: 49 connections remain open.
  phase1 maze route: 48 connections remain open.
  phase1 maze route: 47 connections remain open.
  phase1 maze route: 46 connections remain open.
  phase1 maze route: 45 connections remain open.
  phase1 maze route: 44 connections remain open.
  phase1 maze route: 43 connections remain open.
  phase1 maze route: 42 connections remain open.
  phase1 maze route: 41 connections remain open.
  phase1 maze route: 40 connections remain open.
  phase1 maze route: 39 connections remain open.
  phase1 maze route: 38 connections remain open.
  phase1 maze route: 37 connections remain open.
  phase1 maze route: 36 connections remain open.
  phase1 maze route: 35 connections remain open.
  phase1 maze route: 34 connections remain open.
  phase1 maze route: 33 connections remain open.
  phase1 maze route: 32 connections remain open.
  phase1 maze route: 31 connections remain open.
  phase1 maze route: 30 connections remain open.
  phase1 maze route: 29 connections remain open.
  phase1 maze route: 28 connections remain open.
  phase1 maze route: 27 connections remain open.
  phase1 maze route: 26 connections remain open.
  phase1 maze route: 25 connections remain open.
  phase1 maze route: 24 connections remain open.
  phase1 maze route: 23 connections remain open.
  phase1 maze route: 22 connections remain open.
  phase1 maze route: 21 connections remain open.
  phase1 maze route: 20 connections remain open.
  phase1 maze route: 19 connections remain open.
  phase1 maze route: 18 connections remain open.
  phase1 maze route: 17 connections remain open.
  phase1 maze route: 16 connections remain open.
  phase1 maze route: 15 connections remain open.
  phase1 maze route: 14 connections remain open.
  phase1 maze route: 13 connections remain open.
  phase1 maze route: 12 connections remain open.
  phase1 maze route: 11 connections remain open.
  phase1 maze route: 10 connections remain open.
  phase1 maze route: 9 connections remain open.
  phase1 maze route: 8 connections remain open.
  phase1 maze route: 7 connections remain open.
  phase1 maze route: 6 connections remain open.
  phase1 maze route: 5 connections remain open.
  phase1 maze route: 4 connections remain open.
  phase1 maze route: 3 connections remain open.
  phase1 maze route: 2 connections remain open.
  phase1 maze route: 1 connection remains open.
  phase1 maze route: 0 connection remains open.
Total CPU time for maze routing 10 seconds
  Number of IO ports routed: 160
End power routing: cpu: 0:00:10, real: 0:00:11, peak: 3628.00 megs.

