M1		NET		1		0
M1		SPNET		2		0
M1		PIN		3		0
M1		LEFPIN		4		0
M1		FILL		5		0
M1		FILLOPC		6		0
M1		VIA		7		0
M1		VIAFILL		8		0
M1		VIAFILLOPC		9		0
M1		LEFOBS		10		0
NAME		M1/NET		11		0
NAME		M1/SPNET		12		0
NAME		M1/PIN		13		0
NAME		M1/LEFPIN		14		0
VIA1		PIN		15		0
VIA1		LEFPIN		16		0
VIA1		FILL		17		0
VIA1		FILLOPC		18		0
VIA1		VIA		19		0
VIA1		VIAFILL		20		0
VIA1		VIAFILLOPC		21		0
M2		NET		22		0
M2		SPNET		23		0
M2		PIN		24		0
M2		LEFPIN		25		0
M2		FILL		26		0
M2		FILLOPC		27		0
M2		VIA		28		0
M2		VIAFILL		29		0
M2		VIAFILLOPC		30		0
M2		LEFOBS		31		0
NAME		M2/NET		32		0
NAME		M2/SPNET		33		0
NAME		M2/PIN		34		0
NAME		M2/LEFPIN		35		0
VIA2		PIN		36		0
VIA2		LEFPIN		37		0
VIA2		FILL		38		0
VIA2		FILLOPC		39		0
VIA2		VIA		40		0
VIA2		VIAFILL		41		0
VIA2		VIAFILLOPC		42		0
M3		NET		43		0
M3		SPNET		44		0
M3		PIN		45		0
M3		LEFPIN		46		0
M3		FILL		47		0
M3		FILLOPC		48		0
M3		VIA		49		0
M3		VIAFILL		50		0
M3		VIAFILLOPC		51		0
M3		LEFOBS		52		0
NAME		M3/NET		53		0
NAME		M3/SPNET		54		0
NAME		M3/PIN		55		0
NAME		M3/LEFPIN		56		0
VIA3		PIN		57		0
VIA3		LEFPIN		58		0
VIA3		FILL		59		0
VIA3		FILLOPC		60		0
VIA3		VIA		61		0
VIA3		VIAFILL		62		0
VIA3		VIAFILLOPC		63		0
M4		NET		64		0
M4		SPNET		65		0
M4		PIN		66		0
M4		LEFPIN		67		0
M4		FILL		68		0
M4		FILLOPC		69		0
M4		VIA		70		0
M4		VIAFILL		71		0
M4		VIAFILLOPC		72		0
M4		LEFOBS		73		0
NAME		M4/NET		74		0
NAME		M4/SPNET		75		0
NAME		M4/PIN		76		0
NAME		M4/LEFPIN		77		0
VIA4		PIN		78		0
VIA4		LEFPIN		79		0
VIA4		FILL		80		0
VIA4		FILLOPC		81		0
VIA4		VIA		82		0
VIA4		VIAFILL		83		0
VIA4		VIAFILLOPC		84		0
M5		NET		85		0
M5		SPNET		86		0
M5		PIN		87		0
M5		LEFPIN		88		0
M5		FILL		89		0
M5		FILLOPC		90		0
M5		VIA		91		0
M5		VIAFILL		92		0
M5		VIAFILLOPC		93		0
M5		LEFOBS		94		0
NAME		M5/NET		95		0
NAME		M5/SPNET		96		0
NAME		M5/PIN		97		0
NAME		M5/LEFPIN		98		0
VIA5		PIN		99		0
VIA5		LEFPIN		100		0
VIA5		FILL		101		0
VIA5		FILLOPC		102		0
VIA5		VIA		103		0
VIA5		VIAFILL		104		0
VIA5		VIAFILLOPC		105		0
M6		NET		106		0
M6		SPNET		107		0
M6		PIN		108		0
M6		LEFPIN		109		0
M6		FILL		110		0
M6		FILLOPC		111		0
M6		VIA		112		0
M6		VIAFILL		113		0
M6		VIAFILLOPC		114		0
M6		LEFOBS		115		0
NAME		M6/NET		116		0
NAME		M6/SPNET		117		0
NAME		M6/PIN		118		0
NAME		M6/LEFPIN		119		0
VIA6		PIN		120		0
VIA6		LEFPIN		121		0
VIA6		FILL		122		0
VIA6		FILLOPC		123		0
VIA6		VIA		124		0
VIA6		VIAFILL		125		0
VIA6		VIAFILLOPC		126		0
M7		NET		127		0
M7		SPNET		128		0
M7		PIN		129		0
M7		LEFPIN		130		0
M7		FILL		131		0
M7		FILLOPC		132		0
M7		VIA		133		0
M7		VIAFILL		134		0
M7		VIAFILLOPC		135		0
M7		LEFOBS		136		0
NAME		M7/NET		137		0
NAME		M7/SPNET		138		0
NAME		M7/PIN		139		0
NAME		M7/LEFPIN		140		0
VIA7		PIN		141		0
VIA7		LEFPIN		142		0
VIA7		FILL		143		0
VIA7		FILLOPC		144		0
VIA7		VIA		145		0
VIA7		VIAFILL		146		0
VIA7		VIAFILLOPC		147		0
M8		NET		148		0
M8		SPNET		149		0
M8		PIN		150		0
M8		LEFPIN		151		0
M8		FILL		152		0
M8		FILLOPC		153		0
M8		VIA		154		0
M8		VIAFILL		155		0
M8		VIAFILLOPC		156		0
M8		LEFOBS		157		0
NAME		M8/NET		158		0
NAME		M8/SPNET		159		0
NAME		M8/PIN		160		0
NAME		M8/LEFPIN		161		0
VIA8		PIN		162		0
VIA8		LEFPIN		163		0
VIA8		FILL		164		0
VIA8		FILLOPC		165		0
VIA8		VIA		166		0
VIA8		VIAFILL		167		0
VIA8		VIAFILLOPC		168		0
M9		NET		169		0
M9		SPNET		170		0
M9		PIN		171		0
M9		LEFPIN		172		0
M9		FILL		173		0
M9		FILLOPC		174		0
M9		VIA		175		0
M9		VIAFILL		176		0
M9		VIAFILLOPC		177		0
M9		LEFOBS		178		0
NAME		M9/NET		179		0
NAME		M9/SPNET		180		0
NAME		M9/PIN		181		0
NAME		M9/LEFPIN		182		0
RV		PIN		183		0
RV		LEFPIN		184		0
RV		FILL		185		0
RV		FILLOPC		186		0
RV		VIA		187		0
RV		VIAFILL		188		0
RV		VIAFILLOPC		189		0
AP		NET		190		0
AP		SPNET		191		0
AP		PIN		192		0
AP		LEFPIN		193		0
AP		FILL		194		0
AP		FILLOPC		195		0
AP		VIA		196		0
AP		VIAFILL		197		0
AP		VIAFILLOPC		198		0
AP		LEFOBS		199		0
NAME		AP/NET		200		0
NAME		AP/SPNET		201		0
NAME		AP/PIN		202		0
NAME		AP/LEFPIN		203		0
NAME		COMP		204		0
COMP		ALL		205		0
DIEAREA		ALL		206		0
